saved /Users/sameeprehlan/Documents/Projects/visuals/livewall/shots/pets-shared/rooftop/night-f00.png
result: {"errors":[],"report":{"time":0.033333333333333326,"phase":0,"bad":[],"screen":[[163.51642156901528,610.3606967516822,339.6545485299077,742.9356643356643]],"pets":[{"id":"corgi","x":721.8495104895105,"y":948,"k":1.155944055944056,"state":"move","frame":"walk-1","path":[[720,948],[900,948]]}],"errors":[]}}
saved /Users/sameeprehlan/Documents/Projects/visuals/livewall/shots/pets-shared/rooftop/night-f01.png
result: {"errors":[],"report":{"time":0.43333333333333335,"phase":0,"bad":[],"screen":[[184.22373564765655,609.4841825859396,346.7758930395389,742.9356643356643]],"pets":[{"id":"corgi","x":744.0436363636368,"y":948,"k":1.155944055944056,"state":"move","frame":"walk-3","path":[[720,948],[900,948]]}],"errors":[]}}
saved /Users/sameeprehlan/Documents/Projects/visuals/livewall/shots/pets-shared/rooftop/night-f02.png
result: {"errors":[],"report":{"time":1.0333333333333332,"phase":0,"bad":[],"screen":[[208.03184986929205,609.4841825859396,370.14575017830305,742.9356643356643]],"pets":[{"id":"corgi","x":777.3348251748262,"y":948,"k":1.155944055944056,"state":"move","frame":"walk-6","path":[[720,948],[900,948]]}],"errors":[]}}
saved /Users/sameeprehlan/Documents/Projects/visuals/livewall/shots/pets-shared/rooftop/night-f03.png
result: {"errors":[],"report":{"time":2.0333333333333323,"phase":0,"bad":[],"screen":[[251.6383929903152,609.4841825859396,414.19055038219744,742.9356643356643]],"pets":[{"id":"corgi","x":832.8201398601418,"y":948,"k":1.155944055944056,"state":"move","frame":"walk-3","path":[[720,948],[900,948]]}],"errors":[]}}
saved /Users/sameeprehlan/Documents/Projects/visuals/livewall/shots/pets-shared/rooftop/night-f04.png
result: {"errors":[],"report":{"time":4.3333333333333375,"phase":1,"bad":[],"screen":[[171.86854688953747,511.9162696576401,366.1854144297487,667.5972616016406]],"pets":[{"id":"corgi","x":746.1769033253373,"y":850.8972968289354,"k":1.0540880735967852,"state":"move","frame":"walk-f-3","path":[[730,842],[850,908]]}],"errors":[]}}
saved /Users/sameeprehlan/Documents/Projects/visuals/livewall/shots/pets-shared/rooftop/night-f05.png
result: {"errors":[],"report":{"time":4.833333333333333,"phase":1,"bad":[],"screen":[[187.21472745689226,519.8154930842254,383.17041533014856,676.8469204828432]],"pets":[{"id":"corgi","x":768.4694547554616,"y":863.1582001155037,"k":1.0669491609603186,"state":"move","frame":"walk-f-7","path":[[730,842],[850,908]]}],"errors":[]}}
saved /Users/sameeprehlan/Documents/Projects/visuals/livewall/shots/pets-shared/rooftop/night-f06.png
result: {"errors":[],"report":{"time":5.533333333333327,"phase":1,"bad":[],"screen":[[211.65356610992217,531.9779636278907,409.24409813330647,690.9277267486523]],"pets":[{"id":"corgi","x":800.1367200067701,"y":880.5751960037234,"k":1.0852187370668427,"state":"move","frame":"walk-f-5","path":[[730,842],[850,908]]}],"errors":[]}}
saved /Users/sameeprehlan/Documents/Projects/visuals/livewall/shots/pets-shared/rooftop/night-f07.png
result: {"errors":[],"report":{"time":7.333333333333311,"phase":2,"bad":[],"screen":[[294.3065683355112,532.211956151269,471.0977949994592,688.0259503115418]],"pets":[{"id":"corgi","x":895.1797961722123,"y":873.6511121052833,"k":1.077955711998549,"state":"move","frame":"walk-b-3","path":[[880,882],[1000,816]]}],"errors":[]}}
saved /Users/sameeprehlan/Documents/Projects/visuals/livewall/shots/pets-shared/rooftop/night-f08.png
result: {"errors":[],"report":{"time":7.833333333333306,"phase":2,"bad":[],"screen":[[311.2906977198203,524.1568317437983,486.9882338645558,678.63399120937]],"pets":[{"id":"corgi","x":917.720429093677,"y":861.2537639984776,"k":1.0649515006977037,"state":"move","frame":"walk-b-7","path":[[880,882],[1000,816]]}],"errors":[]}}
saved /Users/sameeprehlan/Documents/Projects/visuals/livewall/shots/pets-shared/rooftop/night-f09.png
result: {"errors":[],"report":{"time":8.533333333333312,"phase":2,"bad":[],"screen":[[337.7357054940642,512.1350531671126,512.4138541620939,664.7677999134028]],"pets":[{"id":"corgi","x":948.8194349960526,"y":844.1493107521711,"k":1.0470097665232565,"state":"move","frame":"walk-b-5","path":[[880,882],[1000,816]]}],"errors":[]}}
saved /Users/sameeprehlan/Documents/Projects/visuals/livewall/shots/pets-shared/rooftop/night-f10.png
result: {"errors":[],"report":{"time":10.100000000000007,"phase":3,"bad":[],"screen":[[185.5306813186813,586.511723438035,339.46931868131867,708.1461538461538]],"pets":[{"id":"corgi","x":730,"y":902,"k":1.1076923076923078,"state":"jumpPrep","frame":"jump-1"}],"errors":[]}}
saved /Users/sameeprehlan/Documents/Projects/visuals/livewall/shots/pets-shared/rooftop/night-f11.png
result: {"errors":[],"report":{"time":10.36666666666668,"phase":3,"bad":[],"screen":[[190.49031722419383,564.710527857605,346.55787554689107,701.7796352261571]],"pets":[{"id":"corgi","x":738.0321285140566,"y":902,"k":1.1076923076923078,"state":"jump","frame":"jump-2"}],"errors":[]}}
saved /Users/sameeprehlan/Documents/Projects/visuals/livewall/shots/pets-shared/rooftop/night-f12.png
result: {"errors":[],"report":{"time":10.63333333333335,"phase":3,"bad":[],"screen":[[238.6830883085321,563.2864888961932,394.75064663122913,688.6465309844166]],"pets":[{"id":"corgi","x":802.2891566265075,"y":902,"k":1.1076923076923078,"state":"jump","frame":"jump-4"}],"errors":[]}}
saved /Users/sameeprehlan/Documents/Projects/visuals/livewall/shots/pets-shared/rooftop/night-f13.png
result: {"errors":[],"report":{"time":10.900000000000022,"phase":3,"bad":[],"screen":[[260.53068131868133,586.511723438035,414.46931868131867,708.1461538461538]],"pets":[{"id":"corgi","x":830,"y":902,"k":1.1076923076923078,"state":"land","frame":"jump-5"}],"errors":[]}}
saved /Users/sameeprehlan/Documents/Projects/visuals/livewall/shots/pets-shared/rooftop/night-f14.png
result: {"errors":[],"report":{"time":11.700000000000037,"phase":4,"bad":[],"screen":[[339.6998040116746,489.3829217114931,493.1227054345761,662.7685314685315]],"pets":[{"id":"corgi","x":940,"y":842,"k":1.0447552447552448,"state":"jumpPrep","frame":"jump-f-1"}],"errors":[]}}
saved /Users/sameeprehlan/Documents/Projects/visuals/livewall/shots/pets-shared/rooftop/night-f15.png
result: {"errors":[],"report":{"time":12.033333333333376,"phase":4,"bad":[],"screen":[[374.9843136032762,480.4311646631326,530.5295014221449,657.2039250431069]],"pets":[{"id":"corgi","x":987.7765527379648,"y":868.2771040058807,"k":1.072318640565609,"state":"jump","frame":"jump-f-3"}],"errors":[]}}
saved /Users/sameeprehlan/Documents/Projects/visuals/livewall/shots/pets-shared/rooftop/night-f16.png
result: {"errors":[],"report":{"time":12.300000000000047,"phase":4,"bad":[],"screen":[[410.849456054695,523.8895087537944,571.8957975510365,704.3646853146854]],"pets":[{"id":"corgi","x":1040,"y":897,"k":1.1024475524475523,"state":"land","frame":"jump-f-5"}],"errors":[]}}
saved /Users/sameeprehlan/Documents/Projects/visuals/livewall/shots/pets-shared/rooftop/night-f17.png
result: {"errors":[],"report":{"time":13.200000000000063,"phase":5,"bad":[],"screen":[[296.70757294295004,514.7524961468594,445.49516447459166,693.0202797202797]],"pets":[{"id":"corgi","x":880,"y":882,"k":1.0867132867132867,"state":"jumpPrep","frame":"jump-b-1"}],"errors":[]}}
saved /Users/sameeprehlan/Documents/Projects/visuals/livewall/shots/pets-shared/rooftop/night-f18.png
result: {"errors":[],"report":{"time":13.533333333333402,"phase":5,"bad":[],"screen":[[329.86386323759143,461.49075263451715,476.8868400893582,636.6383478418027]],"pets":[{"id":"corgi","x":924.1014332965827,"y":857.7442116868795,"k":1.0612701521191044,"state":"jump","frame":"jump-b-3"}],"errors":[]}}
saved /Users/sameeprehlan/Documents/Projects/visuals/livewall/shots/pets-shared/rooftop/night-f19.png
result: {"errors":[],"report":{"time":13.800000000000075,"phase":5,"bad":[],"screen":[[373.70097627789664,480.23136942091605,518.6887882869433,651.4241258741259]],"pets":[{"id":"corgi","x":980,"y":827,"k":1.029020979020979,"state":"land","frame":"jump-b-5"}],"errors":[]}}
saved /Users/sameeprehlan/Documents/Projects/visuals/livewall/shots/pets-shared/rooftop/night-f20.png
result: {"errors":[],"report":{"time":14.700000000000092,"phase":6,"bad":[],"screen":[[339.80983806788595,449.5350311840902,467.77848198993024,590.1643356643357]],"pets":[{"id":"orange","x":930,"y":746,"k":0.9440559440559441,"state":"jumpPrep","frame":"jump-b-1"}],"errors":[]}}
saved /Users/sameeprehlan/Documents/Projects/visuals/livewall/shots/pets-shared/rooftop/night-f21.png
result: {"errors":[],"report":{"time":15.033333333333431,"phase":6,"bad":[],"screen":[[341.2705054795887,366.7760189796078,470.0989384095749,501.63562696126604]],"pets":[{"id":"orange","x":930,"y":696.4132231404947,"k":0.8870972920559684,"state":"jump","frame":"jump-b-3"}],"errors":[]}}
saved /Users/sameeprehlan/Documents/Projects/visuals/livewall/shots/pets-shared/rooftop/night-f22.png
result: {"errors":[],"report":{"time":15.300000000000102,"phase":6,"bad":[],"screen":[[345.9926831742855,380.3570944936772,467.7045620949267,508.41999999999996]],"pets":[{"id":"orange","x":930,"y":638,"k":0.82,"state":"land","frame":"jump-b-5"}],"errors":[]}}
saved /Users/sameeprehlan/Documents/Projects/visuals/livewall/shots/pets-shared/rooftop/night-f23.png
result: {"errors":[],"report":{"time":16.20000000000012,"phase":7,"bad":[],"screen":[[345.37456654966905,601.6078888054094,518.3817040402776,718.4317482517482],[168.1943238273202,483.74275067942,312.3444560480407,602.2650349650349]],"pets":[{"id":"orange","x":947.4340699300699,"y":915.6,"k":1.121958041958042,"state":"move","frame":"walk-2","path":[[960,915.6],[700,915.6]]},{"id":"corgi","x":710.7613986013994,"y":762,"k":0.9608391608391609,"state":"move","frame":"walk-2","path":[[700,762],[960,762]]}],"errors":[]}}
saved /Users/sameeprehlan/Documents/Projects/visuals/livewall/shots/pets-shared/rooftop/night-f24.png
result: {"errors":[],"report":{"time":18.10000000000005,"phase":7,"bad":[],"screen":[[272.1752636283095,602.9639744552968,444.7303725689556,718.4317482517482],[232.1422576943104,483.74275067942,377.38524877504017,602.2650349650349]],"pets":[{"id":"orange","x":845.1114965034994,"y":915.6,"k":1.121958041958042,"state":"move","frame":"walk-5","path":[[960,915.6],[700,915.6]]},{"id":"corgi","x":798.3899300699304,"y":762,"k":0.9608391608391609,"state":"move","frame":"walk-3","path":[[700,762],[960,762]]}],"errors":[]}}
saved /Users/sameeprehlan/Documents/Projects/visuals/livewall/shots/pets-shared/rooftop/night-f25.png
result: {"errors":[],"report":{"time":21.09999999999994,"phase":7,"bad":[],"screen":[[160.8785095041323,601.3366716754321,331.26388140495874,718.4317482517482],[336.3027434077451,483.74275067942,480.45287562846545,602.2650349650349]],"pets":[{"id":"orange","x":700,"y":915.6,"k":1.121958041958042,"state":"stand","frame":"walk1"},{"id":"corgi","x":936.7507692307688,"y":762,"k":0.9608391608391609,"state":"move","frame":"walk-2","path":[[700,762],[960,762]]}],"errors":[]}}
saved /Users/sameeprehlan/Documents/Projects/visuals/livewall/shots/pets-shared/rooftop/night-f26.png
result: {"errors":[],"report":{"time":25.099999999999795,"phase":7,"bad":[],"screen":[[160.8785095041323,601.3366716754321,331.26388140495874,718.4317482517482],[358.3773386613386,482.6725417439704,502.3821338661339,602.2650349650349]],"pets":[{"id":"orange","x":700,"y":915.6,"k":1.121958041958042,"state":"stand","frame":"walk1"},{"id":"corgi","x":960,"y":762,"k":0.9608391608391609,"state":"stand","frame":"walk1"}],"errors":[]}}
saved /Users/sameeprehlan/Documents/Projects/visuals/livewall/shots/pets-shared/rooftop/night-f27.png
result: {"errors":[],"report":{"time":28.599999999999667,"phase":8,"bad":[],"screen":[[467.09237851239664,431.2796490295934,570.9076214876031,508.41999999999996],[293.66842700156985,604.6873693231028,399.33157299843015,730.8349650349651]],"pets":[{"id":"orange","x":1072,"y":638,"k":0.82,"state":"sleep","frame":"sleep"},{"id":"corgi","x":842,"y":932,"k":1.1391608391608392,"state":"sit","frame":"sit"}],"errors":[]}}
saved /Users/sameeprehlan/Documents/Projects/visuals/livewall/shots/pets-shared/rooftop/night-f28.png
result: {"errors":[],"report":{"time":30.099999999999614,"phase":8,"bad":[],"screen":[[467.09237851239664,430.6509698188099,570.9076214876031,508.41999999999996],[293.66842700156985,604.05565649812,399.33157299843015,730.8349650349651]],"pets":[{"id":"orange","x":1072,"y":638,"k":0.82,"state":"sleep","frame":"sleep"},{"id":"corgi","x":842,"y":932,"k":1.1391608391608392,"state":"sit","frame":"sit"}],"errors":[]}}
