saved /Users/sameeprehlan/Documents/Projects/visuals/livewall/shots/pets-shared/cabin/night-f00.png
result: {"errors":[],"report":{"time":0.033333333333333326,"phase":0,"bad":[],"screen":[[788.3463789358018,551.5295282262077,983.5499792712726,703.356952238138]],"pets":[{"id":"golden","x":1192.2129291989872,"y":893.4112903225806,"k":1.3830807493670887,"state":"move","frame":"walk-1","path":[[1190,893.4112903225806],[1370,893.4112903225806]]}],"errors":[]}}
saved /Users/sameeprehlan/Documents/Projects/visuals/livewall/shots/pets-shared/cabin/night-f01.png
result: {"errors":[],"report":{"time":0.43333333333333335,"phase":0,"bad":[],"screen":[[809.9966058217434,550.4347622315886,1000.8211421787374,703.356952238138]],"pets":[{"id":"golden","x":1218.7680795868341,"y":893.4112903225806,"k":1.3830807493670887,"state":"move","frame":"walk-3","path":[[1190,893.4112903225806],[1370,893.4112903225806]]}],"errors":[]}}
saved /Users/sameeprehlan/Documents/Projects/visuals/livewall/shots/pets-shared/cabin/night-f02.png
result: {"errors":[],"report":{"time":1.0333333333333332,"phase":0,"bad":[],"screen":[[839.8738023409637,552.624294220827,1032.887870687196,703.356952238138]],"pets":[{"id":"golden","x":1258.6008051686044,"y":893.4112903225806,"k":1.3830807493670887,"state":"move","frame":"walk-6","path":[[1190,893.4112903225806],[1370,893.4112903225806]]}],"errors":[]}}
saved /Users/sameeprehlan/Documents/Projects/visuals/livewall/shots/pets-shared/cabin/night-f03.png
result: {"errors":[],"report":{"time":2.0333333333333323,"phase":0,"bad":[],"screen":[[890.6578751248283,550.4347622315886,1081.4824114818225,703.356952238138]],"pets":[{"id":"golden","x":1324.9886811382216,"y":893.4112903225806,"k":1.3830807493670887,"state":"move","frame":"walk-3","path":[[1190,893.4112903225806],[1370,893.4112903225806]]}],"errors":[]}}
saved /Users/sameeprehlan/Documents/Projects/visuals/livewall/shots/pets-shared/cabin/night-f04.png
result: {"errors":[],"report":{"time":4.3333333333333375,"phase":1,"bad":[],"screen":[[177.96252671943526,507.04540808965476,399.57245075951744,694.1444265521246]],"pets":[{"id":"golden","x":400.42502023468626,"y":884.6450514516582,"k":1.348648560978811,"state":"move","frame":"walk-f-3","path":[[380,873.4112903225806],[500,939.4112903225806]]}],"errors":[]}}
saved /Users/sameeprehlan/Documents/Projects/visuals/livewall/shots/pets-shared/cabin/night-f05.png
result: {"errors":[],"report":{"time":4.833333333333333,"phase":1,"bad":[],"screen":[[194.265235619982,512.6641646327537,422.4429695062577,706.3573178708314]],"pets":[{"id":"golden","x":429.3952219945806,"y":900.5786624196,"k":1.4112328805064822,"state":"move","frame":"walk-f-7","path":[[380,873.4112903225806],[500,939.4112903225806]]}],"errors":[]}}
saved /Users/sameeprehlan/Documents/Projects/visuals/livewall/shots/pets-shared/cabin/night-f06.png
result: {"errors":[],"report":{"time":5.533333333333326,"phase":1,"bad":[],"screen":[[221.64188082222972,522.27560029444,466.3066658629161,725.7177849312034]],"pets":[{"id":"golden","x":472.22592172917064,"y":924.1355472736244,"k":1.5037600302999015,"state":"move","frame":"walk-f-5","path":[[380,873.4112903225806],[500,939.4112903225806]]}],"errors":[]}}
saved /Users/sameeprehlan/Documents/Projects/visuals/livewall/shots/pets-shared/cabin/night-f07.png
result: {"errors":[],"report":{"time":7.33333333333331,"phase":2,"bad":[],"screen":[[217.88353442185465,527.3325647526166,455.73987750524714,727.0664879262315]],"pets":[{"id":"golden","x":461.3007541081933,"y":921.6958755630742,"k":1.4941774445205138,"state":"move","frame":"walk-b-3","path":[[440,933.4112903225806],[560,867.4112903225806]]}],"errors":[]}}
saved /Users/sameeprehlan/Documents/Projects/visuals/livewall/shots/pets-shared/cabin/night-f08.png
result: {"errors":[],"report":{"time":7.8333333333333055,"phase":2,"bad":[],"screen":[[245.2909086593819,521.0447180339498,474.7984210985706,713.8962706651301]],"pets":[{"id":"golden","x":492.06460343166884,"y":904.7757584351627,"k":1.4277183086153262,"state":"move","frame":"walk-b-7","path":[[440,933.4112903225806],[560,867.4112903225806]]}],"errors":[]}}
saved /Users/sameeprehlan/Documents/Projects/visuals/livewall/shots/pets-shared/cabin/night-f09.png
result: {"errors":[],"report":{"time":8.533333333333312,"phase":2,"bad":[],"screen":[[283.515806498409,511.54846385409803,501.33204834093584,695.2778219307432]],"pets":[{"id":"golden","x":532.8403531598834,"y":882.3490960846445,"k":1.3396304668004382,"state":"move","frame":"walk-b-5","path":[[440,933.4112903225806],[560,867.4112903225806]]}],"errors":[]}}
saved /Users/sameeprehlan/Documents/Projects/visuals/livewall/shots/pets-shared/cabin/night-f10.png
result: {"errors":[],"report":{"time":10.100000000000007,"phase":3,"bad":[],"screen":[[822.2381826366392,561.5941918392936,1007.7618173633608,703.356952238138]],"pets":[{"id":"golden","x":1220,"y":893.4112903225806,"k":1.3830807493670887,"state":"jumpPrep","frame":"jump-1"}],"errors":[]}}
saved /Users/sameeprehlan/Documents/Projects/visuals/livewall/shots/pets-shared/cabin/night-f11.png
result: {"errors":[],"report":{"time":10.366666666666678,"phase":3,"bad":[],"screen":[[827.2660596989534,527.3335321689146,1014.7821330721309,696.9904336181415]],"pets":[{"id":"golden","x":1228.0321285140562,"y":893.4112903225806,"k":1.3830807493670887,"state":"jump","frame":"jump-2"}],"errors":[]}}
saved /Users/sameeprehlan/Documents/Projects/visuals/livewall/shots/pets-shared/cabin/night-f12.png
result: {"errors":[],"report":{"time":10.63333333333335,"phase":3,"bad":[],"screen":[[873.8648798661271,526.9520352644915,1064.568855073634,683.8573293764007]],"pets":[{"id":"golden","x":1292.2891566265075,"y":893.4112903225806,"k":1.3830807493670887,"state":"jump","frame":"jump-4"}],"errors":[]}}
saved /Users/sameeprehlan/Documents/Projects/visuals/livewall/shots/pets-shared/cabin/night-f13.png
result: {"errors":[],"report":{"time":10.900000000000022,"phase":3,"bad":[],"screen":[[893.0540614790817,561.5941918392936,1086.9459385209184,703.356952238138]],"pets":[{"id":"golden","x":1320,"y":893.4112903225806,"k":1.3830807493670887,"state":"land","frame":"jump-5"}],"errors":[]}}
saved /Users/sameeprehlan/Documents/Projects/visuals/livewall/shots/pets-shared/cabin/night-f14.png
result: {"errors":[],"report":{"time":11.700000000000037,"phase":4,"bad":[],"screen":[[190.94110416238857,480.8891894532698,367.2140235421084,687.8856141115557]],"pets":[{"id":"golden","x":380,"y":873.4112903225806,"k":1.3045243949367087,"state":"jumpPrep","frame":"jump-f-1"}],"errors":[]}}
saved /Users/sameeprehlan/Documents/Projects/visuals/livewall/shots/pets-shared/cabin/night-f15.png
result: {"errors":[],"report":{"time":12.033333333333376,"phase":4,"bad":[],"screen":[[219.76172474711882,462.75828165603633,401.2916762913428,681.5856651594788]],"pets":[{"id":"golden","x":424.10143329658314,"y":897.6670786357014,"k":1.3997967101223976,"state":"jump","frame":"jump-f-3"}],"errors":[]}}
saved /Users/sameeprehlan/Documents/Projects/visuals/livewall/shots/pets-shared/cabin/night-f16.png
result: {"errors":[],"report":{"time":12.300000000000047,"phase":4,"bad":[],"screen":[[250.6575399426739,496.60867011997937,453.71464140149374,730.4317939596569]],"pets":[{"id":"golden","x":480,"y":928.4112903225806,"k":1.520554369620253,"state":"land","frame":"jump-f-5"}],"errors":[]}}
saved /Users/sameeprehlan/Documents/Projects/visuals/livewall/shots/pets-shared/cabin/night-f17.png
result: {"errors":[],"report":{"time":13.200000000000063,"phase":5,"bad":[],"screen":[[227.2304771045131,498.14223209226793,418.11566483167655,734.2996284913025]],"pets":[{"id":"golden","x":440,"y":933.4112903225806,"k":1.540193458227848,"state":"jumpPrep","frame":"jump-b-1"}],"errors":[]}}
saved /Users/sameeprehlan/Documents/Projects/visuals/livewall/shots/pets-shared/cabin/night-f18.png
result: {"errors":[],"report":{"time":13.533333333333402,"phase":5,"bad":[],"screen":[[270.16519521331446,452.01937730583154,445.66679795081336,675.3669056169385]],"pets":[{"id":"golden","x":487.7765527379648,"y":907.1341863166999,"k":1.4369817834433527,"state":"jump","frame":"jump-b-3"}],"errors":[]}}
saved /Users/sameeprehlan/Documents/Projects/visuals/livewall/shots/pets-shared/cabin/night-f19.png
result: {"errors":[],"report":{"time":13.800000000000074,"phase":5,"bad":[],"screen":[[312.0126882196329,482.4080915266673,485.3521816327753,691.7534486432013]],"pets":[{"id":"golden","x":540,"y":878.4112903225806,"k":1.3241634835443041,"state":"land","frame":"jump-b-5"}],"errors":[]}}
saved /Users/sameeprehlan/Documents/Projects/visuals/livewall/shots/pets-shared/cabin/night-f20.png
result: {"errors":[],"report":{"time":14.70000000000009,"phase":6,"bad":[],"screen":[[163.344954386364,582.8815588994547,352.2162057649601,696.912640832993]],"pets":[{"id":"orange","x":343.70744010088276,"y":885.0806451612904,"k":1.3503594936708863,"state":"jumpPrep","frame":"jump-1"}],"errors":[]}}
saved /Users/sameeprehlan/Documents/Projects/visuals/livewall/shots/pets-shared/cabin/night-f21.png
result: {"errors":[],"report":{"time":15.03333333333343,"phase":6,"bad":[],"screen":[[145.88715290053005,455.37111562523046,356.24182893427735,578.8579496823385]],"pets":[{"id":"orange","x":334.7526545565383,"y":813.903250783747,"k":1.3623186715935667,"state":"jump","frame":"jump-3"}],"errors":[]}}
saved /Users/sameeprehlan/Documents/Projects/visuals/livewall/shots/pets-shared/cabin/night-f22.png
result: {"errors":[],"report":{"time":15.300000000000102,"phase":6,"bad":[],"screen":[[140.7500918152742,407.07061580358163,343.46931893084405,560.1094415285372]],"pets":[{"id":"orange","x":322.81294049741217,"y":719.000058280355,"k":1.378264242157141,"state":"jump","frame":"jump-4"}],"errors":[]}}
saved /Users/sameeprehlan/Documents/Projects/visuals/livewall/shots/pets-shared/cabin/night-f23.png
result: {"errors":[],"report":{"time":16.200000000000117,"phase":7,"bad":[],"screen":[[205.91003570021564,514.7605967389782,367.012233282838,641.4715997318089],[361.1341547158446,608.2450768463187,589.5601805762902,760.2914765439607]],"pets":[{"id":"golden","x":391.97117971443083,"y":813.4112903225806,"k":1.0688553316455696,"state":"move","frame":"walk-2","path":[[380,813.4112903225806],[640,813.4112903225806]]},{"id":"orange","x":621.2717169028863,"y":967.0112903225806,"k":1.6721681336708862,"state":"move","frame":"walk-2","path":[[640,967.0112903225806],[380,967.0112903225806]]}],"errors":[]}}
saved /Users/sameeprehlan/Documents/Projects/visuals/livewall/shots/pets-shared/cabin/night-f24.png
result: {"errors":[],"report":{"time":18.100000000000048,"phase":7,"bad":[],"screen":[[214.7810870257498,513.914553244563,377.152349849995,641.4715997318089],[350.2860304669033,610.2661891566441,578.0383522239072,760.2914765439607]],"pets":[{"id":"golden","x":401.37710663291165,"y":813.4112903225806,"k":1.0688553316455696,"state":"move","frame":"walk-5","path":[[401.37710663291165,813.4112903225806],[640,813.4112903225806]]},{"id":"orange","x":610.5698408473932,"y":967.0112903225806,"k":1.6721681336708862,"state":"move","frame":"walk-5","path":[[610.5698408473932,967.0112903225806],[380,967.0112903225806]]}],"errors":[]}}
saved /Users/sameeprehlan/Documents/Projects/visuals/livewall/shots/pets-shared/cabin/night-f25.png
result: {"errors":[],"report":{"time":21.099999999999937,"phase":7,"bad":[],"screen":[[214.7810870257498,513.914553244563,377.152349849995,641.4715997318089],[350.2860304669033,610.2661891566441,578.0383522239072,760.2914765439607]],"pets":[{"id":"golden","x":401.37710663291165,"y":813.4112903225806,"k":1.0688553316455696,"state":"move","frame":"walk-5","path":[[401.37710663291165,813.4112903225806],[640,813.4112903225806]]},{"id":"orange","x":610.5698408473932,"y":967.0112903225806,"k":1.6721681336708862,"state":"move","frame":"walk-5","path":[[610.5698408473932,967.0112903225806],[380,967.0112903225806]]}],"errors":[]}}
saved /Users/sameeprehlan/Documents/Projects/visuals/livewall/shots/pets-shared/cabin/night-f26.png
result: {"errors":[],"report":{"time":25.099999999999792,"phase":7,"bad":[],"screen":[[214.7810870257498,513.914553244563,377.152349849995,641.4715997318089],[350.2860304669033,610.2661891566441,578.0383522239072,760.2914765439607]],"pets":[{"id":"golden","x":401.37710663291165,"y":813.4112903225806,"k":1.0688553316455696,"state":"move","frame":"walk-5","path":[[401.37710663291165,813.4112903225806],[640,813.4112903225806]]},{"id":"orange","x":610.5698408473932,"y":967.0112903225806,"k":1.6721681336708862,"state":"move","frame":"walk-5","path":[[610.5698408473932,967.0112903225806],[380,967.0112903225806]]}],"errors":[]}}
saved /Users/sameeprehlan/Documents/Projects/visuals/livewall/shots/pets-shared/cabin/night-f27.png
result: {"errors":[],"report":{"time":28.599999999999664,"phase":8,"bad":[],"screen":[[431.7778406922059,604.64286135426,613.4176195852215,720.3068013066558],[187.38296370097865,439.24772172998576,294.88689758527613,564.7820161290322]],"pets":[{"id":"golden","x":696.796973518285,"y":915.3225806451613,"k":1.4691443037974685,"state":"sleep","frame":"lie"},{"id":"orange","x":321.51324085750315,"y":708.6693548387096,"k":1.38,"state":"sit","frame":"sit"}],"errors":[]}}
saved /Users/sameeprehlan/Documents/Projects/visuals/livewall/shots/pets-shared/cabin/night-f28.png
result: {"errors":[],"report":{"time":30.09999999999961,"phase":8,"bad":[],"screen":[[431.7778406922059,603.2138919318746,613.4176195852215,720.3068013066558],[187.38296370097865,438.6387796924202,294.88689758527613,564.7820161290322]],"pets":[{"id":"golden","x":696.796973518285,"y":915.3225806451613,"k":1.4691443037974685,"state":"sleep","frame":"lie"},{"id":"orange","x":321.51324085750315,"y":708.6693548387096,"k":1.38,"state":"sit","frame":"sit"}],"errors":[]}}
