saved /Users/sameeprehlan/Documents/Projects/visuals/livewall/shots/pets-shared/records/day-f00.png
result: {"errors":[],"report":{"time":0.033333333333333326,"phase":0,"bad":[],"screen":[[177.72639023030297,612.7561954174496,351.26927762969154,747.469]],"pets":[{"id":"golden","x":361.8584,"y":954,"k":1.1615,"state":"move","frame":"walk-1","path":[[360,954],[540,954]]}],"errors":[]}}
saved /Users/sameeprehlan/Documents/Projects/visuals/livewall/shots/pets-shared/records/day-f01.png
result: {"errors":[],"report":{"time":0.43333333333333335,"phase":0,"bad":[],"screen":[[195.90807524003918,611.8368198109767,365.7734602135367,747.469]],"pets":[{"id":"golden","x":384.1592000000001,"y":954,"k":1.1615,"state":"move","frame":"walk-3","path":[[360,954],[540,954]]}],"errors":[]}}
saved /Users/sameeprehlan/Documents/Projects/visuals/livewall/shots/pets-shared/records/day-f02.png
result: {"errors":[],"report":{"time":1.0333333333333332,"phase":0,"bad":[],"screen":[[220.99870264769882,613.6755710239224,392.70283883414186,747.469]],"pets":[{"id":"golden","x":417.61040000000014,"y":954,"k":1.1615,"state":"move","frame":"walk-6","path":[[360,954],[540,954]]}],"errors":[]}}
saved /Users/sameeprehlan/Documents/Projects/visuals/livewall/shots/pets-shared/records/day-f03.png
result: {"errors":[],"report":{"time":2.0333333333333323,"phase":0,"bad":[],"screen":[[263.6467552400396,611.8368198109767,433.5121402135372,747.469]],"pets":[{"id":"golden","x":473.3624000000006,"y":954,"k":1.1615,"state":"move","frame":"walk-3","path":[[360,954],[540,954]]}],"errors":[]}}
saved /Users/sameeprehlan/Documents/Projects/visuals/livewall/shots/pets-shared/records/day-f04.png
result: {"errors":[],"report":{"time":4.333333333333336,"phase":1,"bad":[],"screen":[[65.28926096456185,546.9616315261449,256.10286921714174,706.9823237555117]],"pets":[{"id":"golden","x":226.72818051811754,"y":903.2004992849645,"k":1.091650686516826,"state":"move","frame":"walk-f-3","path":[[210,894],[330,960]]}],"errors":[]}}
saved /Users/sameeprehlan/Documents/Projects/visuals/livewall/shots/pets-shared/records/day-f05.png
result: {"errors":[],"report":{"time":4.833333333333331,"phase":1,"bad":[],"screen":[[80.54198723444074,554.7323616978283,272.7191930374348,716.5959028033099]],"pets":[{"id":"golden","x":249.85585945232233,"y":915.9207226987772,"k":1.1091409937108188,"state":"move","frame":"walk-f-7","path":[[210,894],[330,960]]}],"errors":[]}}
saved /Users/sameeprehlan/Documents/Projects/visuals/livewall/shots/pets-shared/records/day-f06.png
result: {"errors":[],"report":{"time":5.533333333333325,"phase":1,"bad":[],"screen":[[104.82005403936395,566.804771303471,304.0897397367161,731.2980100966828]],"pets":[{"id":"golden","x":282.85845917936865,"y":934.0721525486526,"k":1.1340992097543974,"state":"move","frame":"walk-f-5","path":[[210,894],[330,960]]}],"errors":[]}}
saved /Users/sameeprehlan/Documents/Projects/visuals/livewall/shots/pets-shared/records/day-f07.png
result: {"errors":[],"report":{"time":7.333333333333308,"phase":2,"bad":[],"screen":[[43.20580749932998,565.88375969577,236.76485461047275,727.0793081736049]],"pets":[{"id":"golden","x":195.82242591431506,"y":925.2976657471268,"k":1.1220342904022993,"state":"move","frame":"walk-b-3","path":[[180,934],[300,868]]}],"errors":[]}}
saved /Users/sameeprehlan/Documents/Projects/visuals/livewall/shots/pets-shared/records/day-f08.png
result: {"errors":[],"report":{"time":7.833333333333304,"phase":2,"bad":[],"screen":[[61.9124082504932,557.9288177707033,253.02432419894402,717.2901228390067]],"pets":[{"id":"golden","x":219.24357609868704,"y":912.4160331457223,"k":1.1043220455753682,"state":"move","frame":"walk-b-7","path":[[180,934],[300,868]]}],"errors":[]}}
saved /Users/sameeprehlan/Documents/Projects/visuals/livewall/shots/pets-shared/records/day-f09.png
result: {"errors":[],"report":{"time":8.533333333333312,"phase":2,"bad":[],"screen":[[89.13367778249018,546.0663932065041,276.363410176966,702.908488147284]],"pets":[{"id":"golden","x":251.4109528143972,"y":894.7239759520816,"k":1.079995466934112,"state":"move","frame":"walk-b-5","path":[[180,934],[300,868]]}],"errors":[]}}
saved /Users/sameeprehlan/Documents/Projects/visuals/livewall/shots/pets-shared/records/day-f10.png
result: {"errors":[],"report":{"time":10.100000000000007,"phase":3,"bad":[],"screen":[[97.29313461928933,621.2084183205221,262.7068653807106,747.469]],"pets":[{"id":"golden","x":240,"y":954,"k":1.1615,"state":"jumpPrep","frame":"jump-1"}],"errors":[]}}
saved /Users/sameeprehlan/Documents/Projects/visuals/livewall/shots/pets-shared/records/day-f11.png
result: {"errors":[],"report":{"time":10.36666666666668,"phase":3,"bad":[],"screen":[[102.48061409402689,591.4166261979873,269.56757867705807,741.1024813800033]],"pets":[{"id":"golden","x":248.03212851405664,"y":954,"k":1.1615,"state":"jump","frame":"jump-2"}],"errors":[]}}
saved /Users/sameeprehlan/Documents/Projects/visuals/livewall/shots/pets-shared/records/day-f12.png
result: {"errors":[],"report":{"time":10.63333333333335,"phase":3,"bad":[],"screen":[[149.3347981210771,588.9922184145498,319.09893681868414,727.9693771382628]],"pets":[{"id":"golden","x":312.28915662650746,"y":954,"k":1.1615,"state":"jump","frame":"jump-4"}],"errors":[]}}
saved /Users/sameeprehlan/Documents/Projects/visuals/livewall/shots/pets-shared/records/day-f13.png
result: {"errors":[],"report":{"time":10.900000000000022,"phase":3,"bad":[],"screen":[[168.77934359390864,621.2084183205221,341.2206564060914,747.469]],"pets":[{"id":"golden","x":340,"y":954,"k":1.1615,"state":"land","frame":"jump-5"}],"errors":[]}}
saved /Users/sameeprehlan/Documents/Projects/visuals/livewall/shots/pets-shared/records/day-f14.png
result: {"errors":[],"report":{"time":11.700000000000037,"phase":4,"bad":[],"screen":[[74.51551854679097,522.9832958899624,230.68733449570206,701.9739999999999]],"pets":[{"id":"golden","x":210,"y":894,"k":1.079,"state":"jumpPrep","frame":"jump-f-1"}],"errors":[]}}
saved /Users/sameeprehlan/Documents/Projects/visuals/livewall/shots/pets-shared/records/day-f15.png
result: {"errors":[],"report":{"time":12.033333333333376,"phase":4,"bad":[],"screen":[[108.9106186166484,512.9833291707398,265.7259758781567,696.4607993077617]],"pets":[{"id":"golden","x":257.7765527379648,"y":920.2771040058807,"k":1.1151310180080858,"state":"jump","frame":"jump-f-3"}],"errors":[]}}
saved /Users/sameeprehlan/Documents/Projects/visuals/livewall/shots/pets-shared/records/day-f16.png
result: {"errors":[],"report":{"time":12.300000000000047,"phase":4,"bad":[],"screen":[[142.25171833772097,555.2958994596365,310.88137938242375,743.67775]],"pets":[{"id":"golden","x":310,"y":949,"k":1.154625,"state":"land","frame":"jump-f-5"}],"errors":[]}}
saved /Users/sameeprehlan/Documents/Projects/visuals/livewall/shots/pets-shared/records/day-f17.png
result: {"errors":[],"report":{"time":13.200000000000063,"phase":5,"bad":[],"screen":[[73.92190010439941,546.5603250035326,230.2888870499097,732.304]],"pets":[{"id":"golden","x":210,"y":934,"k":1.134,"state":"jumpPrep","frame":"jump-b-1"}],"errors":[]}}
saved /Users/sameeprehlan/Documents/Projects/visuals/livewall/shots/pets-shared/records/day-f18.png
result: {"errors":[],"report":{"time":13.533333333333402,"phase":5,"bad":[],"screen":[[113.1619781026609,492.51440022839984,261.4064001801598,673.7737610662944]],"pets":[{"id":"golden","x":257.7765527379648,"y":907.7228959941193,"k":1.097868981991914,"state":"jump","frame":"jump-b-3"}],"errors":[]}}
saved /Users/sameeprehlan/Documents/Projects/visuals/livewall/shots/pets-shared/records/day-f19.png
result: {"errors":[],"report":{"time":13.800000000000075,"phase":5,"bad":[],"screen":[[152.1556150852988,514.2425894846683,302.7454008873184,690.60025]],"pets":[{"id":"golden","x":310,"y":879,"k":1.058375,"state":"land","frame":"jump-b-5"}],"errors":[]}}
saved /Users/sameeprehlan/Documents/Projects/visuals/livewall/shots/pets-shared/records/day-f20.png
result: {"errors":[],"report":{"time":14.700000000000092,"phase":6,"bad":[],"screen":[[311.0683191600508,587.2893039928308,455.0881359478632,750.502]],"pets":[{"id":"orange","x":525.12,"y":958,"k":1.167,"state":"jumpPrep","frame":"jump-b-1"}],"errors":[]}}
saved /Users/sameeprehlan/Documents/Projects/visuals/livewall/shots/pets-shared/records/day-f21.png
result: {"errors":[],"report":{"time":15.033333333333431,"phase":6,"bad":[],"screen":[[310.4952929036434,465.81424646251713,459.5488366654676,627.0789381191628]],"pets":[{"id":"orange","x":525.12,"y":882.7135842880507,"k":1.1477692307692304,"state":"jump","frame":"jump-b-3"}],"errors":[]}}
saved /Users/sameeprehlan/Documents/Projects/visuals/livewall/shots/pets-shared/records/day-f22.png
result: {"errors":[],"report":{"time":15.300000000000102,"phase":6,"bad":[],"screen":[[316.9378089852129,449.93814037066085,463.2175461155524,608.6054928932751]],"pets":[{"id":"orange","x":525.12,"y":782.3316966721188,"k":1.1221282051282044,"state":"jump","frame":"jump-b-4"}],"errors":[]}}
saved /Users/sameeprehlan/Documents/Projects/visuals/livewall/shots/pets-shared/records/day-f23.png
result: {"errors":[],"report":{"time":16.200000000000113,"phase":7,"bad":[],"screen":[[395.7731453738719,628.1138016528926,572.7630730598223,747.469],[119.15508806845082,613.6755710239224,289.0204730419483,747.469]],"pets":[{"id":"orange","x":636.9912000000004,"y":954,"k":1.1615,"state":"move","frame":"walk-2","path":[[650,954],[390,954]]},{"id":"golden","x":283.00879999999984,"y":954,"k":1.1615,"state":"move","frame":"walk-2","path":[[270,954],[530,954]]}],"errors":[]}}
saved /Users/sameeprehlan/Documents/Projects/visuals/livewall/shots/pets-shared/records/day-f24.png
result: {"errors":[],"report":{"time":18.100000000000044,"phase":7,"bad":[],"screen":[[327.6076603279291,629.517680785124,504.12962830313575,747.469],[185.60530687211252,612.7561954174496,356.84975525531917,747.469]],"pets":[{"id":"orange","x":548.7172000000055,"y":954,"k":1.1615,"state":"move","frame":"walk-5","path":[[650,954],[390,954]]},{"id":"golden","x":370.35359999999685,"y":954,"k":1.1615,"state":"move","frame":"walk-5","path":[[270,954],[530,954]]}],"errors":[]}}
saved /Users/sameeprehlan/Documents/Projects/visuals/livewall/shots/pets-shared/records/day-f25.png
result: {"errors":[],"report":{"time":21.099999999999937,"phase":7,"bad":[],"screen":[[327.6076603279291,629.517680785124,504.12962830313575,747.469],[186.63775131655672,612.7561954174496,357.8821996997633,747.469]],"pets":[{"id":"orange","x":548.7172000000055,"y":954,"k":1.1615,"state":"move","frame":"walk-5","path":[[548.7172000000055,954],[390,954]]},{"id":"golden","x":370.35359999999685,"y":954,"k":1.1615,"state":"move","frame":"walk-5","path":[[370.35359999999685,954],[530,954]]}],"errors":[]}}
saved /Users/sameeprehlan/Documents/Projects/visuals/livewall/shots/pets-shared/records/day-f26.png
result: {"errors":[],"report":{"time":25.099999999999792,"phase":7,"bad":[],"screen":[[327.6076603279291,629.517680785124,504.12962830313575,747.469],[186.63775131655672,612.7561954174496,357.8821996997633,747.469]],"pets":[{"id":"orange","x":548.7172000000055,"y":954,"k":1.1615,"state":"move","frame":"walk-5","path":[[548.7172000000055,954],[390,954]]},{"id":"golden","x":370.35359999999685,"y":954,"k":1.1615,"state":"move","frame":"walk-5","path":[[370.35359999999685,954],[530,954]]}],"errors":[]}}
saved /Users/sameeprehlan/Documents/Projects/visuals/livewall/shots/pets-shared/records/day-f27.png
result: {"errors":[],"report":{"time":28.599999999999664,"phase":8,"bad":[],"screen":[[338.41739504132227,523.3078468333626,458.2626049586777,612.22],[91.66464974619292,530.9118646117839,202.0953502538071,647.38]],"pets":[{"id":"orange","x":531.12,"y":774,"k":1.12,"state":"sleep","frame":"sleep"},{"id":"golden","x":195.84,"y":822,"k":0.98,"state":"sit","frame":"sit"}],"errors":[]}}
saved /Users/sameeprehlan/Documents/Projects/visuals/livewall/shots/pets-shared/records/day-f28.png
result: {"errors":[],"report":{"time":30.09999999999961,"phase":8,"bad":[],"screen":[[338.41739504132227,522.4441710466333,458.2626049586777,612.22],[91.66464974619292,530.5250594868525,202.0953502538071,647.38]],"pets":[{"id":"orange","x":531.12,"y":774,"k":1.12,"state":"sleep","frame":"sleep"},{"id":"golden","x":195.84,"y":822,"k":0.98,"state":"sit","frame":"sit"}],"errors":[]}}
