saved /Users/sameeprehlan/Documents/Projects/visuals/livewall/shots/pets-shared/records/night-f00.png
result: {"errors":[],"report":{"time":0.033333333333333326,"phase":0,"bad":[],"screen":[[177.72639023030297,612.7561954174496,351.26927762969154,747.469]],"pets":[{"id":"golden","x":361.8584,"y":954,"k":1.1615,"state":"move","frame":"walk-1","path":[[360,954],[540,954]]}],"errors":[]}}
saved /Users/sameeprehlan/Documents/Projects/visuals/livewall/shots/pets-shared/records/night-f01.png
result: {"errors":[],"report":{"time":0.43333333333333335,"phase":0,"bad":[],"screen":[[195.90807524003918,611.8368198109767,365.7734602135367,747.469]],"pets":[{"id":"golden","x":384.1592000000001,"y":954,"k":1.1615,"state":"move","frame":"walk-3","path":[[360,954],[540,954]]}],"errors":[]}}
saved /Users/sameeprehlan/Documents/Projects/visuals/livewall/shots/pets-shared/records/night-f02.png
result: {"errors":[],"report":{"time":1.0333333333333332,"phase":0,"bad":[],"screen":[[220.9987026476988,613.6755710239224,392.70283883414186,747.469]],"pets":[{"id":"golden","x":417.6104000000001,"y":954,"k":1.1615,"state":"move","frame":"walk-6","path":[[360,954],[540,954]]}],"errors":[]}}
saved /Users/sameeprehlan/Documents/Projects/visuals/livewall/shots/pets-shared/records/night-f03.png
result: {"errors":[],"report":{"time":2.0333333333333328,"phase":0,"bad":[],"screen":[[263.6467552400396,611.8368198109767,433.5121402135372,747.469]],"pets":[{"id":"golden","x":473.36240000000066,"y":954,"k":1.1615,"state":"move","frame":"walk-3","path":[[360,954],[540,954]]}],"errors":[]}}
saved /Users/sameeprehlan/Documents/Projects/visuals/livewall/shots/pets-shared/records/night-f04.png
result: {"errors":[],"report":{"time":4.3333333333333375,"phase":1,"bad":[],"screen":[[65.28926096456186,546.9616315261446,256.10286921714174,706.9823237555117]],"pets":[{"id":"golden","x":226.72818051811757,"y":903.2004992849644,"k":1.091650686516826,"state":"move","frame":"walk-f-3","path":[[210,894],[330,960]]}],"errors":[]}}
saved /Users/sameeprehlan/Documents/Projects/visuals/livewall/shots/pets-shared/records/night-f05.png
result: {"errors":[],"report":{"time":4.833333333333333,"phase":1,"bad":[],"screen":[[80.54198723444074,554.7323616978282,272.71919303743476,716.5959028033099]],"pets":[{"id":"golden","x":249.85585945232233,"y":915.9207226987771,"k":1.1091409937108185,"state":"move","frame":"walk-f-7","path":[[210,894],[330,960]]}],"errors":[]}}
saved /Users/sameeprehlan/Documents/Projects/visuals/livewall/shots/pets-shared/records/night-f06.png
result: {"errors":[],"report":{"time":5.533333333333327,"phase":1,"bad":[],"screen":[[104.8200540393639,566.8047713034708,304.08973973671607,731.2980100966827]],"pets":[{"id":"golden","x":282.85845917936854,"y":934.0721525486525,"k":1.1340992097543972,"state":"move","frame":"walk-f-5","path":[[210,894],[330,960]]}],"errors":[]}}
saved /Users/sameeprehlan/Documents/Projects/visuals/livewall/shots/pets-shared/records/night-f07.png
result: {"errors":[],"report":{"time":7.33333333333331,"phase":2,"bad":[],"screen":[[43.20580749932998,565.88375969577,236.76485461047275,727.0793081736049]],"pets":[{"id":"golden","x":195.82242591431506,"y":925.2976657471268,"k":1.1220342904022993,"state":"move","frame":"walk-b-3","path":[[180,934],[300,868]]}],"errors":[]}}
saved /Users/sameeprehlan/Documents/Projects/visuals/livewall/shots/pets-shared/records/night-f08.png
result: {"errors":[],"report":{"time":7.8333333333333055,"phase":2,"bad":[],"screen":[[61.9124082504932,557.9288177707033,253.02432419894402,717.2901228390067]],"pets":[{"id":"golden","x":219.24357609868704,"y":912.4160331457223,"k":1.1043220455753682,"state":"move","frame":"walk-b-7","path":[[180,934],[300,868]]}],"errors":[]}}
saved /Users/sameeprehlan/Documents/Projects/visuals/livewall/shots/pets-shared/records/night-f09.png
result: {"errors":[],"report":{"time":8.533333333333315,"phase":2,"bad":[],"screen":[[89.13335694369616,546.0665293946857,276.3631251298717,702.9086557983841]],"pets":[{"id":"golden","x":251.41055106960587,"y":894.724196911717,"k":1.0799957707536108,"state":"move","frame":"walk-b-5","path":[[180,934],[300,868]]}],"errors":[]}}
saved /Users/sameeprehlan/Documents/Projects/visuals/livewall/shots/pets-shared/records/night-f10.png
result: {"errors":[],"report":{"time":10.10000000000001,"phase":3,"bad":[],"screen":[[97.29313461928933,621.2084183205221,262.7068653807106,747.469]],"pets":[{"id":"golden","x":240,"y":954,"k":1.1615,"state":"jumpPrep","frame":"jump-1"}],"errors":[]}}
saved /Users/sameeprehlan/Documents/Projects/visuals/livewall/shots/pets-shared/records/night-f11.png
result: {"errors":[],"report":{"time":10.366666666666681,"phase":3,"bad":[],"screen":[[105.49266228679778,588.3600831289946,272.579626869829,738.0459383110106]],"pets":[{"id":"golden","x":252.0481927710845,"y":954,"k":1.1615,"state":"jump","frame":"jump-2"}],"errors":[]}}
saved /Users/sameeprehlan/Documents/Projects/visuals/livewall/shots/pets-shared/records/night-f12.png
result: {"errors":[],"report":{"time":10.633333333333352,"phase":3,"bad":[],"screen":[[152.34684631384803,591.2149330995544,322.110985011455,730.1920918232673]],"pets":[{"id":"golden","x":316.30522088353536,"y":954,"k":1.1615,"state":"jump","frame":"jump-4"}],"errors":[]}}
saved /Users/sameeprehlan/Documents/Projects/visuals/livewall/shots/pets-shared/records/night-f13.png
result: {"errors":[],"report":{"time":10.900000000000025,"phase":3,"bad":[],"screen":[[168.77934359390864,621.2084183205221,341.2206564060914,747.469]],"pets":[{"id":"golden","x":340,"y":954,"k":1.1615,"state":"land","frame":"jump-5"}],"errors":[]}}
saved /Users/sameeprehlan/Documents/Projects/visuals/livewall/shots/pets-shared/records/night-f14.png
result: {"errors":[],"report":{"time":11.700000000000038,"phase":4,"bad":[],"screen":[[74.51551854679097,522.9832958899624,230.68733449570206,701.9739999999999]],"pets":[{"id":"golden","x":210,"y":894,"k":1.079,"state":"jumpPrep","frame":"jump-f-1"}],"errors":[]}}
saved /Users/sameeprehlan/Documents/Projects/visuals/livewall/shots/pets-shared/records/night-f15.png
result: {"errors":[],"report":{"time":12.033333333333378,"phase":4,"bad":[],"screen":[[106.2899177982514,512.1701931215998,262.8639762375251,695.302527410392]],"pets":[{"id":"golden","x":254.10143329658277,"y":918.2557883131205,"k":1.1123517089305408,"state":"jump","frame":"jump-f-3"}],"errors":[]}}
saved /Users/sameeprehlan/Documents/Projects/visuals/livewall/shots/pets-shared/records/night-f16.png
result: {"errors":[],"report":{"time":12.30000000000005,"phase":4,"bad":[],"screen":[[142.25171833772097,555.2958994596365,310.88137938242375,743.67775]],"pets":[{"id":"golden","x":310,"y":949,"k":1.154625,"state":"land","frame":"jump-f-5"}],"errors":[]}}
saved /Users/sameeprehlan/Documents/Projects/visuals/livewall/shots/pets-shared/records/night-f17.png
result: {"errors":[],"report":{"time":13.200000000000067,"phase":5,"bad":[],"screen":[[73.92190010439941,546.5603250035326,230.2888870499097,732.304]],"pets":[{"id":"golden","x":210,"y":934,"k":1.134,"state":"jumpPrep","frame":"jump-b-1"}],"errors":[]}}
saved /Users/sameeprehlan/Documents/Projects/visuals/livewall/shots/pets-shared/records/night-f18.png
result: {"errors":[],"report":{"time":13.533333333333406,"phase":5,"bad":[],"screen":[[110.27862960549777,494.27030859464287,258.7464467577694,675.8746166755046]],"pets":[{"id":"golden","x":254.10143329658317,"y":909.7442116868792,"k":1.100648291069459,"state":"jump","frame":"jump-b-3"}],"errors":[]}}
saved /Users/sameeprehlan/Documents/Projects/visuals/livewall/shots/pets-shared/records/night-f19.png
result: {"errors":[],"report":{"time":13.800000000000077,"phase":5,"bad":[],"screen":[[152.1556150852988,514.2425894846683,302.7454008873184,690.60025]],"pets":[{"id":"golden","x":310,"y":879,"k":1.058375,"state":"land","frame":"jump-b-5"}],"errors":[]}}
saved /Users/sameeprehlan/Documents/Projects/visuals/livewall/shots/pets-shared/records/night-f20.png
result: {"errors":[],"report":{"time":14.700000000000093,"phase":6,"bad":[],"screen":[[311.0683191600508,587.2893039928308,455.0881359478632,750.502]],"pets":[{"id":"orange","x":525.12,"y":958,"k":1.167,"state":"jumpPrep","frame":"jump-b-1"}],"errors":[]}}
saved /Users/sameeprehlan/Documents/Projects/visuals/livewall/shots/pets-shared/records/night-f21.png
result: {"errors":[],"report":{"time":15.033333333333433,"phase":6,"bad":[],"screen":[[310.5697750472335,459.54811342150936,459.49897847250486,620.6504713822782]],"pets":[{"id":"orange","x":525.12,"y":876.4397163120553,"k":1.1461666666666663,"state":"jump","frame":"jump-b-3"}],"errors":[]}}
saved /Users/sameeprehlan/Documents/Projects/visuals/livewall/shots/pets-shared/records/night-f22.png
result: {"errors":[],"report":{"time":15.300000000000104,"phase":6,"bad":[],"screen":[[317.0047922116467,452.814498588216,463.16130918864553,611.3195174149532]],"pets":[{"id":"orange","x":525.12,"y":776.0578286961236,"k":1.1205256410256403,"state":"jump","frame":"jump-b-4"}],"errors":[]}}
saved /Users/sameeprehlan/Documents/Projects/visuals/livewall/shots/pets-shared/records/night-f23.png
result: {"errors":[],"report":{"time":16.20000000000012,"phase":7,"bad":[],"screen":[[395.7731453738719,628.1138016528926,572.7630730598223,747.469],[119.1550880684508,613.6755710239224,289.02047304194826,747.469]],"pets":[{"id":"orange","x":636.9912000000002,"y":954,"k":1.1615,"state":"move","frame":"walk-2","path":[[650,954],[390,954]]},{"id":"golden","x":283.0088,"y":954,"k":1.1615,"state":"move","frame":"walk-2","path":[[270,954],[530,954]]}],"errors":[]}}
saved /Users/sameeprehlan/Documents/Projects/visuals/livewall/shots/pets-shared/records/night-f24.png
result: {"errors":[],"report":{"time":18.10000000000005,"phase":7,"bad":[],"screen":[[327.607660327929,629.517680785124,504.1296283031356,747.469],[185.60530687211258,612.7561954174496,356.8497552553192,747.469]],"pets":[{"id":"orange","x":548.7172000000053,"y":954,"k":1.1615,"state":"move","frame":"walk-5","path":[[650,954],[390,954]]},{"id":"golden","x":370.353599999997,"y":954,"k":1.1615,"state":"move","frame":"walk-5","path":[[270,954],[530,954]]}],"errors":[]}}
saved /Users/sameeprehlan/Documents/Projects/visuals/livewall/shots/pets-shared/records/night-f25.png
result: {"errors":[],"report":{"time":21.09999999999994,"phase":7,"bad":[],"screen":[[327.607660327929,629.517680785124,504.1296283031356,747.469],[186.63775131655683,612.7561954174496,357.8821996997635,747.469]],"pets":[{"id":"orange","x":548.7172000000053,"y":954,"k":1.1615,"state":"move","frame":"walk-5","path":[[548.7172000000053,954],[390,954]]},{"id":"golden","x":370.353599999997,"y":954,"k":1.1615,"state":"move","frame":"walk-5","path":[[370.353599999997,954],[530,954]]}],"errors":[]}}
saved /Users/sameeprehlan/Documents/Projects/visuals/livewall/shots/pets-shared/records/night-f26.png
result: {"errors":[],"report":{"time":25.099999999999795,"phase":7,"bad":[],"screen":[[327.607660327929,629.517680785124,504.1296283031356,747.469],[186.63775131655683,612.7561954174496,357.8821996997635,747.469]],"pets":[{"id":"orange","x":548.7172000000053,"y":954,"k":1.1615,"state":"move","frame":"walk-5","path":[[548.7172000000053,954],[390,954]]},{"id":"golden","x":370.353599999997,"y":954,"k":1.1615,"state":"move","frame":"walk-5","path":[[370.353599999997,954],[530,954]]}],"errors":[]}}
saved /Users/sameeprehlan/Documents/Projects/visuals/livewall/shots/pets-shared/records/night-f27.png
result: {"errors":[],"report":{"time":28.59999999999967,"phase":8,"bad":[],"screen":[[338.41739504132227,523.3096606131583,458.2626049586777,612.22],[91.66464974619292,530.9225593818464,202.0953502538071,647.38]],"pets":[{"id":"orange","x":531.12,"y":774,"k":1.12,"state":"sleep","frame":"sleep"},{"id":"golden","x":195.84,"y":822,"k":0.98,"state":"sit","frame":"sit"}],"errors":[]}}
saved /Users/sameeprehlan/Documents/Projects/visuals/livewall/shots/pets-shared/records/night-f28.png
result: {"errors":[],"report":{"time":30.099999999999614,"phase":8,"bad":[],"screen":[[338.41739504132227,522.4459368510066,458.2626049586777,612.22],[91.66464974619292,530.5160087393019,202.0953502538071,647.38]],"pets":[{"id":"orange","x":531.12,"y":774,"k":1.12,"state":"sleep","frame":"sleep"},{"id":"golden","x":195.84,"y":822,"k":0.98,"state":"sit","frame":"sit"}],"errors":[]}}
