saved /Users/sameeprehlan/Documents/Projects/visuals/livewall/shots/gaze-fix/cats/day-f00.png
result: {"errors":[],"report":{"time":0.033333333333333326,"phase":0,"bad":[],"screen":[[351.4479305374278,523.3963347939431,628.636176141732,695.7113846153845]],"pets":[{"id":"orange","x":662.0563692307692,"y":884,"k":1.2852307692307692,"state":"move","frame":"walk-1","path":[[660,884],[840,884]]}],"errors":[]}}
saved /Users/sameeprehlan/Documents/Projects/visuals/livewall/shots/gaze-fix/cats/day-f01.png
result: {"errors":[],"report":{"time":0.4333333333333334,"phase":0,"bad":[],"screen":[[368.11432055920704,523.3963347939431,645.3025661635111,695.7113846153845]],"pets":[{"id":"orange","x":686.7327999999993,"y":884,"k":1.2852307692307692,"state":"move","frame":"walk-3","path":[[660,884],[840,884]]}],"errors":[]}}
saved /Users/sameeprehlan/Documents/Projects/visuals/livewall/shots/gaze-fix/cats/day-f02.png
result: {"errors":[],"report":{"time":0.7000000000000004,"phase":0,"bad":[],"screen":[[383.18872283528043,523.3963347939431,661.8782696764805,695.7113846153845]],"pets":[{"id":"orange","x":703.1837538461527,"y":884,"k":1.2852307692307692,"state":"move","frame":"walk-5","path":[[660,884],[840,884]]}],"errors":[]}}
saved /Users/sameeprehlan/Documents/Projects/visuals/livewall/shots/gaze-fix/cats/day-f03.png
result: {"errors":[],"report":{"time":1.3666666666666658,"phase":0,"bad":[],"screen":[[413.1004505374261,523.3963347939431,690.2886961417304,695.7113846153845]],"pets":[{"id":"orange","x":744.3111384615363,"y":884,"k":1.2852307692307692,"state":"move","frame":"walk-1","path":[[660,884],[840,884]]}],"errors":[]}}
saved /Users/sameeprehlan/Documents/Projects/visuals/livewall/shots/gaze-fix/cats/day-f04.png
result: {"errors":[],"report":{"time":3.066666666666671,"phase":1,"bad":[],"screen":[[283.7344111874066,497.544981629825,511.52960838885406,665.6087360065703]],"pets":[{"id":"orange","x":545.2293594096706,"y":846.8761476753187,"k":1.2452512359580354,"state":"move","frame":"walk-f-1","path":[[540,844],[640,899]]}],"errors":[]}}
saved /Users/sameeprehlan/Documents/Projects/visuals/livewall/shots/gaze-fix/cats/day-f05.png
result: {"errors":[],"report":{"time":3.4666666666666726,"phase":1,"bad":[],"screen":[[299.095229282271,505.1861055580407,523.8626589075493,674.4819065902578]],"pets":[{"id":"orange","x":566.2771542789085,"y":858.4524348533998,"k":1.2577180067651998,"state":"move","frame":"walk-f-5","path":[[540,844],[640,899]]}],"errors":[]}}
saved /Users/sameeprehlan/Documents/Projects/visuals/livewall/shots/gaze-fix/cats/day-f06.png
result: {"errors":[],"report":{"time":3.733333333333341,"phase":1,"bad":[],"screen":[[309.3756905850772,511.06720078225726,538.084444727803,681.1912399304377]],"pets":[{"id":"orange","x":580.4264447219797,"y":866.234544597089,"k":1.2660987403353265,"state":"move","frame":"walk-f-8","path":[[540,844],[640,899]]}],"errors":[]}}
saved /Users/sameeprehlan/Documents/Projects/visuals/livewall/shots/gaze-fix/cats/day-f07.png
result: {"errors":[],"report":{"time":4.366666666666669,"phase":1,"bad":[],"screen":[[332.67104441964955,522.6633664118615,560.6915409400797,694.7763673733599]],"pets":[{"id":"orange","x":614.4050769949918,"y":884.9227923472455,"k":1.2862245456047259,"state":"move","frame":"walk-f-6","path":[[540,844],[640,899]]}],"errors":[]}}
saved /Users/sameeprehlan/Documents/Projects/visuals/livewall/shots/gaze-fix/cats/day-f08.png
result: {"errors":[],"report":{"time":6.066666666666654,"phase":2,"bad":[],"screen":[[331.31660913564826,535.8639026770918,558.8463271957521,710.5312969922472]],"pets":[{"id":"orange","x":603.6625170869764,"y":901.985615602163,"k":1.3045998937254062,"state":"move","frame":"walk-b-1","path":[[600,904],[700,849]]}],"errors":[]}}
saved /Users/sameeprehlan/Documents/Projects/visuals/livewall/shots/gaze-fix/cats/day-f09.png
result: {"errors":[],"report":{"time":6.46666666666665,"phase":2,"bad":[],"screen":[[348.77119309456486,527.9081472458518,574.1822116366619,701.2893430224781]],"pets":[{"id":"orange","x":625.5102910522122,"y":889.9693399212832,"k":1.2916592891459973,"state":"move","frame":"walk-b-5","path":[[600,904],[700,849]]}],"errors":[]}}
saved /Users/sameeprehlan/Documents/Projects/visuals/livewall/shots/gaze-fix/cats/day-f10.png
result: {"errors":[],"report":{"time":6.733333333333314,"phase":2,"bad":[],"screen":[[361.3174366058084,521.8953577447226,583.8171679021277,694.4261834875751]],"pets":[{"id":"orange","x":639.9549446015343,"y":882.024780469156,"k":1.283103609736014,"state":"move","frame":"walk-b-8","path":[[600,904],[700,849]]}],"errors":[]}}
saved /Users/sameeprehlan/Documents/Projects/visuals/livewall/shots/gaze-fix/cats/day-f11.png
result: {"errors":[],"report":{"time":7.366666666666641,"phase":2,"bad":[],"screen":[[386.90126217063244,510.3000756358997,608.6434672339112,680.8337787506497]],"pets":[{"id":"orange","x":673.8786993350348,"y":863.3667153657308,"k":1.2630103088554023,"state":"move","frame":"walk-b-6","path":[[600,904],[700,849]]}],"errors":[]}}
saved /Users/sameeprehlan/Documents/Projects/visuals/livewall/shots/gaze-fix/cats/day-f12.png
result: {"errors":[],"report":{"time":9.066666666666658,"phase":3,"bad":[],"screen":[[512.8879662346512,521.467616834799,827.6283326944613,695.7113846153845]],"pets":[{"id":"orange","x":914.9943589743589,"y":884,"k":1.2852307692307692,"state":"move","frame":"run-1","path":[[900,884],[1150,884]]}],"errors":[]}}
saved /Users/sameeprehlan/Documents/Projects/visuals/livewall/shots/gaze-fix/cats/day-f13.png
result: {"errors":[],"report":{"time":9.466666666666665,"phase":3,"bad":[],"screen":[[569.6941102790705,521.467616834799,884.4344767388804,695.7113846153845]],"pets":[{"id":"orange","x":1004.9605128205144,"y":884,"k":1.2852307692307692,"state":"move","frame":"run-4","path":[[900,884],[1150,884]]}],"errors":[]}}
saved /Users/sameeprehlan/Documents/Projects/visuals/livewall/shots/gaze-fix/cats/day-f14.png
result: {"errors":[],"report":{"time":9.733333333333336,"phase":3,"bad":[],"screen":[[633.1855662346512,521.467616834799,947.9259326944612,695.7113846153845]],"pets":[{"id":"orange","x":1064.9379487179513,"y":884,"k":1.2852307692307692,"state":"move","frame":"run-1","path":[[900,884],[1150,884]]}],"errors":[]}}
saved /Users/sameeprehlan/Documents/Projects/visuals/livewall/shots/gaze-fix/cats/day-f15.png
result: {"errors":[],"report":{"time":10.400000000000016,"phase":3,"bad":[],"screen":[[762.3207040909092,568.1246859504132,948.7698859090909,695.7113846153845]],"pets":[{"id":"orange","x":1150,"y":884,"k":1.2852307692307692,"state":"stand","frame":"walk1"}],"errors":[]}}
saved /Users/sameeprehlan/Documents/Projects/visuals/livewall/shots/gaze-fix/cats/day-f16.png
result: {"errors":[],"report":{"time":12.100000000000046,"phase":4,"bad":[],"screen":[[878.2942573715378,505.48023295801215,1081.9720564729855,680.5821538461539]],"pets":[{"id":"orange","x":1320,"y":864,"k":1.2636923076923077,"state":"jumpPrep","frame":"jump-1"}],"errors":[]}}
saved /Users/sameeprehlan/Documents/Projects/visuals/livewall/shots/gaze-fix/cats/day-f17.png
result: {"errors":[],"report":{"time":12.500000000000053,"phase":4,"bad":[],"screen":[[892.6900839748706,481.18883286654875,1131.7952855944834,656.2907537546904]],"pets":[{"id":"orange","x":1360.1606425702819,"y":864,"k":1.2636923076923077,"state":"jump","frame":"jump-3"}],"errors":[]}}
saved /Users/sameeprehlan/Documents/Projects/visuals/livewall/shots/gaze-fix/cats/day-f18.png
result: {"errors":[],"report":{"time":12.766666666666726,"phase":4,"bad":[],"screen":[[953.535140009574,505.48023295801215,1168.5300260265467,680.5821538461539]],"pets":[{"id":"orange","x":1420,"y":864,"k":1.2636923076923077,"state":"land","frame":"jump-5"}],"errors":[]}}
saved /Users/sameeprehlan/Documents/Projects/visuals/livewall/shots/gaze-fix/cats/day-f19.png
result: {"errors":[],"report":{"time":13.433333333333405,"phase":4,"bad":[],"screen":[[965.9967995454546,554.379479338843,1150.3268904545455,680.5821538461539]],"pets":[{"id":"orange","x":1420,"y":864,"k":1.2636923076923077,"state":"stand","frame":"walk1"}],"errors":[]}}
saved /Users/sameeprehlan/Documents/Projects/visuals/livewall/shots/gaze-fix/cats/day-f20.png
result: {"errors":[],"report":{"time":15.133333333333436,"phase":5,"bad":[],"screen":[[294.64904228134924,492.58095014662763,494.5955056244577,665.4529230769231]],"pets":[{"id":"orange","x":540,"y":844,"k":1.2421538461538462,"state":"jumpPrep","frame":"jump-f-1"}],"errors":[]}}
saved /Users/sameeprehlan/Documents/Projects/visuals/livewall/shots/gaze-fix/cats/day-f21.png
result: {"errors":[],"report":{"time":15.533333333333442,"phase":5,"bad":[],"screen":[[314.51698012086194,483.1770397241976,548.26294205266,658.738069942832]],"pets":[{"id":"orange","x":584.1014332965827,"y":868.2557883131205,"k":1.2682754643372067,"state":"jump","frame":"jump-f-3"}],"errors":[]}}
saved /Users/sameeprehlan/Documents/Projects/visuals/livewall/shots/gaze-fix/cats/day-f22.png
result: {"errors":[],"report":{"time":15.800000000000113,"phase":5,"bad":[],"screen":[[349.9778763553329,528.0888973607039,578.517418877327,707.0583076923077]],"pets":[{"id":"orange","x":640,"y":899,"k":1.3013846153846154,"state":"land","frame":"jump-f-5"}],"errors":[]}}
saved /Users/sameeprehlan/Documents/Projects/visuals/livewall/shots/gaze-fix/cats/day-f23.png
result: {"errors":[],"report":{"time":16.466666666666775,"phase":5,"bad":[],"screen":[[354.3595912907676,533.4470909090909,589.7186528743453,707.0583076923077]],"pets":[{"id":"orange","x":640,"y":899,"k":1.3013846153846154,"state":"stand","frame":"walk-f-1"}],"errors":[]}}
saved /Users/sameeprehlan/Documents/Projects/visuals/livewall/shots/gaze-fix/cats/day-f24.png
result: {"errors":[],"report":{"time":18.166666666666714,"phase":6,"bad":[],"screen":[[362.4812451835527,531.7970691392865,533.4288767094547,710.8406153846154]],"pets":[{"id":"orange","x":600,"y":904,"k":1.3067692307692307,"state":"jumpPrep","frame":"jump-b-1"}],"errors":[]}}
saved /Users/sameeprehlan/Documents/Projects/visuals/livewall/shots/gaze-fix/cats/day-f25.png
result: {"errors":[],"report":{"time":18.5666666666667,"phase":6,"bad":[],"screen":[[394.40289437407466,474.0115581793182,576.100221330287,649.7057809055062]],"pets":[{"id":"orange","x":655.1267916207257,"y":873.6802646086009,"k":1.2741172080400316,"state":"jump","frame":"jump-b-3"}],"errors":[]}}
saved /Users/sameeprehlan/Documents/Projects/visuals/livewall/shots/gaze-fix/cats/day-f26.png
result: {"errors":[],"report":{"time":18.833333333333353,"phase":6,"bad":[],"screen":[[432.92728504512337,496.2673573876235,606.3486738780199,669.2352307692308]],"pets":[{"id":"orange","x":700,"y":849,"k":1.2475384615384615,"state":"land","frame":"jump-b-5"}],"errors":[]}}
saved /Users/sameeprehlan/Documents/Projects/visuals/livewall/shots/gaze-fix/cats/day-f27.png
result: {"errors":[],"report":{"time":19.499999999999996,"phase":6,"bad":[],"screen":[[409.6803323323295,500.23931263858094,629.8825274542808,669.2352307692308]],"pets":[{"id":"orange","x":700,"y":849,"k":1.2475384615384615,"state":"stand","frame":"walk-b-1"}],"errors":[]}}
