saved /Users/sameeprehlan/Documents/Projects/visuals/livewall/shots/gaze-fix/cats/night-f00.png
result: {"errors":[],"report":{"time":0.033333333333333326,"phase":0,"bad":[],"screen":[[351.4479305374278,523.3963347939431,628.636176141732,695.7113846153845]],"pets":[{"id":"orange","x":662.0563692307692,"y":884,"k":1.2852307692307692,"state":"move","frame":"walk-1","path":[[660,884],[840,884]]}],"errors":[]}}
saved /Users/sameeprehlan/Documents/Projects/visuals/livewall/shots/gaze-fix/cats/night-f01.png
result: {"errors":[],"report":{"time":0.43333333333333335,"phase":0,"bad":[],"screen":[[368.11432055920704,523.3963347939431,645.3025661635111,695.7113846153845]],"pets":[{"id":"orange","x":686.7327999999993,"y":884,"k":1.2852307692307692,"state":"move","frame":"walk-3","path":[[660,884],[840,884]]}],"errors":[]}}
saved /Users/sameeprehlan/Documents/Projects/visuals/livewall/shots/gaze-fix/cats/night-f02.png
result: {"errors":[],"report":{"time":0.7000000000000003,"phase":0,"bad":[],"screen":[[383.18872283528043,523.3963347939431,661.8782696764805,695.7113846153845]],"pets":[{"id":"orange","x":703.1837538461527,"y":884,"k":1.2852307692307692,"state":"move","frame":"walk-5","path":[[660,884],[840,884]]}],"errors":[]}}
saved /Users/sameeprehlan/Documents/Projects/visuals/livewall/shots/gaze-fix/cats/night-f03.png
result: {"errors":[],"report":{"time":1.3666666666666658,"phase":0,"bad":[],"screen":[[413.1004505374261,523.3963347939431,690.2886961417304,695.7113846153845]],"pets":[{"id":"orange","x":744.3111384615363,"y":884,"k":1.2852307692307692,"state":"move","frame":"walk-1","path":[[660,884],[840,884]]}],"errors":[]}}
saved /Users/sameeprehlan/Documents/Projects/visuals/livewall/shots/gaze-fix/cats/night-f04.png
result: {"errors":[],"report":{"time":3.06666666666667,"phase":1,"bad":[],"screen":[[283.98963511985335,497.68536603293376,511.7848034200954,665.7490992130602]],"pets":[{"id":"orange","x":545.2289972950665,"y":846.8759485122865,"k":1.24525102147477,"state":"move","frame":"walk-f-1","path":[[540,844],[640,899]]}],"errors":[]}}
saved /Users/sameeprehlan/Documents/Projects/visuals/livewall/shots/gaze-fix/cats/night-f05.png
result: {"errors":[],"report":{"time":3.466666666666672,"phase":1,"bad":[],"screen":[[299.3532661664443,505.328025844336,524.1206957917226,674.623826876553]],"pets":[{"id":"orange","x":566.2771542789085,"y":858.4524348533995,"k":1.2577180067651994,"state":"move","frame":"walk-f-5","path":[[540,844],[640,899]]}],"errors":[]}}
saved /Users/sameeprehlan/Documents/Projects/visuals/livewall/shots/gaze-fix/cats/night-f06.png
result: {"errors":[],"report":{"time":3.73333333333334,"phase":1,"bad":[],"screen":[[309.635187231624,511.209935278104,538.3439123157923,681.3339528748002]],"pets":[{"id":"orange","x":580.4260765449959,"y":866.2343420997477,"k":1.2660985222612666,"state":"move","frame":"walk-f-8","path":[[540,844],[640,899]]}],"errors":[]}}
saved /Users/sameeprehlan/Documents/Projects/visuals/livewall/shots/gaze-fix/cats/night-f07.png
result: {"errors":[],"report":{"time":4.366666666666669,"phase":1,"bad":[],"screen":[[332.93466611861277,522.8083698960307,560.9551336990316,694.9213489634641]],"pets":[{"id":"orange","x":614.4047029654957,"y":884.9225866310226,"k":1.2862243240641782,"state":"move","frame":"walk-f-6","path":[[540,844],[640,899]]}],"errors":[]}}
saved /Users/sameeprehlan/Documents/Projects/visuals/livewall/shots/gaze-fix/cats/night-f08.png
result: {"errors":[],"report":{"time":6.066666666666653,"phase":2,"bad":[],"screen":[[331.31660913564815,535.8639026770918,558.8463271957521,710.5312969922472]],"pets":[{"id":"orange","x":603.6625170869763,"y":901.985615602163,"k":1.3045998937254062,"state":"move","frame":"walk-b-1","path":[[600,904],[700,849]]}],"errors":[]}}
saved /Users/sameeprehlan/Documents/Projects/visuals/livewall/shots/gaze-fix/cats/night-f09.png
result: {"errors":[],"report":{"time":6.46666666666665,"phase":2,"bad":[],"screen":[[348.77119309456475,527.9081472458518,574.1822116366618,701.2893430224781]],"pets":[{"id":"orange","x":625.5102910522121,"y":889.9693399212832,"k":1.2916592891459973,"state":"move","frame":"walk-b-5","path":[[600,904],[700,849]]}],"errors":[]}}
saved /Users/sameeprehlan/Documents/Projects/visuals/livewall/shots/gaze-fix/cats/night-f10.png
result: {"errors":[],"report":{"time":6.733333333333314,"phase":2,"bad":[],"screen":[[361.3174366058082,521.8953577447226,583.8171679021276,694.4261834875753]],"pets":[{"id":"orange","x":639.9549446015341,"y":882.0247804691561,"k":1.2831036097360142,"state":"move","frame":"walk-b-8","path":[[600,904],[700,849]]}],"errors":[]}}
saved /Users/sameeprehlan/Documents/Projects/visuals/livewall/shots/gaze-fix/cats/night-f11.png
result: {"errors":[],"report":{"time":7.366666666666641,"phase":2,"bad":[],"screen":[[386.9012621706323,510.3000756358997,608.643467233911,680.8337787506498]],"pets":[{"id":"orange","x":673.8786993350346,"y":863.366715365731,"k":1.2630103088554026,"state":"move","frame":"walk-b-6","path":[[600,904],[700,849]]}],"errors":[]}}
saved /Users/sameeprehlan/Documents/Projects/visuals/livewall/shots/gaze-fix/cats/night-f12.png
result: {"errors":[],"report":{"time":9.066666666666656,"phase":3,"bad":[],"screen":[[512.8879662346512,521.467616834799,827.6283326944613,695.7113846153845]],"pets":[{"id":"orange","x":914.9943589743593,"y":884,"k":1.2852307692307692,"state":"move","frame":"run-1","path":[[900,884],[1150,884]]}],"errors":[]}}
saved /Users/sameeprehlan/Documents/Projects/visuals/livewall/shots/gaze-fix/cats/night-f13.png
result: {"errors":[],"report":{"time":9.466666666666663,"phase":3,"bad":[],"screen":[[569.6941102790706,521.467616834799,884.4344767388808,695.7113846153845]],"pets":[{"id":"orange","x":1004.9605128205149,"y":884,"k":1.2852307692307692,"state":"move","frame":"run-4","path":[[900,884],[1150,884]]}],"errors":[]}}
saved /Users/sameeprehlan/Documents/Projects/visuals/livewall/shots/gaze-fix/cats/night-f14.png
result: {"errors":[],"report":{"time":9.733333333333334,"phase":3,"bad":[],"screen":[[633.1855662346512,521.467616834799,947.9259326944612,695.7113846153845]],"pets":[{"id":"orange","x":1064.9379487179517,"y":884,"k":1.2852307692307692,"state":"move","frame":"run-1","path":[[900,884],[1150,884]]}],"errors":[]}}
saved /Users/sameeprehlan/Documents/Projects/visuals/livewall/shots/gaze-fix/cats/night-f15.png
result: {"errors":[],"report":{"time":10.400000000000013,"phase":3,"bad":[],"screen":[[762.3207040909092,568.1246859504132,948.7698859090909,695.7113846153845]],"pets":[{"id":"orange","x":1150,"y":884,"k":1.2852307692307692,"state":"stand","frame":"walk1"}],"errors":[]}}
saved /Users/sameeprehlan/Documents/Projects/visuals/livewall/shots/gaze-fix/cats/night-f16.png
result: {"errors":[],"report":{"time":12.100000000000044,"phase":4,"bad":[],"screen":[[878.2942573715378,505.48023295801215,1081.9720564729855,680.5821538461539]],"pets":[{"id":"orange","x":1320,"y":864,"k":1.2636923076923077,"state":"jumpPrep","frame":"jump-1"}],"errors":[]}}
saved /Users/sameeprehlan/Documents/Projects/visuals/livewall/shots/gaze-fix/cats/night-f17.png
result: {"errors":[],"report":{"time":12.500000000000052,"phase":4,"bad":[],"screen":[[895.7021321676418,480.4057682994048,1134.8073337872547,655.5076891875465]],"pets":[{"id":"orange","x":1364.1767068273102,"y":864,"k":1.2636923076923077,"state":"jump","frame":"jump-3"}],"errors":[]}}
saved /Users/sameeprehlan/Documents/Projects/visuals/livewall/shots/gaze-fix/cats/night-f18.png
result: {"errors":[],"report":{"time":12.766666666666723,"phase":4,"bad":[],"screen":[[953.535140009574,505.48023295801215,1168.5300260265467,680.5821538461539]],"pets":[{"id":"orange","x":1420,"y":864,"k":1.2636923076923077,"state":"land","frame":"jump-5"}],"errors":[]}}
saved /Users/sameeprehlan/Documents/Projects/visuals/livewall/shots/gaze-fix/cats/night-f19.png
result: {"errors":[],"report":{"time":13.433333333333401,"phase":4,"bad":[],"screen":[[965.9967995454546,554.379479338843,1150.3268904545455,680.5821538461539]],"pets":[{"id":"orange","x":1420,"y":864,"k":1.2636923076923077,"state":"stand","frame":"walk1"}],"errors":[]}}
saved /Users/sameeprehlan/Documents/Projects/visuals/livewall/shots/gaze-fix/cats/night-f20.png
result: {"errors":[],"report":{"time":15.133333333333432,"phase":5,"bad":[],"screen":[[294.64904228134924,492.58095014662763,494.5955056244577,665.4529230769231]],"pets":[{"id":"orange","x":540,"y":844,"k":1.2421538461538462,"state":"jumpPrep","frame":"jump-f-1"}],"errors":[]}}
saved /Users/sameeprehlan/Documents/Projects/visuals/livewall/shots/gaze-fix/cats/night-f21.png
result: {"errors":[],"report":{"time":15.53333333333344,"phase":5,"bad":[],"screen":[[314.5169801208623,483.17703972419764,548.2629420526603,658.7380699428321]],"pets":[{"id":"orange","x":584.1014332965832,"y":868.2557883131208,"k":1.268275464337207,"state":"jump","frame":"jump-f-3"}],"errors":[]}}
saved /Users/sameeprehlan/Documents/Projects/visuals/livewall/shots/gaze-fix/cats/night-f22.png
result: {"errors":[],"report":{"time":15.80000000000011,"phase":5,"bad":[],"screen":[[349.9778763553329,528.0888973607039,578.517418877327,707.0583076923077]],"pets":[{"id":"orange","x":640,"y":899,"k":1.3013846153846154,"state":"land","frame":"jump-f-5"}],"errors":[]}}
saved /Users/sameeprehlan/Documents/Projects/visuals/livewall/shots/gaze-fix/cats/night-f23.png
result: {"errors":[],"report":{"time":16.46666666666677,"phase":5,"bad":[],"screen":[[354.3595912907676,533.4470909090909,589.7186528743453,707.0583076923077]],"pets":[{"id":"orange","x":640,"y":899,"k":1.3013846153846154,"state":"stand","frame":"walk-f-1"}],"errors":[]}}
saved /Users/sameeprehlan/Documents/Projects/visuals/livewall/shots/gaze-fix/cats/night-f24.png
result: {"errors":[],"report":{"time":18.16666666666671,"phase":6,"bad":[],"screen":[[362.4812451835527,531.7970691392865,533.4288767094547,710.8406153846154]],"pets":[{"id":"orange","x":600,"y":904,"k":1.3067692307692307,"state":"jumpPrep","frame":"jump-b-1"}],"errors":[]}}
saved /Users/sameeprehlan/Documents/Projects/visuals/livewall/shots/gaze-fix/cats/night-f25.png
result: {"errors":[],"report":{"time":18.566666666666695,"phase":6,"bad":[],"screen":[[391.5321855026438,474.8566768934505,573.4374296928846,650.7741878542481]],"pets":[{"id":"orange","x":651.4516721793436,"y":875.701580301361,"k":1.2762940095553117,"state":"jump","frame":"jump-b-3"}],"errors":[]}}
saved /Users/sameeprehlan/Documents/Projects/visuals/livewall/shots/gaze-fix/cats/night-f26.png
result: {"errors":[],"report":{"time":18.833333333333353,"phase":6,"bad":[],"screen":[[432.92728504512337,496.2673573876235,606.3486738780199,669.2352307692308]],"pets":[{"id":"orange","x":700,"y":849,"k":1.2475384615384615,"state":"land","frame":"jump-b-5"}],"errors":[]}}
saved /Users/sameeprehlan/Documents/Projects/visuals/livewall/shots/gaze-fix/cats/night-f27.png
result: {"errors":[],"report":{"time":19.499999999999993,"phase":6,"bad":[],"screen":[[409.6803323323295,500.23931263858094,629.8825274542808,669.2352307692308]],"pets":[{"id":"orange","x":700,"y":849,"k":1.2475384615384615,"state":"stand","frame":"walk-b-1"}],"errors":[]}}
