saved /Users/sameeprehlan/Documents/Projects/visuals/livewall/shots/follow-angles/speakeasy/day-f00.png
result: {"errors":[],"report":{"time":0.1,"phase":0,"bad":[],"screen":[[236.24109813701443,482.3835196632165,470.9235883975971,659.9033752352756]],"pets":[{"id":"golden","x":885.9906125473166,"y":845.7948369010242,"k":1.0487358429031721,"state":"move","frame":"run-f-1","path":[[870,837],[1030,925]]}],"errors":[]}}
saved /Users/sameeprehlan/Documents/Projects/visuals/livewall/shots/follow-angles/speakeasy/day-f01.png
result: {"errors":[],"report":{"time":0.4666666666666667,"phase":0,"bad":[],"screen":[[284.91998412189014,507.3583655916667,530.8209746625657,689.240984577438]],"pets":[{"id":"golden","x":945.8357555030422,"y":878.7096655266732,"k":1.0832618869160908,"state":"move","frame":"run-f-6","path":[[870,837],[1030,925]]}],"errors":[]}}
saved /Users/sameeprehlan/Documents/Projects/visuals/livewall/shots/follow-angles/speakeasy/day-f02.png
result: {"errors":[],"report":{"time":0.9000000000000005,"phase":0,"bad":[],"screen":[[335.0615482924054,532.5192385069868,590.403960146592,719.7448775971254]],"pets":[{"id":"golden","x":1019.1273305071334,"y":919.0200317789233,"k":1.1255454878799895,"state":"move","frame":"run-f-5","path":[[870,837],[1030,925]]}],"errors":[]}}
saved /Users/sameeprehlan/Documents/Projects/visuals/livewall/shots/follow-angles/speakeasy/day-f03.png
result: {"errors":[],"report":{"time":1.2999999999999994,"phase":0,"bad":[],"screen":[[346.5298305752455,537.5226428579468,595.0509151363449,725.540909090909]],"pets":[{"id":"golden","x":1030,"y":925,"k":1.1318181818181818,"state":"stand","frame":"run-f-1"}],"errors":[]}}
saved /Users/sameeprehlan/Documents/Projects/visuals/livewall/shots/follow-angles/speakeasy/day-f04.png
result: {"errors":[],"report":{"time":1.5666666666666653,"phase":0,"bad":[],"screen":[[346.5298305752455,537.5226428579468,595.0509151363449,725.540909090909]],"pets":[{"id":"golden","x":1030,"y":925,"k":1.1318181818181818,"state":"stand","frame":"run-f-1"}],"errors":[]}}
saved /Users/sameeprehlan/Documents/Projects/visuals/livewall/shots/follow-angles/speakeasy/day-f05.png
result: {"errors":[],"report":{"time":2.066666666666666,"phase":0,"bad":[],"screen":[[346.5298305752455,537.5226428579468,595.0509151363449,725.540909090909]],"pets":[{"id":"golden","x":1030,"y":925,"k":1.1318181818181818,"state":"stand","frame":"run-f-1"}],"errors":[]}}
saved /Users/sameeprehlan/Documents/Projects/visuals/livewall/shots/follow-angles/speakeasy/day-f06.png
result: {"errors":[],"report":{"time":3.100000000000004,"phase":1,"bad":[],"screen":[[179.84385808052554,542.9487469158653,433.0049231815208,727.7726759222278]],"pets":[{"id":"golden","x":803.2813050721177,"y":924.1952822103352,"k":1.1309740722486032,"state":"move","frame":"run-b-2","path":[[780,937],[940,849]]}],"errors":[]}}
saved /Users/sameeprehlan/Documents/Projects/visuals/livewall/shots/follow-angles/speakeasy/day-f07.png
result: {"errors":[],"report":{"time":3.466666666666672,"phase":1,"bad":[],"screen":[[228.09644043140383,522.6044695484647,469.7198381889873,702.9610055856162]],"pets":[{"id":"golden","x":865.9149076895113,"y":889.7468007707687,"k":1.0948393015077993,"state":"move","frame":"run-b-6","path":[[780,937],[940,849]]}],"errors":[]}}
saved /Users/sameeprehlan/Documents/Projects/visuals/livewall/shots/follow-angles/speakeasy/day-f08.png
result: {"errors":[],"report":{"time":3.933333333333341,"phase":1,"bad":[],"screen":[[295.3850107965836,492.99023121948846,530.3146839767296,668.0625874125874]],"pets":[{"id":"golden","x":940,"y":849,"k":1.052097902097902,"state":"move","frame":"run-b-1","path":[[780,937],[940,849]]}],"errors":[]}}
saved /Users/sameeprehlan/Documents/Projects/visuals/livewall/shots/follow-angles/speakeasy/day-f09.png
result: {"errors":[],"report":{"time":4.3333333333333375,"phase":1,"bad":[],"screen":[[295.3850107965836,492.99023121948846,530.3146839767296,668.0625874125874]],"pets":[{"id":"golden","x":940,"y":849,"k":1.052097902097902,"state":"stand","frame":"run-b-1"}],"errors":[]}}
saved /Users/sameeprehlan/Documents/Projects/visuals/livewall/shots/follow-angles/speakeasy/day-f10.png
result: {"errors":[],"report":{"time":4.600000000000002,"phase":1,"bad":[],"screen":[[295.3850107965836,492.99023121948846,530.3146839767296,668.0625874125874]],"pets":[{"id":"golden","x":940,"y":849,"k":1.052097902097902,"state":"stand","frame":"run-b-1"}],"errors":[]}}
saved /Users/sameeprehlan/Documents/Projects/visuals/livewall/shots/follow-angles/speakeasy/day-f11.png
result: {"errors":[],"report":{"time":5.099999999999998,"phase":1,"bad":[],"screen":[[295.3850107965836,492.99023121948846,530.3146839767296,668.0625874125874]],"pets":[{"id":"golden","x":940,"y":849,"k":1.052097902097902,"state":"stand","frame":"run-b-1"}],"errors":[]}}
saved /Users/sameeprehlan/Documents/Projects/visuals/livewall/shots/follow-angles/speakeasy/day-f12.png
result: {"errors":[],"report":{"time":6.133333333333321,"phase":2,"bad":[],"screen":[[147.61292707042438,629.1756930886372,323.89109965925695,749.7423076923077]],"pets":[{"id":"golden","x":720,"y":957,"k":1.1653846153846152,"state":"wiggle","frame":"hunt-2"}],"errors":[]}}
saved /Users/sameeprehlan/Documents/Projects/visuals/livewall/shots/follow-angles/speakeasy/day-f13.png
result: {"errors":[],"report":{"time":6.499999999999985,"phase":2,"bad":[],"screen":[[160.40022577550758,629.1756930886372,332.8450520152577,749.7423076923077]],"pets":[{"id":"golden","x":720,"y":957,"k":1.1653846153846152,"state":"wiggle","frame":"hunt-5"}],"errors":[]}}
saved /Users/sameeprehlan/Documents/Projects/visuals/livewall/shots/follow-angles/speakeasy/day-f14.png
result: {"errors":[],"report":{"time":6.933333333333314,"phase":2,"bad":[],"screen":[[156.19073206929372,626.1942014837955,333.746686774487,749.7423076923077]],"pets":[{"id":"golden","x":720,"y":957,"k":1.1653846153846152,"state":"jumpPrep","frame":"pounce-1"}],"errors":[]}}
saved /Users/sameeprehlan/Documents/Projects/visuals/livewall/shots/follow-angles/speakeasy/day-f15.png
result: {"errors":[],"report":{"time":7.333333333333311,"phase":2,"bad":[],"screen":[[177.63038548821783,601.9028013923323,367.96416135701907,725.4509076008445]],"pets":[{"id":"golden","x":760.1606425702807,"y":957,"k":1.1653846153846152,"state":"jump","frame":"pounce-3"}],"errors":[]}}
saved /Users/sameeprehlan/Documents/Projects/visuals/livewall/shots/follow-angles/speakeasy/day-f16.png
result: {"errors":[],"report":{"time":7.599999999999975,"phase":2,"bad":[],"screen":[[229.50383995513107,626.1942014837955,407.0597946603243,749.7423076923077]],"pets":[{"id":"golden","x":820,"y":957,"k":1.1653846153846152,"state":"land","frame":"pounce-5"}],"errors":[]}}
saved /Users/sameeprehlan/Documents/Projects/visuals/livewall/shots/follow-angles/speakeasy/day-f17.png
result: {"errors":[],"report":{"time":8.099999999999971,"phase":2,"bad":[],"screen":[[239.48423896915267,614.2682350644279,408.5216462319406,749.7423076923077]],"pets":[{"id":"golden","x":820,"y":957,"k":1.1653846153846152,"state":"stand","frame":"walk1"}],"errors":[]}}
saved /Users/sameeprehlan/Documents/Projects/visuals/livewall/shots/follow-angles/speakeasy/day-f18.png
result: {"errors":[],"report":{"time":9.166666666666657,"phase":3,"bad":[],"screen":[[331.49344204194995,561.7286442434506,472.40573696776113,674.112937062937]],"pets":[{"id":"golden","x":930,"y":857,"k":1.0604895104895105,"state":"wiggle","frame":"hunt-f-2"}],"errors":[]}}
saved /Users/sameeprehlan/Documents/Projects/visuals/livewall/shots/follow-angles/speakeasy/day-f19.png
result: {"errors":[],"report":{"time":9.499999999999996,"phase":3,"bad":[],"screen":[[330.3014787833913,561.7286442434506,472.89944652015697,674.112937062937]],"pets":[{"id":"golden","x":930,"y":857,"k":1.0604895104895105,"state":"wiggle","frame":"hunt-f-5"}],"errors":[]}}
saved /Users/sameeprehlan/Documents/Projects/visuals/livewall/shots/follow-angles/speakeasy/day-f20.png
result: {"errors":[],"report":{"time":9.933333333333337,"phase":3,"bad":[],"screen":[[328.6489530048441,563.414317054405,475.966804612282,674.112937062937]],"pets":[{"id":"golden","x":930,"y":857,"k":1.0604895104895105,"state":"jumpPrep","frame":"pounce-f-1"}],"errors":[]}}
saved /Users/sameeprehlan/Documents/Projects/visuals/livewall/shots/follow-angles/speakeasy/day-f21.png
result: {"errors":[],"report":{"time":10.333333333333345,"phase":3,"bad":[],"screen":[[353.5331739720897,556.1421246042455,514.1892284111868,668.5483306375124]],"pets":[{"id":"golden","x":977.7765527379648,"y":883.2771040058807,"k":1.0880529062998747,"state":"jump","frame":"pounce-f-3"}],"errors":[]}}
saved /Users/sameeprehlan/Documents/Projects/visuals/livewall/shots/follow-angles/speakeasy/day-f22.png
result: {"errors":[],"report":{"time":10.600000000000017,"phase":3,"bad":[],"screen":[[399.4321205718679,601.4363619980176,552.5666271430009,715.709090909091]],"pets":[{"id":"golden","x":1030,"y":912,"k":1.1181818181818182,"state":"land","frame":"pounce-f-5"}],"errors":[]}}
saved /Users/sameeprehlan/Documents/Projects/visuals/livewall/shots/follow-angles/speakeasy/day-f23.png
result: {"errors":[],"report":{"time":11.100000000000026,"phase":3,"bad":[],"screen":[[362.94712456693213,535.3943331795108,596.9430267358291,715.709090909091]],"pets":[{"id":"golden","x":1030,"y":912,"k":1.1181818181818182,"state":"stand","frame":"walk-f-1"}],"errors":[]}}
saved /Users/sameeprehlan/Documents/Projects/visuals/livewall/shots/follow-angles/speakeasy/day-f24.png
result: {"errors":[],"report":{"time":12.166666666666712,"phase":4,"bad":[],"screen":[[215.8806356027867,602.2717016854858,364.0385679703729,719.4905594405594]],"pets":[{"id":"golden","x":780,"y":917,"k":1.1234265734265734,"state":"wiggle","frame":"hunt-b-2"}],"errors":[]}}
saved /Users/sameeprehlan/Documents/Projects/visuals/livewall/shots/follow-angles/speakeasy/day-f25.png
result: {"errors":[],"report":{"time":12.500000000000052,"phase":4,"bad":[],"screen":[[218.43112121356273,602.2717016854858,364.7600508349335,719.4905594405594]],"pets":[{"id":"golden","x":780,"y":917,"k":1.1234265734265734,"state":"wiggle","frame":"hunt-b-5"}],"errors":[]}}
saved /Users/sameeprehlan/Documents/Projects/visuals/livewall/shots/follow-angles/speakeasy/day-f26.png
result: {"errors":[],"report":{"time":12.933333333333392,"phase":4,"bad":[],"screen":[[211.13525433396399,600.4426989392703,368.4382004326277,719.4905594405594]],"pets":[{"id":"golden","x":780,"y":917,"k":1.1234265734265734,"state":"jumpPrep","frame":"pounce-b-1"}],"errors":[]}}
saved /Users/sameeprehlan/Documents/Projects/visuals/livewall/shots/follow-angles/speakeasy/day-f27.png
result: {"errors":[],"report":{"time":13.3333333333334,"phase":4,"bad":[],"screen":[[236.32366344518778,543.7806382240967,403.0145154893378,661.0117262400402]],"pets":[{"id":"golden","x":827.7765527379648,"y":890.7228959941193,"k":1.095863177616209,"state":"jump","frame":"pounce-b-3"}],"errors":[]}}
saved /Users/sameeprehlan/Documents/Projects/visuals/livewall/shots/follow-angles/speakeasy/day-f28.png
result: {"errors":[],"report":{"time":13.60000000000007,"phase":4,"bad":[],"screen":[[288.80151517099193,562.6491896566747,441.8016084971397,677.8944055944056]],"pets":[{"id":"golden","x":880,"y":862,"k":1.0657342657342657,"state":"land","frame":"pounce-b-5"}],"errors":[]}}
saved /Users/sameeprehlan/Documents/Projects/visuals/livewall/shots/follow-angles/speakeasy/day-f29.png
result: {"errors":[],"report":{"time":14.10000000000008,"phase":4,"bad":[],"screen":[[257.61687792945736,502.75664144523967,480.37085460487094,677.8944055944056]],"pets":[{"id":"golden","x":880,"y":862,"k":1.0657342657342657,"state":"stand","frame":"walk-b-1"}],"errors":[]}}
