saved /Users/sameeprehlan/Documents/Projects/visuals/livewall/shots/follow-angles/speakeasy/night-f00.png
result: {"errors":[],"report":{"time":0.1,"phase":0,"bad":[],"screen":[[245.84843478594257,487.69735311327327,485.41753775996267,665.2174959180294]],"pets":[{"id":"golden","x":885.9945525917753,"y":845.7970039254765,"k":1.0487381160057445,"state":"move","frame":"run-f-2","path":[[870,837],[1030,925]]}],"errors":[]}}
saved /Users/sameeprehlan/Documents/Projects/visuals/livewall/shots/follow-angles/speakeasy/night-f01.png
result: {"errors":[],"report":{"time":0.4666666666666667,"phase":0,"bad":[],"screen":[[284.0792955294347,506.89583195110595,529.9806890047698,688.7787476257292]],"pets":[{"id":"golden","x":945.8398252600011,"y":878.7119038930008,"k":1.083264234852798,"state":"move","frame":"run-f-6","path":[[870,837],[1030,925]]}],"errors":[]}}
saved /Users/sameeprehlan/Documents/Projects/visuals/livewall/shots/follow-angles/speakeasy/night-f02.png
result: {"errors":[],"report":{"time":0.9000000000000005,"phase":0,"bad":[],"screen":[[334.1851215494348,532.0372037983527,589.5275334036216,719.2628428884916]],"pets":[{"id":"golden","x":1019.1273305071334,"y":919.0200317789233,"k":1.1255454878799895,"state":"move","frame":"run-f-5","path":[[870,837],[1030,925]]}],"errors":[]}}
saved /Users/sameeprehlan/Documents/Projects/visuals/livewall/shots/follow-angles/speakeasy/night-f03.png
result: {"errors":[],"report":{"time":1.2999999999999994,"phase":0,"bad":[],"screen":[[346.5298305752455,537.5226428579468,595.0509151363449,725.540909090909]],"pets":[{"id":"golden","x":1030,"y":925,"k":1.1318181818181818,"state":"stand","frame":"run-f-1"}],"errors":[]}}
saved /Users/sameeprehlan/Documents/Projects/visuals/livewall/shots/follow-angles/speakeasy/night-f04.png
result: {"errors":[],"report":{"time":1.5666666666666653,"phase":0,"bad":[],"screen":[[346.5298305752455,537.5226428579468,595.0509151363449,725.540909090909]],"pets":[{"id":"golden","x":1030,"y":925,"k":1.1318181818181818,"state":"stand","frame":"run-f-1"}],"errors":[]}}
saved /Users/sameeprehlan/Documents/Projects/visuals/livewall/shots/follow-angles/speakeasy/night-f05.png
result: {"errors":[],"report":{"time":2.0666666666666655,"phase":0,"bad":[],"screen":[[346.5298305752455,537.5226428579468,595.0509151363449,725.540909090909]],"pets":[{"id":"golden","x":1030,"y":925,"k":1.1318181818181818,"state":"stand","frame":"run-f-1"}],"errors":[]}}
saved /Users/sameeprehlan/Documents/Projects/visuals/livewall/shots/follow-angles/speakeasy/night-f06.png
result: {"errors":[],"report":{"time":3.1000000000000036,"phase":1,"bad":[],"screen":[[180.727950206363,542.4629091645893,433.8885941611718,727.2865333149268]],"pets":[{"id":"golden","x":803.2855792049842,"y":924.1929314372587,"k":1.1309716064027189,"state":"move","frame":"run-b-2","path":[[780,937],[940,849]]}],"errors":[]}}
saved /Users/sameeprehlan/Documents/Projects/visuals/livewall/shots/follow-angles/speakeasy/night-f07.png
result: {"errors":[],"report":{"time":3.466666666666672,"phase":1,"bad":[],"screen":[[228.9489572363034,522.1355853057701,470.57235499388685,702.4921213429217]],"pets":[{"id":"golden","x":865.9149076895112,"y":889.746800770769,"k":1.0948393015077997,"state":"move","frame":"run-b-6","path":[[780,937],[940,849]]}],"errors":[]}}
saved /Users/sameeprehlan/Documents/Projects/visuals/livewall/shots/follow-angles/speakeasy/night-f08.png
result: {"errors":[],"report":{"time":3.9333333333333407,"phase":1,"bad":[],"screen":[[295.3850107965836,492.99023121948846,530.3146839767296,668.0625874125874]],"pets":[{"id":"golden","x":940,"y":849,"k":1.052097902097902,"state":"move","frame":"run-b-1","path":[[780,937],[940,849]]}],"errors":[]}}
saved /Users/sameeprehlan/Documents/Projects/visuals/livewall/shots/follow-angles/speakeasy/night-f09.png
result: {"errors":[],"report":{"time":4.3333333333333375,"phase":1,"bad":[],"screen":[[295.3850107965836,492.99023121948846,530.3146839767296,668.0625874125874]],"pets":[{"id":"golden","x":940,"y":849,"k":1.052097902097902,"state":"stand","frame":"run-b-1"}],"errors":[]}}
saved /Users/sameeprehlan/Documents/Projects/visuals/livewall/shots/follow-angles/speakeasy/night-f10.png
result: {"errors":[],"report":{"time":4.600000000000001,"phase":1,"bad":[],"screen":[[295.3850107965836,492.99023121948846,530.3146839767296,668.0625874125874]],"pets":[{"id":"golden","x":940,"y":849,"k":1.052097902097902,"state":"stand","frame":"run-b-1"}],"errors":[]}}
saved /Users/sameeprehlan/Documents/Projects/visuals/livewall/shots/follow-angles/speakeasy/night-f11.png
result: {"errors":[],"report":{"time":5.099999999999997,"phase":1,"bad":[],"screen":[[295.3850107965836,492.99023121948846,530.3146839767296,668.0625874125874]],"pets":[{"id":"golden","x":940,"y":849,"k":1.052097902097902,"state":"stand","frame":"run-b-1"}],"errors":[]}}
saved /Users/sameeprehlan/Documents/Projects/visuals/livewall/shots/follow-angles/speakeasy/night-f12.png
result: {"errors":[],"report":{"time":6.13333333333332,"phase":2,"bad":[],"screen":[[147.61292707042438,629.1756930886372,323.89109965925695,749.7423076923077]],"pets":[{"id":"golden","x":720,"y":957,"k":1.1653846153846152,"state":"wiggle","frame":"hunt-2"}],"errors":[]}}
saved /Users/sameeprehlan/Documents/Projects/visuals/livewall/shots/follow-angles/speakeasy/night-f13.png
result: {"errors":[],"report":{"time":6.499999999999984,"phase":2,"bad":[],"screen":[[160.40022577550758,629.1756930886372,332.8450520152577,749.7423076923077]],"pets":[{"id":"golden","x":720,"y":957,"k":1.1653846153846152,"state":"wiggle","frame":"hunt-5"}],"errors":[]}}
saved /Users/sameeprehlan/Documents/Projects/visuals/livewall/shots/follow-angles/speakeasy/night-f14.png
result: {"errors":[],"report":{"time":6.933333333333313,"phase":2,"bad":[],"screen":[[156.19073206929372,626.1942014837955,333.746686774487,749.7423076923077]],"pets":[{"id":"golden","x":720,"y":957,"k":1.1653846153846152,"state":"jumpPrep","frame":"pounce-1"}],"errors":[]}}
saved /Users/sameeprehlan/Documents/Projects/visuals/livewall/shots/follow-angles/speakeasy/night-f15.png
result: {"errors":[],"report":{"time":7.33333333333331,"phase":2,"bad":[],"screen":[[177.63038548821783,601.9028013923323,367.96416135701907,725.4509076008445]],"pets":[{"id":"golden","x":760.1606425702807,"y":957,"k":1.1653846153846152,"state":"jump","frame":"pounce-3"}],"errors":[]}}
saved /Users/sameeprehlan/Documents/Projects/visuals/livewall/shots/follow-angles/speakeasy/night-f16.png
result: {"errors":[],"report":{"time":7.599999999999974,"phase":2,"bad":[],"screen":[[229.50383995513107,626.1942014837955,407.0597946603243,749.7423076923077]],"pets":[{"id":"golden","x":820,"y":957,"k":1.1653846153846152,"state":"land","frame":"pounce-5"}],"errors":[]}}
saved /Users/sameeprehlan/Documents/Projects/visuals/livewall/shots/follow-angles/speakeasy/night-f17.png
result: {"errors":[],"report":{"time":8.099999999999971,"phase":2,"bad":[],"screen":[[239.48423896915267,614.2682350644279,408.5216462319406,749.7423076923077]],"pets":[{"id":"golden","x":820,"y":957,"k":1.1653846153846152,"state":"stand","frame":"walk1"}],"errors":[]}}
saved /Users/sameeprehlan/Documents/Projects/visuals/livewall/shots/follow-angles/speakeasy/night-f18.png
result: {"errors":[],"report":{"time":9.166666666666657,"phase":3,"bad":[],"screen":[[331.49344204194995,561.7286442434506,472.40573696776113,674.112937062937]],"pets":[{"id":"golden","x":930,"y":857,"k":1.0604895104895105,"state":"wiggle","frame":"hunt-f-2"}],"errors":[]}}
saved /Users/sameeprehlan/Documents/Projects/visuals/livewall/shots/follow-angles/speakeasy/night-f19.png
result: {"errors":[],"report":{"time":9.499999999999996,"phase":3,"bad":[],"screen":[[330.3014787833913,561.7286442434506,472.89944652015697,674.112937062937]],"pets":[{"id":"golden","x":930,"y":857,"k":1.0604895104895105,"state":"wiggle","frame":"hunt-f-5"}],"errors":[]}}
saved /Users/sameeprehlan/Documents/Projects/visuals/livewall/shots/follow-angles/speakeasy/night-f20.png
result: {"errors":[],"report":{"time":9.933333333333339,"phase":3,"bad":[],"screen":[[328.6489530048441,563.414317054405,475.966804612282,674.112937062937]],"pets":[{"id":"golden","x":930,"y":857,"k":1.0604895104895105,"state":"jumpPrep","frame":"pounce-f-1"}],"errors":[]}}
saved /Users/sameeprehlan/Documents/Projects/visuals/livewall/shots/follow-angles/speakeasy/night-f21.png
result: {"errors":[],"report":{"time":10.333333333333345,"phase":3,"bad":[],"screen":[[350.9031070344579,555.1191597651775,511.36301556266653,667.394013027311]],"pets":[{"id":"golden","x":974.1014332965827,"y":881.2557883131205,"k":1.0859326450836928,"state":"jump","frame":"pounce-f-3"}],"errors":[]}}
saved /Users/sameeprehlan/Documents/Projects/visuals/livewall/shots/follow-angles/speakeasy/night-f22.png
result: {"errors":[],"report":{"time":10.600000000000017,"phase":3,"bad":[],"screen":[[399.4321205718679,601.4363619980176,552.5666271430009,715.709090909091]],"pets":[{"id":"golden","x":1030,"y":912,"k":1.1181818181818182,"state":"land","frame":"pounce-f-5"}],"errors":[]}}
saved /Users/sameeprehlan/Documents/Projects/visuals/livewall/shots/follow-angles/speakeasy/night-f23.png
result: {"errors":[],"report":{"time":11.100000000000026,"phase":3,"bad":[],"screen":[[362.94712456693213,535.3943331795108,596.9430267358291,715.709090909091]],"pets":[{"id":"golden","x":1030,"y":912,"k":1.1181818181818182,"state":"stand","frame":"walk-f-1"}],"errors":[]}}
saved /Users/sameeprehlan/Documents/Projects/visuals/livewall/shots/follow-angles/speakeasy/night-f24.png
result: {"errors":[],"report":{"time":12.166666666666712,"phase":4,"bad":[],"screen":[[215.8806356027867,602.2717016854858,364.0385679703729,719.4905594405594]],"pets":[{"id":"golden","x":780,"y":917,"k":1.1234265734265734,"state":"wiggle","frame":"hunt-b-2"}],"errors":[]}}
saved /Users/sameeprehlan/Documents/Projects/visuals/livewall/shots/follow-angles/speakeasy/night-f25.png
result: {"errors":[],"report":{"time":12.500000000000052,"phase":4,"bad":[],"screen":[[218.43112121356273,602.2717016854858,364.7600508349335,719.4905594405594]],"pets":[{"id":"golden","x":780,"y":917,"k":1.1234265734265734,"state":"wiggle","frame":"hunt-b-5"}],"errors":[]}}
saved /Users/sameeprehlan/Documents/Projects/visuals/livewall/shots/follow-angles/speakeasy/night-f26.png
result: {"errors":[],"report":{"time":12.933333333333392,"phase":4,"bad":[],"screen":[[211.13525433396399,600.4426989392703,368.4382004326277,719.4905594405594]],"pets":[{"id":"golden","x":780,"y":917,"k":1.1234265734265734,"state":"jumpPrep","frame":"pounce-b-1"}],"errors":[]}}
saved /Users/sameeprehlan/Documents/Projects/visuals/livewall/shots/follow-angles/speakeasy/night-f27.png
result: {"errors":[],"report":{"time":13.3333333333334,"phase":4,"bad":[],"screen":[[236.32366344518778,543.7806382240967,403.0145154893378,661.0117262400402]],"pets":[{"id":"golden","x":827.7765527379648,"y":890.7228959941193,"k":1.095863177616209,"state":"jump","frame":"pounce-b-3"}],"errors":[]}}
saved /Users/sameeprehlan/Documents/Projects/visuals/livewall/shots/follow-angles/speakeasy/night-f28.png
result: {"errors":[],"report":{"time":13.60000000000007,"phase":4,"bad":[],"screen":[[288.80151517099193,562.6491896566747,441.8016084971397,677.8944055944056]],"pets":[{"id":"golden","x":880,"y":862,"k":1.0657342657342657,"state":"land","frame":"pounce-b-5"}],"errors":[]}}
saved /Users/sameeprehlan/Documents/Projects/visuals/livewall/shots/follow-angles/speakeasy/night-f29.png
result: {"errors":[],"report":{"time":14.100000000000081,"phase":4,"bad":[],"screen":[[257.61687792945736,502.75664144523967,480.37085460487094,677.8944055944056]],"pets":[{"id":"golden","x":880,"y":862,"k":1.0657342657342657,"state":"stand","frame":"walk-b-1"}],"errors":[]}}
