saved /Users/sameeprehlan/Documents/Projects/visuals/livewall/shots/pets-shared/cafe/day-f00.png
result: {"errors":[],"report":{"time":0.03333333333333327,"phase":0,"bad":[],"screen":[[491.67905251496654,553.614583343407,667.1315409270691,689.8362068965517]],"pets":[{"id":"golden","x":781.8896551724138,"y":877,"k":1.1810344827586208,"state":"move","frame":"walk-1","path":[[780,877],[960,877]]}],"errors":[]}}
saved /Users/sameeprehlan/Documents/Projects/visuals/livewall/shots/pets-shared/cafe/day-f01.png
result: {"errors":[],"report":{"time":0.43333333333333346,"phase":0,"bad":[],"screen":[[510.16652298518056,552.6797453805559,681.8796595458791,689.8362068965517]],"pets":[{"id":"golden","x":804.565517241379,"y":877,"k":1.1810344827586208,"state":"move","frame":"walk-3","path":[[780,877],[960,877]]}],"errors":[]}}
saved /Users/sameeprehlan/Documents/Projects/visuals/livewall/shots/pets-shared/cafe/day-f02.png
result: {"errors":[],"report":{"time":1.0333333333333328,"phase":0,"bad":[],"screen":[[535.6791326816887,554.549421306258,709.2619451680891,689.8362068965517]],"pets":[{"id":"golden","x":838.5793103448268,"y":877,"k":1.1810344827586208,"state":"move","frame":"walk-6","path":[[780,877],[960,877]]}],"errors":[]}}
saved /Users/sameeprehlan/Documents/Projects/visuals/livewall/shots/pets-shared/cafe/day-f03.png
result: {"errors":[],"report":{"time":2.0333333333333328,"phase":0,"bad":[],"screen":[[579.0444540196625,552.6797453805559,750.757590580361,689.8362068965517]],"pets":[{"id":"golden","x":895.2689655172398,"y":877,"k":1.1810344827586208,"state":"move","frame":"walk-3","path":[[780,877],[960,877]]}],"errors":[]}}
saved /Users/sameeprehlan/Documents/Projects/visuals/livewall/shots/pets-shared/cafe/day-f04.png
result: {"errors":[],"report":{"time":4.333333333333336,"phase":1,"bad":[],"screen":[[61.17717780452071,512.3917939623798,260.59223359073314,679.9754948321226]],"pets":[{"id":"golden","x":227.79943397501097,"y":866.7896886862561,"k":1.1634304977349244,"state":"move","frame":"walk-f-3","path":[[210,857],[330,923]]}],"errors":[]}}
saved /Users/sameeprehlan/Documents/Projects/visuals/livewall/shots/pets-shared/cafe/day-f05.png
result: {"errors":[],"report":{"time":4.833333333333331,"phase":1,"bad":[],"screen":[[77.13675373422679,520.2093884553085,278.57438374598024,690.2604680898428]],"pets":[{"id":"golden","x":252.49442325768473,"y":880.3719327917266,"k":1.1868481599857357,"state":"move","frame":"walk-f-7","path":[[210,857],[330,923]]}],"errors":[]}}
saved /Users/sameeprehlan/Documents/Projects/visuals/livewall/shots/pets-shared/cafe/day-f06.png
result: {"errors":[],"report":{"time":5.533333333333325,"phase":1,"bad":[],"screen":[[102.71885221984988,532.4777457230348,312.58975106388414,706.0668138612418]],"pets":[{"id":"golden","x":287.904709439586,"y":899.8475901917723,"k":1.2204268796409867,"state":"move","frame":"walk-f-5","path":[[210,857],[330,923]]}],"errors":[]}}
saved /Users/sameeprehlan/Documents/Projects/visuals/livewall/shots/pets-shared/cafe/day-f07.png
result: {"errors":[],"report":{"time":7.333333333333308,"phase":2,"bad":[],"screen":[[59.587441686696934,541.7387534491197,266.41233990995323,714.4755106981929]],"pets":[{"id":"golden","x":227.41985080130317,"y":907.4190820592831,"k":1.2334811759642812,"state":"move","frame":"walk-b-3","path":[[210,917],[330,851]]}],"errors":[]}}
saved /Users/sameeprehlan/Documents/Projects/visuals/livewall/shots/pets-shared/cafe/day-f08.png
result: {"errors":[],"report":{"time":7.833333333333305,"phase":2,"bad":[],"screen":[[80.4374751498557,533.4855078160515,283.9906221440911,703.6985757371806]],"pets":[{"id":"golden","x":253.1189460810802,"y":893.2845796554058,"k":1.2091113442334582,"state":"move","frame":"walk-b-7","path":[[210,917],[330,851]]}],"errors":[]}}
saved /Users/sameeprehlan/Documents/Projects/visuals/livewall/shots/pets-shared/cafe/day-f09.png
result: {"errors":[],"report":{"time":8.533333333333315,"phase":2,"bad":[],"screen":[[110.59855554786827,521.1856327033554,309.1151456051791,687.9495107254355]],"pets":[{"id":"golden","x":288.24254821079074,"y":873.9665984840651,"k":1.1758044801449399,"state":"move","frame":"walk-b-5","path":[[210,917],[330,851]]}],"errors":[]}}
saved /Users/sameeprehlan/Documents/Projects/visuals/livewall/shots/pets-shared/cafe/day-f10.png
result: {"errors":[],"report":{"time":10.10000000000001,"phase":3,"bad":[],"screen":[[523.9066935060389,562.2089584656547,691.0933064939611,689.8362068965517]],"pets":[{"id":"golden","x":810,"y":877,"k":1.1810344827586208,"state":"jumpPrep","frame":"jump-1"}],"errors":[]}}
saved /Users/sameeprehlan/Documents/Projects/visuals/livewall/shots/pets-shared/cafe/day-f11.png
result: {"errors":[],"report":{"time":10.366666666666681,"phase":3,"bad":[],"screen":[[532.0921506796861,528.9666494460159,700.9801384769405,680.4131452075623]],"pets":[{"id":"golden","x":822.0481927710845,"y":877,"k":1.1810344827586208,"state":"jump","frame":"jump-2"}],"errors":[]}}
saved /Users/sameeprehlan/Documents/Projects/visuals/livewall/shots/pets-shared/cafe/day-f12.png
result: {"errors":[],"report":{"time":10.633333333333352,"phase":3,"bad":[],"screen":[[578.9238219165586,532.001601737998,750.5340094087445,672.559298719819]],"pets":[{"id":"golden","x":886.3052208835354,"y":877,"k":1.1810344827586208,"state":"jump","frame":"jump-4"}],"errors":[]}}
saved /Users/sameeprehlan/Documents/Projects/visuals/livewall/shots/pets-shared/cafe/day-f13.png
result: {"errors":[],"report":{"time":10.900000000000025,"phase":3,"bad":[],"screen":[[595.3338064064415,562.2089584656547,769.6661935935585,689.8362068965517]],"pets":[{"id":"golden","x":910,"y":877,"k":1.1810344827586208,"state":"land","frame":"jump-5"}],"errors":[]}}
saved /Users/sameeprehlan/Documents/Projects/visuals/livewall/shots/pets-shared/cafe/day-f14.png
result: {"errors":[],"report":{"time":11.700000000000038,"phase":4,"bad":[],"screen":[[71.19837945993417,487.2500028232158,233.39111476086077,674.6293103448277]],"pets":[{"id":"golden","x":210,"y":857,"k":1.146551724137931,"state":"jumpPrep","frame":"jump-f-1"}],"errors":[]}}
saved /Users/sameeprehlan/Documents/Projects/visuals/livewall/shots/pets-shared/cafe/day-f15.png
result: {"errors":[],"report":{"time":12.03333333333338,"phase":4,"bad":[],"screen":[[102.5798932742548,475.4360752462676,265.75401596272513,668.0086494497032]],"pets":[{"id":"golden","x":254.10143329658317,"y":881.2557883131208,"k":1.1883720488157254,"state":"jump","frame":"jump-f-3"}],"errors":[]}}
saved /Users/sameeprehlan/Documents/Projects/visuals/livewall/shots/pets-shared/cafe/day-f16.png
result: {"errors":[],"report":{"time":12.30000000000005,"phase":4,"bad":[],"screen":[[137.72488224368874,517.2932361394217,314.51657973046196,716.448275862069]],"pets":[{"id":"golden","x":310,"y":912,"k":1.2413793103448276,"state":"land","frame":"jump-f-5"}],"errors":[]}}
saved /Users/sameeprehlan/Documents/Projects/visuals/livewall/shots/pets-shared/cafe/day-f17.png
result: {"errors":[],"report":{"time":13.200000000000067,"phase":5,"bad":[],"screen":[[68.44124791049319,520.1092647746171,234.66588078693752,720.25]],"pets":[{"id":"golden","x":210,"y":917,"k":1.25,"state":"jumpPrep","frame":"jump-b-1"}],"errors":[]}}
saved /Users/sameeprehlan/Documents/Projects/visuals/livewall/shots/pets-shared/cafe/day-f18.png
result: {"errors":[],"report":{"time":13.533333333333406,"phase":5,"bad":[],"screen":[[105.3646584772379,468.8194984899399,262.4756243241385,663.769804981021]],"pets":[{"id":"golden","x":254.10143329658317,"y":892.7442116868792,"k":1.2081796753222056,"state":"jump","frame":"jump-b-3"}],"errors":[]}}
saved /Users/sameeprehlan/Documents/Projects/visuals/livewall/shots/pets-shared/cafe/day-f19.png
result: {"errors":[],"report":{"time":13.800000000000077,"phase":5,"bad":[],"screen":[[147.55119202282322,490.05959641240474,306.4261857914961,678.4310344827586]],"pets":[{"id":"golden","x":310,"y":862,"k":1.1551724137931034,"state":"land","frame":"jump-b-5"}],"errors":[]}}
saved /Users/sameeprehlan/Documents/Projects/visuals/livewall/shots/pets-shared/cafe/day-f20.png
result: {"errors":[],"report":{"time":14.700000000000093,"phase":6,"bad":[],"screen":[[257.07884416541117,500.1707345352704,398.896671786626,657.9017241379311]],"pets":[{"id":"grey","x":424.24,"y":835,"k":1.1086206896551725,"state":"jumpPrep","frame":"jump-b-1"}],"errors":[]}}
saved /Users/sameeprehlan/Documents/Projects/visuals/livewall/shots/pets-shared/cafe/day-f21.png
result: {"errors":[],"report":{"time":15.033333333333433,"phase":6,"bad":[],"screen":[[233.62635868393568,369.2281777371885,377.3858187384359,522.4641957505427]],"pets":[{"id":"grey","x":403.89189080891526,"y":750.7588279489091,"k":1.064416176584885,"state":"jump","frame":"jump-b-3"}],"errors":[]}}
saved /Users/sameeprehlan/Documents/Projects/visuals/livewall/shots/pets-shared/cafe/day-f22.png
result: {"errors":[],"report":{"time":15.300000000000106,"phase":6,"bad":[],"screen":[[213.16130873717557,347.2000996818599,361.8101358577328,494.903844969914]],"pets":[{"id":"grey","x":378.8480641121954,"y":647.0773854244891,"k":1.0100106220368383,"state":"jump","frame":"jump-b-4"}],"errors":[]}}
saved /Users/sameeprehlan/Documents/Projects/visuals/livewall/shots/pets-shared/cafe/day-f23.png
result: {"errors":[],"report":{"time":16.200000000000117,"phase":7,"bad":[],"screen":[[715.6583923160543,569.4452580944636,885.7290910555494,689.8362068965517],[433.2579160818931,554.549421306258,604.9710526425915,689.8362068965517]],"pets":[{"id":"grey","x":1056.7724137931036,"y":877,"k":1.1810344827586208,"state":"move","frame":"walk-2","path":[[1070,877],[810,877]]},{"id":"golden","x":703.2275862068966,"y":877,"k":1.1810344827586208,"state":"move","frame":"walk-2","path":[[690,877],[950,877]]}],"errors":[]}}
saved /Users/sameeprehlan/Documents/Projects/visuals/livewall/shots/pets-shared/cafe/day-f24.png
result: {"errors":[],"report":{"time":18.100000000000048,"phase":7,"bad":[],"screen":[[647.8365819058344,569.4452580944636,817.4722185949755,689.8362068965517],[499.2441992052345,553.614583343407,672.3595927102097,689.8362068965517]],"pets":[{"id":"grey","x":969.8482758620715,"y":877,"k":1.1810344827586208,"state":"move","frame":"walk-5","path":[[1070,877],[810,877]]},{"id":"golden","x":789.2068965517208,"y":877,"k":1.1810344827586208,"state":"move","frame":"walk-5","path":[[690,877],[950,877]]}],"errors":[]}}
saved /Users/sameeprehlan/Documents/Projects/visuals/livewall/shots/pets-shared/cafe/day-f25.png
result: {"errors":[],"report":{"time":21.099999999999937,"phase":7,"bad":[],"screen":[[647.8365819058344,569.4452580944636,817.4722185949755,689.8362068965517],[499.74966252295826,553.614583343407,672.8650560279333,689.8362068965517]],"pets":[{"id":"grey","x":969.8482758620715,"y":877,"k":1.1810344827586208,"state":"move","frame":"walk-5","path":[[969.8482758620715,877],[810,877]]},{"id":"golden","x":789.2068965517208,"y":877,"k":1.1810344827586208,"state":"move","frame":"walk-5","path":[[789.2068965517208,877],[950,877]]}],"errors":[]}}
saved /Users/sameeprehlan/Documents/Projects/visuals/livewall/shots/pets-shared/cafe/day-f26.png
result: {"errors":[],"report":{"time":25.099999999999792,"phase":7,"bad":[],"screen":[[647.8365819058344,569.4452580944636,817.4722185949755,689.8362068965517],[499.74966252295826,553.614583343407,672.8650560279333,689.8362068965517]],"pets":[{"id":"grey","x":969.8482758620715,"y":877,"k":1.1810344827586208,"state":"move","frame":"walk-5","path":[[969.8482758620715,877],[810,877]]},{"id":"golden","x":789.2068965517208,"y":877,"k":1.1810344827586208,"state":"move","frame":"walk-5","path":[[789.2068965517208,877],[950,877]]}],"errors":[]}}
saved /Users/sameeprehlan/Documents/Projects/visuals/livewall/shots/pets-shared/cafe/day-f27.png
result: {"errors":[],"report":{"time":28.599999999999664,"phase":8,"bad":[],"screen":[[224.3817258883249,418.0108998551829,336.9782741116751,502],[440.4789567652722,560.4999867399544,561.5210432347278,692.1172413793104]],"pets":[{"id":"grey","x":374.24,"y":628,"k":1,"state":"sleep","frame":"sleep"},{"id":"golden","x":668,"y":880,"k":1.1862068965517243,"state":"sit","frame":"sit"}],"errors":[]}}
saved /Users/sameeprehlan/Documents/Projects/visuals/livewall/shots/pets-shared/cafe/day-f28.png
result: {"errors":[],"report":{"time":30.09999999999961,"phase":8,"bad":[],"screen":[[224.3817258883249,417.251453549448,336.9782741116751,502],[440.4789567652722,560.241055671609,561.5210432347278,692.1172413793104]],"pets":[{"id":"grey","x":374.24,"y":628,"k":1,"state":"sleep","frame":"sleep"},{"id":"golden","x":668,"y":880,"k":1.1862068965517243,"state":"sit","frame":"sit"}],"errors":[]}}
