saved /Users/sameeprehlan/Documents/Projects/visuals/livewall/shots/pets-shared/cafe/night-f00.png
result: {"errors":[],"report":{"time":0.033333333333333326,"phase":0,"bad":[],"screen":[[491.67905251496654,553.614583343407,667.1315409270691,689.8362068965517]],"pets":[{"id":"golden","x":781.8896551724138,"y":877,"k":1.1810344827586208,"state":"move","frame":"walk-1","path":[[780,877],[960,877]]}],"errors":[]}}
saved /Users/sameeprehlan/Documents/Projects/visuals/livewall/shots/pets-shared/cafe/night-f01.png
result: {"errors":[],"report":{"time":0.43333333333333335,"phase":0,"bad":[],"screen":[[510.16652298518056,552.6797453805559,681.8796595458791,689.8362068965517]],"pets":[{"id":"golden","x":804.565517241379,"y":877,"k":1.1810344827586208,"state":"move","frame":"walk-3","path":[[780,877],[960,877]]}],"errors":[]}}
saved /Users/sameeprehlan/Documents/Projects/visuals/livewall/shots/pets-shared/cafe/night-f02.png
result: {"errors":[],"report":{"time":1.0333333333333334,"phase":0,"bad":[],"screen":[[535.6791326816887,554.549421306258,709.2619451680891,689.8362068965517]],"pets":[{"id":"golden","x":838.5793103448268,"y":877,"k":1.1810344827586208,"state":"move","frame":"walk-6","path":[[780,877],[960,877]]}],"errors":[]}}
saved /Users/sameeprehlan/Documents/Projects/visuals/livewall/shots/pets-shared/cafe/night-f03.png
result: {"errors":[],"report":{"time":2.0333333333333323,"phase":0,"bad":[],"screen":[[579.0444540196627,552.6797453805559,750.757590580361,689.8362068965517]],"pets":[{"id":"golden","x":895.2689655172398,"y":877,"k":1.1810344827586208,"state":"move","frame":"walk-3","path":[[780,877],[960,877]]}],"errors":[]}}
saved /Users/sameeprehlan/Documents/Projects/visuals/livewall/shots/pets-shared/cafe/night-f04.png
result: {"errors":[],"report":{"time":4.3333333333333375,"phase":1,"bad":[],"screen":[[61.17717780452071,512.3917939623798,260.59223359073314,679.9754948321226]],"pets":[{"id":"golden","x":227.79943397501097,"y":866.7896886862561,"k":1.1634304977349244,"state":"move","frame":"walk-f-3","path":[[210,857],[330,923]]}],"errors":[]}}
saved /Users/sameeprehlan/Documents/Projects/visuals/livewall/shots/pets-shared/cafe/night-f05.png
result: {"errors":[],"report":{"time":4.833333333333332,"phase":1,"bad":[],"screen":[[77.1367537342267,520.2093884553086,278.5743837459802,690.2604680898429]],"pets":[{"id":"golden","x":252.4944232576847,"y":880.3719327917266,"k":1.1868481599857357,"state":"move","frame":"walk-f-7","path":[[210,857],[330,923]]}],"errors":[]}}
saved /Users/sameeprehlan/Documents/Projects/visuals/livewall/shots/pets-shared/cafe/night-f06.png
result: {"errors":[],"report":{"time":5.533333333333326,"phase":1,"bad":[],"screen":[[102.71885221984988,532.4777457230348,312.58975106388414,706.0668138612418]],"pets":[{"id":"golden","x":287.90470943958593,"y":899.8475901917723,"k":1.2204268796409867,"state":"move","frame":"walk-f-5","path":[[210,857],[330,923]]}],"errors":[]}}
saved /Users/sameeprehlan/Documents/Projects/visuals/livewall/shots/pets-shared/cafe/night-f07.png
result: {"errors":[],"report":{"time":7.33333333333331,"phase":2,"bad":[],"screen":[[59.587441686696906,541.7387534491197,266.41233990995323,714.4755106981928]],"pets":[{"id":"golden","x":227.41985080130317,"y":907.4190820592831,"k":1.2334811759642812,"state":"move","frame":"walk-b-3","path":[[210,917],[330,851]]}],"errors":[]}}
saved /Users/sameeprehlan/Documents/Projects/visuals/livewall/shots/pets-shared/cafe/night-f08.png
result: {"errors":[],"report":{"time":7.8333333333333055,"phase":2,"bad":[],"screen":[[80.43747514985571,533.4855078160516,283.99062214409116,703.6985757371807]],"pets":[{"id":"golden","x":253.1189460810802,"y":893.2845796554059,"k":1.2091113442334585,"state":"move","frame":"walk-b-7","path":[[210,917],[330,851]]}],"errors":[]}}
saved /Users/sameeprehlan/Documents/Projects/visuals/livewall/shots/pets-shared/cafe/night-f09.png
result: {"errors":[],"report":{"time":8.533333333333312,"phase":2,"bad":[],"screen":[[110.5994453173272,521.1852812460131,309.1159128055707,687.9490515229852]],"pets":[{"id":"golden","x":288.24364539488886,"y":873.9659950328112,"k":1.1758034397117434,"state":"move","frame":"walk-b-5","path":[[210,917],[330,851]]}],"errors":[]}}
saved /Users/sameeprehlan/Documents/Projects/visuals/livewall/shots/pets-shared/cafe/night-f10.png
result: {"errors":[],"report":{"time":10.100000000000009,"phase":3,"bad":[],"screen":[[523.9066935060389,562.2089584656547,691.0933064939611,689.8362068965517]],"pets":[{"id":"golden","x":810,"y":877,"k":1.1810344827586208,"state":"jumpPrep","frame":"jump-1"}],"errors":[]}}
saved /Users/sameeprehlan/Documents/Projects/visuals/livewall/shots/pets-shared/cafe/night-f11.png
result: {"errors":[],"report":{"time":10.36666666666668,"phase":3,"bad":[],"screen":[[529.0801024869153,532.0231925150085,697.9680902841696,683.469688276555]],"pets":[{"id":"golden","x":818.0321285140566,"y":877,"k":1.1810344827586208,"state":"jump","frame":"jump-2"}],"errors":[]}}
saved /Users/sameeprehlan/Documents/Projects/visuals/livewall/shots/pets-shared/cafe/night-f12.png
result: {"errors":[],"report":{"time":10.63333333333335,"phase":3,"bad":[],"screen":[[575.9117737237877,529.7788870529935,747.5219612159734,670.3365840348145]],"pets":[{"id":"golden","x":882.2891566265075,"y":877,"k":1.1810344827586208,"state":"jump","frame":"jump-4"}],"errors":[]}}
saved /Users/sameeprehlan/Documents/Projects/visuals/livewall/shots/pets-shared/cafe/night-f13.png
result: {"errors":[],"report":{"time":10.900000000000022,"phase":3,"bad":[],"screen":[[595.3338064064415,562.2089584656547,769.6661935935585,689.8362068965517]],"pets":[{"id":"golden","x":910,"y":877,"k":1.1810344827586208,"state":"land","frame":"jump-5"}],"errors":[]}}
saved /Users/sameeprehlan/Documents/Projects/visuals/livewall/shots/pets-shared/cafe/night-f14.png
result: {"errors":[],"report":{"time":11.700000000000037,"phase":4,"bad":[],"screen":[[71.19837945993417,487.2500028232158,233.39111476086077,674.6293103448277]],"pets":[{"id":"golden","x":210,"y":857,"k":1.146551724137931,"state":"jumpPrep","frame":"jump-f-1"}],"errors":[]}}
saved /Users/sameeprehlan/Documents/Projects/visuals/livewall/shots/pets-shared/cafe/night-f15.png
result: {"errors":[],"report":{"time":12.033333333333376,"phase":4,"bad":[],"screen":[[105.16615290213807,476.1658092280254,268.642844646702,669.1711556549465]],"pets":[{"id":"golden","x":257.7765527379648,"y":883.2771040058807,"k":1.191857075872208,"state":"jump","frame":"jump-f-3"}],"errors":[]}}
saved /Users/sameeprehlan/Documents/Projects/visuals/livewall/shots/pets-shared/cafe/night-f16.png
result: {"errors":[],"report":{"time":12.300000000000047,"phase":4,"bad":[],"screen":[[137.72488224368874,517.2932361394217,314.51657973046196,716.448275862069]],"pets":[{"id":"golden","x":310,"y":912,"k":1.2413793103448276,"state":"land","frame":"jump-f-5"}],"errors":[]}}
saved /Users/sameeprehlan/Documents/Projects/visuals/livewall/shots/pets-shared/cafe/night-f17.png
result: {"errors":[],"report":{"time":13.200000000000063,"phase":5,"bad":[],"screen":[[68.44124791049319,520.1092647746171,234.66588078693752,720.25]],"pets":[{"id":"golden","x":210,"y":917,"k":1.25,"state":"jumpPrep","frame":"jump-b-1"}],"errors":[]}}
saved /Users/sameeprehlan/Documents/Projects/visuals/livewall/shots/pets-shared/cafe/night-f18.png
result: {"errors":[],"report":{"time":13.533333333333404,"phase":5,"bad":[],"screen":[[105.3646584772379,468.8194984899399,262.4756243241385,663.769804981021]],"pets":[{"id":"golden","x":254.10143329658317,"y":892.7442116868792,"k":1.2081796753222056,"state":"jump","frame":"jump-b-3"}],"errors":[]}}
saved /Users/sameeprehlan/Documents/Projects/visuals/livewall/shots/pets-shared/cafe/night-f19.png
result: {"errors":[],"report":{"time":13.800000000000075,"phase":5,"bad":[],"screen":[[147.55119202282322,490.05959641240474,306.4261857914961,678.4310344827586]],"pets":[{"id":"golden","x":310,"y":862,"k":1.1551724137931034,"state":"land","frame":"jump-b-5"}],"errors":[]}}
saved /Users/sameeprehlan/Documents/Projects/visuals/livewall/shots/pets-shared/cafe/night-f20.png
result: {"errors":[],"report":{"time":14.700000000000092,"phase":6,"bad":[],"screen":[[257.07884416541117,500.1707345352704,398.896671786626,657.9017241379311]],"pets":[{"id":"grey","x":424.24,"y":835,"k":1.1086206896551725,"state":"jumpPrep","frame":"jump-b-1"}],"errors":[]}}
saved /Users/sameeprehlan/Documents/Projects/visuals/livewall/shots/pets-shared/cafe/night-f21.png
result: {"errors":[],"report":{"time":15.033333333333431,"phase":6,"bad":[],"screen":[[234.6747654069386,376.2377690602643,378.7018005399862,529.8195541189498]],"pets":[{"id":"grey","x":405.4571299774601,"y":757.2389181066849,"k":1.0678165237441375,"state":"jump","frame":"jump-b-3"}],"errors":[]}}
saved /Users/sameeprehlan/Documents/Projects/visuals/livewall/shots/pets-shared/cafe/night-f22.png
result: {"errors":[],"report":{"time":15.300000000000102,"phase":6,"bad":[],"screen":[[214.19729071431973,344.7639668307171,363.14456696094913,492.8134791641024]],"pets":[{"id":"grey","x":380.4133032807405,"y":653.5574755822654,"k":1.0134109691960913,"state":"jump","frame":"jump-b-4"}],"errors":[]}}
saved /Users/sameeprehlan/Documents/Projects/visuals/livewall/shots/pets-shared/cafe/night-f23.png
result: {"errors":[],"report":{"time":16.20000000000012,"phase":7,"bad":[],"screen":[[715.6583923160547,569.4452580944636,885.7290910555496,689.8362068965517],[433.25791608189326,554.549421306258,604.9710526425918,689.8362068965517]],"pets":[{"id":"grey","x":1056.7724137931036,"y":877,"k":1.1810344827586208,"state":"move","frame":"walk-2","path":[[1070,877],[810,877]]},{"id":"golden","x":703.2275862068973,"y":877,"k":1.1810344827586208,"state":"move","frame":"walk-2","path":[[690,877],[950,877]]}],"errors":[]}}
saved /Users/sameeprehlan/Documents/Projects/visuals/livewall/shots/pets-shared/cafe/night-f24.png
result: {"errors":[],"report":{"time":18.10000000000005,"phase":7,"bad":[],"screen":[[647.1279612161794,569.4452580944636,816.7635979053205,689.8362068965517],[499.04104183330344,553.614583343407,672.1564353382785,689.8362068965517]],"pets":[{"id":"grey","x":968.9034482758649,"y":877,"k":1.1810344827586208,"state":"move","frame":"walk-5","path":[[1070,877],[810,877]]},{"id":"golden","x":788.2620689655145,"y":877,"k":1.1810344827586208,"state":"move","frame":"walk-5","path":[[690,877],[950,877]]}],"errors":[]}}
saved /Users/sameeprehlan/Documents/Projects/visuals/livewall/shots/pets-shared/cafe/night-f25.png
result: {"errors":[],"report":{"time":21.09999999999994,"phase":7,"bad":[],"screen":[[647.1279612161794,569.4452580944636,816.7635979053205,689.8362068965517],[499.04104183330344,553.614583343407,672.1564353382785,689.8362068965517]],"pets":[{"id":"grey","x":968.9034482758649,"y":877,"k":1.1810344827586208,"state":"move","frame":"walk-5","path":[[968.9034482758649,877],[810,877]]},{"id":"golden","x":788.2620689655145,"y":877,"k":1.1810344827586208,"state":"move","frame":"walk-5","path":[[788.2620689655145,877],[950,877]]}],"errors":[]}}
saved /Users/sameeprehlan/Documents/Projects/visuals/livewall/shots/pets-shared/cafe/night-f26.png
result: {"errors":[],"report":{"time":25.099999999999795,"phase":7,"bad":[],"screen":[[647.1279612161794,569.4452580944636,816.7635979053205,689.8362068965517],[499.04104183330344,553.614583343407,672.1564353382785,689.8362068965517]],"pets":[{"id":"grey","x":968.9034482758649,"y":877,"k":1.1810344827586208,"state":"move","frame":"walk-5","path":[[968.9034482758649,877],[810,877]]},{"id":"golden","x":788.2620689655145,"y":877,"k":1.1810344827586208,"state":"move","frame":"walk-5","path":[[788.2620689655145,877],[950,877]]}],"errors":[]}}
saved /Users/sameeprehlan/Documents/Projects/visuals/livewall/shots/pets-shared/cafe/night-f27.png
result: {"errors":[],"report":{"time":28.599999999999667,"phase":8,"bad":[],"screen":[[224.3817258883249,418.0351518856171,336.9782741116751,502],[440.4789567652722,560.6774827612029,561.5210432347278,692.1172413793104]],"pets":[{"id":"grey","x":374.24,"y":628,"k":1,"state":"sleep","frame":"sleep"},{"id":"golden","x":668,"y":880,"k":1.1862068965517243,"state":"sit","frame":"sit"}],"errors":[]}}
saved /Users/sameeprehlan/Documents/Projects/visuals/livewall/shots/pets-shared/cafe/night-f28.png
result: {"errors":[],"report":{"time":30.099999999999614,"phase":8,"bad":[],"screen":[[224.3817258883249,417.27074733204654,336.9782741116751,502],[440.4789567652722,560.0878095071853,561.5210432347278,692.1172413793104]],"pets":[{"id":"grey","x":374.24,"y":628,"k":1,"state":"sleep","frame":"sleep"},{"id":"golden","x":668,"y":880,"k":1.1862068965517243,"state":"sit","frame":"sit"}],"errors":[]}}
