saved shots/cats-jumps/black-back-left-day-f00.png
result: {"errors":[],"report":{"x":750,"y":840,"z":0,"state":"jumpPrep","frame":"jump-b-1","view":{"view":"b","face":-1},"jump":{"view":"b","key":"jump-b","vx":-50,"vy":-85},"shift":[0,0],"scale":1.1883323076923076,"loaded":["stand-sit","sit-sleep","turn","jump","jump-f","jump-b"]}}
saved shots/cats-jumps/black-back-left-day-f01.png
result: {"errors":[],"report":{"x":750,"y":840,"z":0,"state":"jumpPrep","frame":"jump-b-1","view":{"view":"b","face":-1},"jump":{"view":"b","key":"jump-b","vx":-50,"vy":-85},"shift":[0,0],"scale":1.1883323076923076,"loaded":["stand-sit","sit-sleep","turn","jump","jump-f","jump-b"]}}
saved shots/cats-jumps/black-back-left-day-f02.png
result: {"errors":[],"report":{"x":746.2714392244593,"y":833.6614466815809,"z":16.893733515507357,"state":"jump","frame":"jump-b-2","view":{"view":"b","face":-1},"jump":{"view":"b","key":"jump-b","vx":-50,"vy":-85},"shift":[0,0],"scale":1.1817792187231113,"loaded":["stand-sit","sit-sleep","turn","jump","jump-f","jump-b"]}}
saved shots/cats-jumps/black-back-left-day-f03.png
result: {"errors":[],"report":{"x":738.814317673378,"y":820.9843400447427,"z":42.51340029728393,"state":"jump","frame":"jump-b-2","view":{"view":"b","face":-1},"jump":{"view":"b","key":"jump-b","vx":-50,"vy":-85},"shift":[0,0],"scale":1.1686730407847186,"loaded":["stand-sit","sit-sleep","turn","jump","jump-f","jump-b"]}}
saved shots/cats-jumps/black-back-left-day-f04.png
result: {"errors":[],"report":{"x":731.3571961222967,"y":808.3072334079045,"z":57.24266674674316,"state":"jump","frame":"jump-b-3","view":{"view":"b","face":-1},"jump":{"view":"b","key":"jump-b","vx":-50,"vy":-85},"shift":[0,0],"scale":1.1555668628463258,"loaded":["stand-sit","sit-sleep","turn","jump","jump-f","jump-b"]}}
saved shots/cats-jumps/black-back-left-day-f05.png
result: {"errors":[],"report":{"x":723.9000745712154,"y":795.6301267710663,"z":61.081532863885,"state":"jump","frame":"jump-b-3","view":{"view":"b","face":-1},"jump":{"view":"b","key":"jump-b","vx":-50,"vy":-85},"shift":[0,0],"scale":1.142460684907933,"loaded":["stand-sit","sit-sleep","turn","jump","jump-f","jump-b"]}}
saved shots/cats-jumps/black-back-left-day-f06.png
result: {"errors":[],"report":{"x":716.4429530201343,"y":782.9530201342282,"z":54.02999864870951,"state":"jump","frame":"jump-b-4","view":{"view":"b","face":-1},"jump":{"view":"b","key":"jump-b","vx":-50,"vy":-85},"shift":[0,0],"scale":1.1293545069695405,"loaded":["stand-sit","sit-sleep","turn","jump","jump-f","jump-b"]}}
saved shots/cats-jumps/black-back-left-day-f07.png
result: {"errors":[],"report":{"x":708.985831469053,"y":770.27591349739,"z":36.08806410121665,"state":"jump","frame":"jump-b-4","view":{"view":"b","face":-1},"jump":{"view":"b","key":"jump-b","vx":-50,"vy":-85},"shift":[0,0],"scale":1.1162483290311476,"loaded":["stand-sit","sit-sleep","turn","jump","jump-f","jump-b"]}}
saved shots/cats-jumps/black-back-left-day-f08.png
result: {"errors":[],"report":{"x":701.5287099179717,"y":757.5988068605519,"z":7.2557292214065585,"state":"jump","frame":"jump-b-4","view":{"view":"b","face":-1},"jump":{"view":"b","key":"jump-b","vx":-50,"vy":-85},"shift":[0,0],"scale":1.103142151092755,"loaded":["stand-sit","sit-sleep","turn","jump","jump-f","jump-b"]}}
saved shots/cats-jumps/black-back-left-day-f09.png
result: {"errors":[],"report":{"x":700,"y":755,"z":0,"state":"land","frame":"jump-b-5","view":{"view":"b","face":-1},"jump":{"view":"b","key":"jump-b","vx":-50,"vy":-85},"shift":[0,0],"scale":1.1004553846153846,"loaded":["stand-sit","sit-sleep","turn","jump","jump-f","jump-b"]}}
saved shots/cats-jumps/black-back-left-day-f10.png
result: {"errors":[],"report":{"x":700,"y":755,"z":0,"state":"land","frame":"jump-b-5","view":{"view":"b","face":-1},"jump":{"view":"b","key":"jump-b","vx":-50,"vy":-85},"shift":[0,0],"scale":1.1004553846153846,"loaded":["stand-sit","sit-sleep","turn","jump","jump-f","jump-b"]}}
saved shots/cats-jumps/black-back-left-day-f11.png
result: {"errors":[],"report":{"x":696.5887386688299,"y":753.1238062678565,"z":0,"state":"move","frame":"walk-b-1","view":{"view":"b","face":-1},"jump":null,"shift":[3.1035110033767594,1.7069310518570482],"scale":1.098515688941538,"loaded":["stand-sit","sit-sleep","turn","jump","jump-f","jump-b"]}}
saved shots/cats-jumps/black-back-left-day-f12.png
result: {"errors":[],"report":{"x":689.1174638612968,"y":749.0146051237132,"z":0,"state":"move","frame":"walk-b-3","view":{"view":"b","face":-1},"jump":null,"shift":[1.377043427107359,0.7573738849090417],"scale":1.094267407143285,"loaded":["stand-sit","sit-sleep","turn","jump","jump-f","jump-b"]}}
saved shots/cats-jumps/black-back-left-day-f13.png
result: {"errors":[],"report":{"x":679.7619596155117,"y":743.8690777885314,"z":0,"state":"move","frame":"walk-b-5","view":{"view":"b","face":-1},"jump":null,"shift":[1.4078442650827088,0.7743143457955707],"scale":1.088947723498297,"loaded":["stand-sit","sit-sleep","turn","jump","jump-f","jump-b"]}}
saved shots/cats-jumps/black-back-left-day-f14.png
result: {"errors":[],"report":{"x":671.1397094845181,"y":739.1268402164849,"z":0,"state":"move","frame":"walk-b-7","view":{"view":"b","face":-1},"jump":null,"shift":[0.803584476537514,0.44197146209567173],"scale":1.084044979423812,"loaded":["stand-sit","sit-sleep","turn","jump","jump-f","jump-b"]}}
saved shots/cats-jumps/black-back-left-day-f15.png
result: {"errors":[],"report":{"x":664.2630047858925,"y":735.2803473677592,"z":0,"state":"move","frame":"walk-b-8","view":{"view":"b","face":-1},"jump":null,"shift":[2.834735220327173,1.7418516329652238],"scale":1.0800682975863602,"loaded":["stand-sit","sit-sleep","turn","jump","jump-f","jump-b"]}}
