saved shots/cats-jumps/black-front-left-day-f00.png
result: {"errors":[],"report":{"x":750,"y":790,"z":0,"state":"jumpPrep","frame":"jump-f-1","view":{"view":"f","face":-1},"jump":{"view":"f","key":"jump-f","vx":-50,"vy":85},"shift":[0,0],"scale":1.1366399999999999,"loaded":["stand-sit","sit-sleep","turn","jump","jump-f","jump-b"]}}
saved shots/cats-jumps/black-front-left-day-f01.png
result: {"errors":[],"report":{"x":750,"y":790,"z":0,"state":"jumpPrep","frame":"jump-f-1","view":{"view":"f","face":-1},"jump":{"view":"f","key":"jump-f","vx":-50,"vy":85},"shift":[0,0],"scale":1.1366399999999999,"loaded":["stand-sit","sit-sleep","turn","jump","jump-f","jump-b"]}}
saved shots/cats-jumps/black-front-left-day-f02.png
result: {"errors":[],"report":{"x":746.2714392244593,"y":796.3385533184191,"z":9.385407508615199,"state":"jump","frame":"jump-f-2","view":{"view":"f","face":-1},"jump":{"view":"f","key":"jump-f","vx":-50,"vy":85},"shift":[0,0],"scale":1.1431930889691961,"loaded":["stand-sit","sit-sleep","turn","jump","jump-f","jump-b"]}}
saved shots/cats-jumps/black-front-left-day-f03.png
result: {"errors":[],"report":{"x":738.8143176733781,"y":809.0156599552572,"z":23.618555720713257,"state":"jump","frame":"jump-f-2","view":{"view":"f","face":-1},"jump":{"view":"f","key":"jump-f","vx":-50,"vy":85},"shift":[0,0],"scale":1.1562992669075889,"loaded":["stand-sit","sit-sleep","turn","jump","jump-f","jump-b"]}}
saved shots/cats-jumps/black-front-left-day-f04.png
result: {"errors":[],"report":{"x":731.3571961222968,"y":821.6927665920954,"z":31.801481525968402,"state":"jump","frame":"jump-f-3","view":{"view":"f","face":-1},"jump":{"view":"f","key":"jump-f","vx":-50,"vy":85},"shift":[0,0],"scale":1.1694054448459816,"loaded":["stand-sit","sit-sleep","turn","jump","jump-f","jump-b"]}}
saved shots/cats-jumps/black-front-left-day-f05.png
result: {"errors":[],"report":{"x":723.9000745712156,"y":834.3698732289336,"z":33.93418492438057,"state":"jump","frame":"jump-f-3","view":{"view":"f","face":-1},"jump":{"view":"f","key":"jump-f","vx":-50,"vy":85},"shift":[0,0],"scale":1.1825116227843744,"loaded":["stand-sit","sit-sleep","turn","jump","jump-f","jump-b"]}}
saved shots/cats-jumps/black-front-left-day-f06.png
result: {"errors":[],"report":{"x":716.4429530201343,"y":847.0469798657717,"z":30.016665915949773,"state":"jump","frame":"jump-f-4","view":{"view":"f","face":-1},"jump":{"view":"f","key":"jump-f","vx":-50,"vy":85},"shift":[0,0],"scale":1.1956178007227671,"loaded":["stand-sit","sit-sleep","turn","jump","jump-f","jump-b"]}}
saved shots/cats-jumps/black-front-left-day-f07.png
result: {"errors":[],"report":{"x":708.985831469053,"y":859.7240865026099,"z":20.04892450067605,"state":"jump","frame":"jump-f-4","view":{"view":"f","face":-1},"jump":{"view":"f","key":"jump-f","vx":-50,"vy":85},"shift":[0,0],"scale":1.2087239786611597,"loaded":["stand-sit","sit-sleep","turn","jump","jump-f","jump-b"]}}
saved shots/cats-jumps/black-front-left-day-f08.png
result: {"errors":[],"report":{"x":701.5287099179718,"y":872.401193139448,"z":4.030960678559383,"state":"jump","frame":"jump-f-4","view":{"view":"f","face":-1},"jump":{"view":"f","key":"jump-f","vx":-50,"vy":85},"shift":[0,0],"scale":1.2218301565995524,"loaded":["stand-sit","sit-sleep","turn","jump","jump-f","jump-b"]}}
saved shots/cats-jumps/black-front-left-day-f09.png
result: {"errors":[],"report":{"x":700,"y":875,"z":0,"state":"land","frame":"jump-f-5","view":{"view":"f","face":-1},"jump":{"view":"f","key":"jump-f","vx":-50,"vy":85},"shift":[0,0],"scale":1.224516923076923,"loaded":["stand-sit","sit-sleep","turn","jump","jump-f","jump-b"]}}
saved shots/cats-jumps/black-front-left-day-f10.png
result: {"errors":[],"report":{"x":700,"y":875,"z":0,"state":"land","frame":"jump-f-5","view":{"view":"f","face":-1},"jump":{"view":"f","key":"jump-f","vx":-50,"vy":85},"shift":[0,0],"scale":1.224516923076923,"loaded":["stand-sit","sit-sleep","turn","jump","jump-f","jump-b"]}}
saved shots/cats-jumps/black-front-left-day-f11.png
result: {"errors":[],"report":{"x":696.1947188185396,"y":877.0929046498031,"z":0,"state":"move","frame":"walk-f-1","view":{"view":"f","face":-1},"jump":null,"shift":[3.103921672317442,-1.707156919774414],"scale":1.2266806644994888,"loaded":["stand-sit","sit-sleep","turn","jump","jump-f","jump-b"]}}
saved shots/cats-jumps/black-front-left-day-f12.png
result: {"errors":[],"report":{"x":687.6396413965044,"y":881.7981972319226,"z":0,"state":"move","frame":"walk-f-3","view":{"view":"f","face":-1},"jump":null,"shift":[1.5188885625597566,-0.8353887094078823],"scale":1.2315452131382338,"loaded":["stand-sit","sit-sleep","turn","jump","jump-f","jump-b"]}}
saved shots/cats-jumps/black-front-left-day-f13.png
result: {"errors":[],"report":{"x":676.8587998074145,"y":887.727660105922,"z":0,"state":"move","frame":"walk-f-5","view":{"view":"f","face":-1},"jump":null,"shift":[1.7043625516975172,-0.9373994034336178],"scale":1.2376753655248915,"loaded":["stand-sit","sit-sleep","turn","jump","jump-f","jump-b"]}}
saved shots/cats-jumps/black-front-left-day-f14.png
result: {"errors":[],"report":{"x":667.8583809698025,"y":892.6778904666086,"z":0,"state":"move","frame":"walk-f-7","view":{"view":"f","face":-1},"jump":null,"shift":[0.41579021539178695,-0.22868461846544097],"scale":1.2427931421439398,"loaded":["stand-sit","sit-sleep","turn","jump","jump-f","jump-b"]}}
saved shots/cats-jumps/black-front-left-day-f15.png
result: {"errors":[],"report":{"x":668.3281341772243,"y":896.9554737974734,"z":0,"state":"move","frame":"walk-f-8","view":{"view":"f","face":-1},"jump":null,"shift":[-2.1039076350928543,-1.1571491993009877],"scale":1.247215505218311,"loaded":["stand-sit","sit-sleep","turn","jump","jump-f","jump-b"]}}
