saved shots/cats-jumps/black-side-left-night-f00.png
result: {"errors":[],"report":{"x":750,"y":790,"z":0,"state":"jumpPrep","frame":"jump-1","view":{"view":"side","face":-1},"jump":{"view":"side","key":"jump","vx":-140,"vy":0},"shift":[0,0],"scale":1.1366399999999999,"loaded":["stand-sit","sit-sleep","turn","jump","jump-f","jump-b"]}}
saved shots/cats-jumps/black-side-left-night-f01.png
result: {"errors":[],"report":{"x":750,"y":790,"z":0,"state":"jumpPrep","frame":"jump-1","view":{"view":"side","face":-1},"jump":{"view":"side","key":"jump","vx":-140,"vy":0},"shift":[0,0],"scale":1.1366399999999999,"loaded":["stand-sit","sit-sleep","turn","jump","jump-f","jump-b"]}}
saved shots/cats-jumps/black-side-left-night-f02.png
result: {"errors":[],"report":{"x":739.3211289092296,"y":790,"z":9.582474409750038,"state":"jump","frame":"jump-2","view":{"view":"side","face":-1},"jump":{"view":"side","key":"jump","vx":-140,"vy":0},"shift":[0,0],"scale":1.1366399999999999,"loaded":["stand-sit","sit-sleep","turn","jump","jump-f","jump-b"]}}
saved shots/cats-jumps/black-side-left-night-f03.png
result: {"errors":[],"report":{"x":717.9633867276888,"y":790,"z":23.9997067586886,"state":"jump","frame":"jump-2","view":{"view":"side","face":-1},"jump":{"view":"side","key":"jump","vx":-140,"vy":0},"shift":[0,0],"scale":1.1366399999999999,"loaded":["stand-sit","sit-sleep","turn","jump","jump-f","jump-b"]}}
saved shots/cats-jumps/black-side-left-night-f04.png
result: {"errors":[],"report":{"x":696.6056445461479,"y":790,"z":32.08665048021175,"state":"jump","frame":"jump-3","view":{"view":"side","face":-1},"jump":{"view":"side","key":"jump","vx":-140,"vy":0},"shift":[0,0],"scale":1.1366399999999999,"loaded":["stand-sit","sit-sleep","turn","jump","jump-f","jump-b"]}}
saved shots/cats-jumps/black-side-left-night-f05.png
result: {"errors":[],"report":{"x":675.2479023646071,"y":790,"z":33.8433055743195,"state":"jump","frame":"jump-3","view":{"view":"side","face":-1},"jump":{"view":"side","key":"jump","vx":-140,"vy":0},"shift":[0,0],"scale":1.1366399999999999,"loaded":["stand-sit","sit-sleep","turn","jump","jump-f","jump-b"]}}
saved shots/cats-jumps/black-side-left-night-f06.png
result: {"errors":[],"report":{"x":653.8901601830662,"y":790,"z":29.269672041011848,"state":"jump","frame":"jump-4","view":{"view":"side","face":-1},"jump":{"view":"side","key":"jump","vx":-140,"vy":0},"shift":[0,0],"scale":1.1366399999999999,"loaded":["stand-sit","sit-sleep","turn","jump","jump-f","jump-b"]}}
saved shots/cats-jumps/black-side-left-night-f07.png
result: {"errors":[],"report":{"x":632.5324180015255,"y":790,"z":18.36574988028881,"state":"jump","frame":"jump-4","view":{"view":"side","face":-1},"jump":{"view":"side","key":"jump","vx":-140,"vy":0},"shift":[0,0],"scale":1.1366399999999999,"loaded":["stand-sit","sit-sleep","turn","jump","jump-f","jump-b"]}}
saved shots/cats-jumps/black-side-left-night-f08.png
result: {"errors":[],"report":{"x":611.1746758199846,"y":790,"z":1.131539092150363,"state":"jump","frame":"jump-4","view":{"view":"side","face":-1},"jump":{"view":"side","key":"jump","vx":-140,"vy":0},"shift":[0,0],"scale":1.1366399999999999,"loaded":["stand-sit","sit-sleep","turn","jump","jump-f","jump-b"]}}
saved shots/cats-jumps/black-side-left-night-f09.png
result: {"errors":[],"report":{"x":610,"y":790,"z":0,"state":"land","frame":"jump-5","view":{"view":"side","face":-1},"jump":{"view":"side","key":"jump","vx":-140,"vy":0},"shift":[0,0],"scale":1.1366399999999999,"loaded":["stand-sit","sit-sleep","turn","jump","jump-f","jump-b"]}}
saved shots/cats-jumps/black-side-left-night-f10.png
result: {"errors":[],"report":{"x":610,"y":790,"z":0,"state":"land","frame":"jump-5","view":{"view":"side","face":-1},"jump":{"view":"side","key":"jump","vx":-140,"vy":0},"shift":[0,0],"scale":1.1366399999999999,"loaded":["stand-sit","sit-sleep","turn","jump","jump-f","jump-b"]}}
saved shots/cats-jumps/black-side-left-night-f11.png
result: {"errors":[],"report":{"x":605.9749607419756,"y":790,"z":0,"state":"move","frame":"walk-1","view":{"view":"side","face":-1},"jump":null,"shift":[3.5411733337067455,0],"scale":1.1366399999999999,"loaded":["stand-sit","sit-sleep","turn","jump","jump-f","jump-b"]}}
saved shots/cats-jumps/black-side-left-night-f12.png
result: {"errors":[],"report":{"x":597.0820224807812,"y":790,"z":0,"state":"move","frame":"walk-2","view":{"view":"side","face":-1},"jump":null,"shift":[3.760056235236104,0],"scale":1.1366399999999999,"loaded":["stand-sit","sit-sleep","turn","jump","jump-f","jump-b"]}}
saved shots/cats-jumps/black-side-left-night-f13.png
result: {"errors":[],"report":{"x":585.6936027465447,"y":790,"z":0,"state":"move","frame":"walk-3","view":{"view":"side","face":-1},"jump":null,"shift":[6.174428889934647,0],"scale":1.1366399999999999,"loaded":["stand-sit","sit-sleep","turn","jump","jump-f","jump-b"]}}
saved shots/cats-jumps/black-side-left-night-f14.png
result: {"errors":[],"report":{"x":573.759845637986,"y":790,"z":0,"state":"move","frame":"walk-5","view":{"view":"side","face":-1},"jump":null,"shift":[1.463581751490338,0],"scale":1.1366399999999999,"loaded":["stand-sit","sit-sleep","turn","jump","jump-f","jump-b"]}}
saved shots/cats-jumps/black-side-left-night-f15.png
result: {"errors":[],"report":{"x":564.6154745014558,"y":790,"z":0,"state":"move","frame":"walk-6","view":{"view":"side","face":-1},"jump":null,"shift":[1.9036717857406291,0],"scale":1.1366399999999999,"loaded":["stand-sit","sit-sleep","turn","jump","jump-f","jump-b"]}}
