saved shots/cats-jumps/black-front-left-night-f00.png
result: {"errors":[],"report":{"x":750,"y":790,"z":0,"state":"jumpPrep","frame":"jump-f-1","view":{"view":"f","face":-1},"jump":{"view":"f","key":"jump-f","vx":-50,"vy":85},"shift":[0,0],"scale":1.1366399999999999,"loaded":["stand-sit","sit-sleep","turn","jump","jump-f","jump-b"]}}
saved shots/cats-jumps/black-front-left-night-f01.png
result: {"errors":[],"report":{"x":750,"y":790,"z":0,"state":"jumpPrep","frame":"jump-f-1","view":{"view":"f","face":-1},"jump":{"view":"f","key":"jump-f","vx":-50,"vy":85},"shift":[0,0],"scale":1.1366399999999999,"loaded":["stand-sit","sit-sleep","turn","jump","jump-f","jump-b"]}}
saved shots/cats-jumps/black-front-left-night-f02.png
result: {"errors":[],"report":{"x":746.2714392244594,"y":796.3385533184191,"z":9.38540750861517,"state":"jump","frame":"jump-f-2","view":{"view":"f","face":-1},"jump":{"view":"f","key":"jump-f","vx":-50,"vy":85},"shift":[0,0],"scale":1.1431930889691961,"loaded":["stand-sit","sit-sleep","turn","jump","jump-f","jump-b"]}}
saved shots/cats-jumps/black-front-left-night-f03.png
result: {"errors":[],"report":{"x":738.814317673378,"y":809.0156599552573,"z":23.618555720713296,"state":"jump","frame":"jump-f-2","view":{"view":"f","face":-1},"jump":{"view":"f","key":"jump-f","vx":-50,"vy":85},"shift":[0,0],"scale":1.1562992669075889,"loaded":["stand-sit","sit-sleep","turn","jump","jump-f","jump-b"]}}
saved shots/cats-jumps/black-front-left-night-f04.png
result: {"errors":[],"report":{"x":731.3571961222967,"y":821.6927665920955,"z":31.80148152596842,"state":"jump","frame":"jump-f-3","view":{"view":"f","face":-1},"jump":{"view":"f","key":"jump-f","vx":-50,"vy":85},"shift":[0,0],"scale":1.1694054448459816,"loaded":["stand-sit","sit-sleep","turn","jump","jump-f","jump-b"]}}
saved shots/cats-jumps/black-front-left-night-f05.png
result: {"errors":[],"report":{"x":723.9000745712154,"y":834.3698732289337,"z":33.93418492438055,"state":"jump","frame":"jump-f-3","view":{"view":"f","face":-1},"jump":{"view":"f","key":"jump-f","vx":-50,"vy":85},"shift":[0,0],"scale":1.1825116227843746,"loaded":["stand-sit","sit-sleep","turn","jump","jump-f","jump-b"]}}
saved shots/cats-jumps/black-front-left-night-f06.png
result: {"errors":[],"report":{"x":716.4429530201342,"y":847.0469798657718,"z":30.016665915949694,"state":"jump","frame":"jump-f-4","view":{"view":"f","face":-1},"jump":{"view":"f","key":"jump-f","vx":-50,"vy":85},"shift":[0,0],"scale":1.1956178007227671,"loaded":["stand-sit","sit-sleep","turn","jump","jump-f","jump-b"]}}
saved shots/cats-jumps/black-front-left-night-f07.png
result: {"errors":[],"report":{"x":708.9858314690529,"y":859.72408650261,"z":20.048924500675877,"state":"jump","frame":"jump-f-4","view":{"view":"f","face":-1},"jump":{"view":"f","key":"jump-f","vx":-50,"vy":85},"shift":[0,0],"scale":1.2087239786611599,"loaded":["stand-sit","sit-sleep","turn","jump","jump-f","jump-b"]}}
saved shots/cats-jumps/black-front-left-night-f08.png
result: {"errors":[],"report":{"x":701.5287099179716,"y":872.4011931394482,"z":4.0309606785590715,"state":"jump","frame":"jump-f-4","view":{"view":"f","face":-1},"jump":{"view":"f","key":"jump-f","vx":-50,"vy":85},"shift":[0,0],"scale":1.2218301565995526,"loaded":["stand-sit","sit-sleep","turn","jump","jump-f","jump-b"]}}
saved shots/cats-jumps/black-front-left-night-f09.png
result: {"errors":[],"report":{"x":700,"y":875,"z":0,"state":"land","frame":"jump-f-5","view":{"view":"f","face":-1},"jump":{"view":"f","key":"jump-f","vx":-50,"vy":85},"shift":[0,0],"scale":1.224516923076923,"loaded":["stand-sit","sit-sleep","turn","jump","jump-f","jump-b"]}}
saved shots/cats-jumps/black-front-left-night-f10.png
result: {"errors":[],"report":{"x":700,"y":875,"z":0,"state":"land","frame":"jump-f-5","view":{"view":"f","face":-1},"jump":{"view":"f","key":"jump-f","vx":-50,"vy":85},"shift":[0,0],"scale":1.224516923076923,"loaded":["stand-sit","sit-sleep","turn","jump","jump-f","jump-b"]}}
saved shots/cats-jumps/black-front-left-night-f11.png
result: {"errors":[],"report":{"x":696.1947188185396,"y":877.0929046498031,"z":0,"state":"move","frame":"walk-f-1","view":{"view":"f","face":-1},"jump":null,"shift":[3.103921672317442,-1.707156919774414],"scale":1.2266806644994888,"loaded":["stand-sit","sit-sleep","turn","jump","jump-f","jump-b"]}}
saved shots/cats-jumps/black-front-left-night-f12.png
result: {"errors":[],"report":{"x":687.6396413965044,"y":881.7981972319226,"z":0,"state":"move","frame":"walk-f-3","view":{"view":"f","face":-1},"jump":null,"shift":[1.5188885625597566,-0.8353887094078823],"scale":1.2315452131382338,"loaded":["stand-sit","sit-sleep","turn","jump","jump-f","jump-b"]}}
saved shots/cats-jumps/black-front-left-night-f13.png
result: {"errors":[],"report":{"x":676.8587998074145,"y":887.727660105922,"z":0,"state":"move","frame":"walk-f-5","view":{"view":"f","face":-1},"jump":null,"shift":[1.7043625516975172,-0.9373994034336178],"scale":1.2376753655248915,"loaded":["stand-sit","sit-sleep","turn","jump","jump-f","jump-b"]}}
saved shots/cats-jumps/black-front-left-night-f14.png
result: {"errors":[],"report":{"x":667.8583809698026,"y":892.6778904666086,"z":0,"state":"move","frame":"walk-f-7","view":{"view":"f","face":-1},"jump":null,"shift":[0.4157902153916933,-0.22868461846544352],"scale":1.2427931421439398,"loaded":["stand-sit","sit-sleep","turn","jump","jump-f","jump-b"]}}
saved shots/cats-jumps/black-front-left-night-f15.png
result: {"errors":[],"report":{"x":668.3281341772242,"y":896.9554737974732,"z":0,"state":"move","frame":"walk-f-8","view":{"view":"f","face":-1},"jump":null,"shift":[-2.103907635092867,-1.157149199300995],"scale":1.2472155052183107,"loaded":["stand-sit","sit-sleep","turn","jump","jump-f","jump-b"]}}
