saved shots/cats-jumps/grey-back-right-night-f00.png
result: {"errors":[],"report":{"x":610,"y":840,"z":0,"state":"jumpPrep","frame":"jump-b-1","view":{"view":"b","face":1},"jump":{"view":"b","key":"jump-b","vx":50,"vy":-85},"shift":[0,0],"scale":1.28736,"loaded":["sit-sleep","stand-sit","turn","jump-f","jump","jump-b"]}}
saved shots/cats-jumps/grey-back-right-night-f01.png
result: {"errors":[],"report":{"x":610,"y":840,"z":0,"state":"jumpPrep","frame":"jump-b-1","view":{"view":"b","face":1},"jump":{"view":"b","key":"jump-b","vx":50,"vy":-85},"shift":[0,0],"scale":1.28736,"loaded":["sit-sleep","stand-sit","turn","jump-f","jump","jump-b"]}}
saved shots/cats-jumps/grey-back-right-night-f02.png
result: {"errors":[],"report":{"x":613.7285607755406,"y":833.6614466815809,"z":16.893733515507304,"state":"jump","frame":"jump-b-2","view":{"view":"b","face":1},"jump":{"view":"b","key":"jump-b","vx":50,"vy":-85},"shift":[0,0],"scale":1.2802608202833707,"loaded":["sit-sleep","stand-sit","turn","jump-f","jump","jump-b"]}}
saved shots/cats-jumps/grey-back-right-night-f03.png
result: {"errors":[],"report":{"x":621.185682326622,"y":820.9843400447427,"z":42.51340029728393,"state":"jump","frame":"jump-b-2","view":{"view":"b","face":1},"jump":{"view":"b","key":"jump-b","vx":50,"vy":-85},"shift":[0,0],"scale":1.2660624608501119,"loaded":["sit-sleep","stand-sit","turn","jump-f","jump","jump-b"]}}
saved shots/cats-jumps/grey-back-right-night-f04.png
result: {"errors":[],"report":{"x":628.6428038777033,"y":808.3072334079045,"z":57.24266674674316,"state":"jump","frame":"jump-b-3","view":{"view":"b","face":1},"jump":{"view":"b","key":"jump-b","vx":50,"vy":-85},"shift":[0,0],"scale":1.251864101416853,"loaded":["sit-sleep","stand-sit","turn","jump-f","jump","jump-b"]}}
saved shots/cats-jumps/grey-back-right-night-f05.png
result: {"errors":[],"report":{"x":636.0999254287844,"y":795.6301267710663,"z":61.081532863885016,"state":"jump","frame":"jump-b-3","view":{"view":"b","face":1},"jump":{"view":"b","key":"jump-b","vx":50,"vy":-85},"shift":[0,0],"scale":1.2376657419835944,"loaded":["sit-sleep","stand-sit","turn","jump-f","jump","jump-b"]}}
saved shots/cats-jumps/grey-back-right-night-f06.png
result: {"errors":[],"report":{"x":643.5570469798657,"y":782.9530201342282,"z":54.02999864870951,"state":"jump","frame":"jump-b-4","view":{"view":"b","face":1},"jump":{"view":"b","key":"jump-b","vx":50,"vy":-85},"shift":[0,0],"scale":1.2234673825503355,"loaded":["sit-sleep","stand-sit","turn","jump-f","jump","jump-b"]}}
saved shots/cats-jumps/grey-back-right-night-f07.png
result: {"errors":[],"report":{"x":651.014168530947,"y":770.2759134973901,"z":36.08806410121674,"state":"jump","frame":"jump-b-4","view":{"view":"b","face":1},"jump":{"view":"b","key":"jump-b","vx":50,"vy":-85},"shift":[0,0],"scale":1.2092690231170768,"loaded":["sit-sleep","stand-sit","turn","jump-f","jump","jump-b"]}}
saved shots/cats-jumps/grey-back-right-night-f08.png
result: {"errors":[],"report":{"x":658.4712900820283,"y":757.5988068605519,"z":7.25572922140666,"state":"jump","frame":"jump-b-4","view":{"view":"b","face":1},"jump":{"view":"b","key":"jump-b","vx":50,"vy":-85},"shift":[0,0],"scale":1.1950706636838182,"loaded":["sit-sleep","stand-sit","turn","jump-f","jump","jump-b"]}}
saved shots/cats-jumps/grey-back-right-night-f09.png
result: {"errors":[],"report":{"x":660,"y":755,"z":0,"state":"land","frame":"jump-b-5","view":{"view":"b","face":1},"jump":{"view":"b","key":"jump-b","vx":50,"vy":-85},"shift":[0,0],"scale":1.1921599999999999,"loaded":["sit-sleep","stand-sit","turn","jump-f","jump","jump-b"]}}
saved shots/cats-jumps/grey-back-right-night-f10.png
result: {"errors":[],"report":{"x":660,"y":755,"z":0,"state":"land","frame":"jump-b-5","view":{"view":"b","face":1},"jump":{"view":"b","key":"jump-b","vx":50,"vy":-85},"shift":[0,0],"scale":1.1921599999999999,"loaded":["sit-sleep","stand-sit","turn","jump-f","jump","jump-b"]}}
saved shots/cats-jumps/grey-back-right-night-f11.png
result: {"errors":[],"report":{"x":663.6988632821763,"y":752.965625194803,"z":0,"state":"move","frame":"walk-b-1","view":{"view":"b","face":1},"jump":null,"shift":[-3.1066159630260466,1.7086387796645246],"scale":1.1898815002181795,"loaded":["sit-sleep","stand-sit","turn","jump-f","jump","jump-b"]}}
saved shots/cats-jumps/grey-back-right-night-f12.png
result: {"errors":[],"report":{"x":671.916309199775,"y":748.4460299401237,"z":0,"state":"move","frame":"walk-b-3","view":{"view":"b","face":1},"jump":null,"shift":[-1.4868151431748289,0.8177483287461333],"scale":1.1848195535329387,"loaded":["sit-sleep","stand-sit","turn","jump-f","jump","jump-b"]}}
saved shots/cats-jumps/grey-back-right-night-f13.png
result: {"errors":[],"report":{"x":682.2153038077012,"y":742.7815829057644,"z":0,"state":"move","frame":"walk-b-5","view":{"view":"b","face":1},"jump":null,"shift":[-1.6634354391458326,0.9148894915302351],"scale":1.1784753728544564,"loaded":["sit-sleep","stand-sit","turn","jump-f","jump","jump-b"]}}
saved shots/cats-jumps/grey-back-right-night-f14.png
result: {"errors":[],"report":{"x":691.0011344091081,"y":737.9493760749905,"z":0,"state":"move","frame":"walk-b-7","view":{"view":"b","face":1},"jump":null,"shift":[-0.5956369389108737,0.3276003164010321],"scale":1.1730633012039893,"loaded":["sit-sleep","stand-sit","turn","jump-f","jump","jump-b"]}}
saved shots/cats-jumps/grey-back-right-night-f15.png
result: {"errors":[],"report":{"x":693.2329777333343,"y":733.9031377533339,"z":0,"state":"move","frame":"walk-b-8","view":{"view":"b","face":1},"jump":null,"shift":[2.418048905154989,1.3299268978353234],"scale":1.168531514283734,"loaded":["sit-sleep","stand-sit","turn","jump-f","jump","jump-b"]}}
