saved shots/cats-jumps/orange-front-left-night-f00.png
result: {"errors":[],"report":{"x":750,"y":790,"z":0,"state":"jumpPrep","frame":"jump-f-1","view":{"view":"f","face":-1},"jump":{"view":"f","key":"jump-f","vx":-50,"vy":85},"shift":[0,0],"scale":1.184,"loaded":["stand-sit","sit-sleep","turn","jump","jump-f","jump-b"]}}
saved shots/cats-jumps/orange-front-left-night-f01.png
result: {"errors":[],"report":{"x":750,"y":790,"z":0,"state":"jumpPrep","frame":"jump-f-1","view":{"view":"f","face":-1},"jump":{"view":"f","key":"jump-f","vx":-50,"vy":85},"shift":[0,0],"scale":1.184,"loaded":["stand-sit","sit-sleep","turn","jump","jump-f","jump-b"]}}
saved shots/cats-jumps/orange-front-left-night-f02.png
result: {"errors":[],"report":{"x":746.2714392244594,"y":796.3385533184191,"z":9.38540750861517,"state":"jump","frame":"jump-f-2","view":{"view":"f","face":-1},"jump":{"view":"f","key":"jump-f","vx":-50,"vy":85},"shift":[0,0],"scale":1.1908261343429127,"loaded":["stand-sit","sit-sleep","turn","jump","jump-f","jump-b"]}}
saved shots/cats-jumps/orange-front-left-night-f03.png
result: {"errors":[],"report":{"x":738.814317673378,"y":809.0156599552573,"z":23.618555720713296,"state":"jump","frame":"jump-f-2","view":{"view":"f","face":-1},"jump":{"view":"f","key":"jump-f","vx":-50,"vy":85},"shift":[0,0],"scale":1.2044784030287385,"loaded":["stand-sit","sit-sleep","turn","jump","jump-f","jump-b"]}}
saved shots/cats-jumps/orange-front-left-night-f04.png
result: {"errors":[],"report":{"x":731.3571961222967,"y":821.6927665920955,"z":31.801481525968413,"state":"jump","frame":"jump-f-3","view":{"view":"f","face":-1},"jump":{"view":"f","key":"jump-f","vx":-50,"vy":85},"shift":[0,0],"scale":1.2181306717145644,"loaded":["stand-sit","sit-sleep","turn","jump","jump-f","jump-b"]}}
saved shots/cats-jumps/orange-front-left-night-f05.png
result: {"errors":[],"report":{"x":723.9000745712154,"y":834.3698732289337,"z":33.93418492438056,"state":"jump","frame":"jump-f-3","view":{"view":"f","face":-1},"jump":{"view":"f","key":"jump-f","vx":-50,"vy":85},"shift":[0,0],"scale":1.2317829404003902,"loaded":["stand-sit","sit-sleep","turn","jump","jump-f","jump-b"]}}
saved shots/cats-jumps/orange-front-left-night-f06.png
result: {"errors":[],"report":{"x":716.4429530201342,"y":847.0469798657718,"z":30.016665915949705,"state":"jump","frame":"jump-f-4","view":{"view":"f","face":-1},"jump":{"view":"f","key":"jump-f","vx":-50,"vy":85},"shift":[0,0],"scale":1.2454352090862157,"loaded":["stand-sit","sit-sleep","turn","jump","jump-f","jump-b"]}}
saved shots/cats-jumps/orange-front-left-night-f07.png
result: {"errors":[],"report":{"x":708.9858314690529,"y":859.72408650261,"z":20.048924500675856,"state":"jump","frame":"jump-f-4","view":{"view":"f","face":-1},"jump":{"view":"f","key":"jump-f","vx":-50,"vy":85},"shift":[0,0],"scale":1.2590874777720416,"loaded":["stand-sit","sit-sleep","turn","jump","jump-f","jump-b"]}}
saved shots/cats-jumps/orange-front-left-night-f08.png
result: {"errors":[],"report":{"x":701.5287099179716,"y":872.4011931394483,"z":4.030960678559,"state":"jump","frame":"jump-f-4","view":{"view":"f","face":-1},"jump":{"view":"f","key":"jump-f","vx":-50,"vy":85},"shift":[0,0],"scale":1.2727397464578674,"loaded":["stand-sit","sit-sleep","turn","jump","jump-f","jump-b"]}}
saved shots/cats-jumps/orange-front-left-night-f09.png
result: {"errors":[],"report":{"x":700,"y":875,"z":0,"state":"land","frame":"jump-f-5","view":{"view":"f","face":-1},"jump":{"view":"f","key":"jump-f","vx":-50,"vy":85},"shift":[0,0],"scale":1.2755384615384615,"loaded":["stand-sit","sit-sleep","turn","jump","jump-f","jump-b"]}}
saved shots/cats-jumps/orange-front-left-night-f10.png
result: {"errors":[],"report":{"x":700,"y":875,"z":0,"state":"land","frame":"jump-f-5","view":{"view":"f","face":-1},"jump":{"view":"f","key":"jump-f","vx":-50,"vy":85},"shift":[0,0],"scale":1.2755384615384615,"loaded":["stand-sit","sit-sleep","turn","jump","jump-f","jump-b"]}}
saved shots/cats-jumps/orange-front-left-night-f11.png
result: {"errors":[],"report":{"x":696.033793496168,"y":877.1814135771076,"z":0,"state":"move","frame":"walk-f-1","view":{"view":"f","face":-1},"jump":null,"shift":[3.105624562122063,-1.7080935091670422],"scale":1.277887676159962,"loaded":["stand-sit","sit-sleep","turn","jump","jump-f","jump-b"]}}
saved shots/cats-jumps/orange-front-left-night-f12.png
result: {"errors":[],"report":{"x":687.0386463442832,"y":882.1287445106443,"z":0,"state":"move","frame":"walk-f-3","view":{"view":"f","face":-1},"jump":null,"shift":[1.5845149733009236,-0.8714832353155998],"scale":1.283215571011463,"loaded":["stand-sit","sit-sleep","turn","jump","jump-f","jump-b"]}}
saved shots/cats-jumps/orange-front-left-night-f13.png
result: {"errors":[],"report":{"x":675.816379609773,"y":888.3009912146249,"z":0,"state":"move","frame":"walk-f-5","view":{"view":"f","face":-1},"jump":null,"shift":[1.7605009813406507,-0.9682755397373355],"scale":1.2898626059234422,"loaded":["stand-sit","sit-sleep","turn","jump","jump-f","jump-b"]}}
saved shots/cats-jumps/orange-front-left-night-f14.png
result: {"errors":[],"report":{"x":666.7065981163068,"y":893.3113710360312,"z":0,"state":"move","frame":"walk-f-7","view":{"view":"f","face":-1},"jump":null,"shift":[0.26279921616915514,-0.144539568893031],"scale":1.2952583995772644,"loaded":["stand-sit","sit-sleep","turn","jump","jump-f","jump-b"]}}
saved shots/cats-jumps/orange-front-left-night-f15.png
result: {"errors":[],"report":{"x":669.8276643113791,"y":897.7802153712585,"z":0,"state":"move","frame":"walk-f-8","view":{"view":"f","face":-1},"jump":null,"shift":[-2.0367105599521955,-1.1201908079737242],"scale":1.3000710011690475,"loaded":["stand-sit","sit-sleep","turn","jump","jump-f","jump-b"]}}
