saved shots/cats-jumps/orange-back-left-day-f00.png
result: {"errors":[],"report":{"x":750,"y":840,"z":0,"state":"jumpPrep","frame":"jump-b-1","view":{"view":"b","face":-1},"jump":{"view":"b","key":"jump-b","vx":-50,"vy":-85},"shift":[0,0],"scale":1.2378461538461538,"loaded":["stand-sit","sit-sleep","turn","jump","jump-f","jump-b"]}}
saved shots/cats-jumps/orange-back-left-day-f01.png
result: {"errors":[],"report":{"x":750,"y":840,"z":0,"state":"jumpPrep","frame":"jump-b-1","view":{"view":"b","face":-1},"jump":{"view":"b","key":"jump-b","vx":-50,"vy":-85},"shift":[0,0],"scale":1.2378461538461538,"loaded":["stand-sit","sit-sleep","turn","jump","jump-f","jump-b"]}}
saved shots/cats-jumps/orange-back-left-day-f02.png
result: {"errors":[],"report":{"x":746.2714392244593,"y":833.6614466815809,"z":16.893733515507357,"state":"jump","frame":"jump-b-2","view":{"view":"b","face":-1},"jump":{"view":"b","key":"jump-b","vx":-50,"vy":-85},"shift":[0,0],"scale":1.231020019503241,"loaded":["stand-sit","sit-sleep","turn","jump","jump-f","jump-b"]}}
saved shots/cats-jumps/orange-back-left-day-f03.png
result: {"errors":[],"report":{"x":738.814317673378,"y":820.9843400447427,"z":42.51340029728393,"state":"jump","frame":"jump-b-2","view":{"view":"b","face":-1},"jump":{"view":"b","key":"jump-b","vx":-50,"vy":-85},"shift":[0,0],"scale":1.2173677508174152,"loaded":["stand-sit","sit-sleep","turn","jump","jump-f","jump-b"]}}
saved shots/cats-jumps/orange-back-left-day-f04.png
result: {"errors":[],"report":{"x":731.3571961222967,"y":808.3072334079045,"z":57.24266674674316,"state":"jump","frame":"jump-b-3","view":{"view":"b","face":-1},"jump":{"view":"b","key":"jump-b","vx":-50,"vy":-85},"shift":[0,0],"scale":1.2037154821315894,"loaded":["stand-sit","sit-sleep","turn","jump","jump-f","jump-b"]}}
saved shots/cats-jumps/orange-back-left-day-f05.png
result: {"errors":[],"report":{"x":723.9000745712154,"y":795.6301267710663,"z":61.081532863885,"state":"jump","frame":"jump-b-3","view":{"view":"b","face":-1},"jump":{"view":"b","key":"jump-b","vx":-50,"vy":-85},"shift":[0,0],"scale":1.1900632134457636,"loaded":["stand-sit","sit-sleep","turn","jump","jump-f","jump-b"]}}
saved shots/cats-jumps/orange-back-left-day-f06.png
result: {"errors":[],"report":{"x":716.4429530201342,"y":782.9530201342282,"z":54.02999864870945,"state":"jump","frame":"jump-b-4","view":{"view":"b","face":-1},"jump":{"view":"b","key":"jump-b","vx":-50,"vy":-85},"shift":[0,0],"scale":1.176410944759938,"loaded":["stand-sit","sit-sleep","turn","jump","jump-f","jump-b"]}}
saved shots/cats-jumps/orange-back-left-day-f07.png
result: {"errors":[],"report":{"x":708.9858314690529,"y":770.2759134973899,"z":36.08806410121649,"state":"jump","frame":"jump-b-4","view":{"view":"b","face":-1},"jump":{"view":"b","key":"jump-b","vx":-50,"vy":-85},"shift":[0,0],"scale":1.1627586760741122,"loaded":["stand-sit","sit-sleep","turn","jump","jump-f","jump-b"]}}
saved shots/cats-jumps/orange-back-left-day-f08.png
result: {"errors":[],"report":{"x":701.5287099179716,"y":757.5988068605517,"z":7.255729221406201,"state":"jump","frame":"jump-b-4","view":{"view":"b","face":-1},"jump":{"view":"b","key":"jump-b","vx":-50,"vy":-85},"shift":[0,0],"scale":1.1491064073882864,"loaded":["stand-sit","sit-sleep","turn","jump","jump-f","jump-b"]}}
saved shots/cats-jumps/orange-back-left-day-f09.png
result: {"errors":[],"report":{"x":700,"y":755,"z":0,"state":"land","frame":"jump-b-5","view":{"view":"b","face":-1},"jump":{"view":"b","key":"jump-b","vx":-50,"vy":-85},"shift":[0,0],"scale":1.1463076923076922,"loaded":["stand-sit","sit-sleep","turn","jump","jump-f","jump-b"]}}
saved shots/cats-jumps/orange-back-left-day-f10.png
result: {"errors":[],"report":{"x":700,"y":755,"z":0,"state":"land","frame":"jump-b-5","view":{"view":"b","face":-1},"jump":{"view":"b","key":"jump-b","vx":-50,"vy":-85},"shift":[0,0],"scale":1.1463076923076922,"loaded":["stand-sit","sit-sleep","turn","jump","jump-f","jump-b"]}}
saved shots/cats-jumps/orange-back-left-day-f11.png
result: {"errors":[],"report":{"x":696.4450331812886,"y":753.0447682497087,"z":0,"state":"move","frame":"walk-b-1","view":{"view":"b","face":-1},"jump":null,"shift":[3.105035835835956,1.7077697097097608],"scale":1.144202058115071,"loaded":["stand-sit","sit-sleep","turn","jump","jump-f","jump-b"]}}
saved shots/cats-jumps/orange-back-left-day-f12.png
result: {"errors":[],"report":{"x":688.6040774672493,"y":748.7322426069871,"z":0,"state":"move","frame":"walk-b-3","view":{"view":"b","face":-1},"jump":null,"shift":[1.4309831475360921,0.7870407311448735],"scale":1.1395577997306017,"loaded":["stand-sit","sit-sleep","turn","jump","jump-f","jump-b"]}}
saved shots/cats-jumps/orange-back-left-day-f13.png
result: {"errors":[],"report":{"x":678.7468018650135,"y":743.3107410257575,"z":0,"state":"move","frame":"walk-b-5","view":{"view":"b","face":-1},"jump":null,"shift":[1.5639295314889927,0.8601612423189408],"scale":1.1337192595662005,"loaded":["stand-sit","sit-sleep","turn","jump","jump-f","jump-b"]}}
saved shots/cats-jumps/orange-back-left-day-f14.png
result: {"errors":[],"report":{"x":670.0449912617067,"y":738.5247451939387,"z":0,"state":"move","frame":"walk-b-7","view":{"view":"b","face":-1},"jump":null,"shift":[0.716717969126877,0.3941948830198043],"scale":1.1285651102088572,"loaded":["stand-sit","sit-sleep","turn","jump","jump-f","jump-b"]}}
saved shots/cats-jumps/orange-back-left-day-f15.png
result: {"errors":[],"report":{"x":665.5214136929275,"y":734.58822246889,"z":0,"state":"move","frame":"walk-b-8","view":{"view":"b","face":-1},"jump":null,"shift":[-2.591291407708751,1.4252102742397241],"scale":1.12432577804342,"loaded":["stand-sit","sit-sleep","turn","jump","jump-f","jump-b"]}}
