saved shots/cats-jumps/orange-side-right-night-f00.png
result: {"errors":[],"report":{"x":610,"y":790,"z":0,"state":"jumpPrep","frame":"jump-1","view":{"view":"side","face":1},"jump":{"view":"side","key":"jump","vx":140,"vy":0},"shift":[0,0],"scale":1.184,"loaded":["stand-sit","sit-sleep","turn","jump","jump-f","jump-b"]}}
saved shots/cats-jumps/orange-side-right-night-f01.png
result: {"errors":[],"report":{"x":610,"y":790,"z":0,"state":"jumpPrep","frame":"jump-1","view":{"view":"side","face":1},"jump":{"view":"side","key":"jump","vx":140,"vy":0},"shift":[0,0],"scale":1.184,"loaded":["stand-sit","sit-sleep","turn","jump","jump-f","jump-b"]}}
saved shots/cats-jumps/orange-side-right-night-f02.png
result: {"errors":[],"report":{"x":620.6788710907704,"y":790,"z":9.582474409750038,"state":"jump","frame":"jump-2","view":{"view":"side","face":1},"jump":{"view":"side","key":"jump","vx":140,"vy":0},"shift":[0,0],"scale":1.184,"loaded":["stand-sit","sit-sleep","turn","jump","jump-f","jump-b"]}}
saved shots/cats-jumps/orange-side-right-night-f03.png
result: {"errors":[],"report":{"x":642.0366132723112,"y":790,"z":23.999706758688582,"state":"jump","frame":"jump-2","view":{"view":"side","face":1},"jump":{"view":"side","key":"jump","vx":140,"vy":0},"shift":[0,0],"scale":1.184,"loaded":["stand-sit","sit-sleep","turn","jump","jump-f","jump-b"]}}
saved shots/cats-jumps/orange-side-right-night-f04.png
result: {"errors":[],"report":{"x":663.3943554538521,"y":790,"z":32.086650480211745,"state":"jump","frame":"jump-3","view":{"view":"side","face":1},"jump":{"view":"side","key":"jump","vx":140,"vy":0},"shift":[0,0],"scale":1.184,"loaded":["stand-sit","sit-sleep","turn","jump","jump-f","jump-b"]}}
saved shots/cats-jumps/orange-side-right-night-f05.png
result: {"errors":[],"report":{"x":684.7520976353928,"y":790,"z":33.84330557431951,"state":"jump","frame":"jump-3","view":{"view":"side","face":1},"jump":{"view":"side","key":"jump","vx":140,"vy":0},"shift":[0,0],"scale":1.184,"loaded":["stand-sit","sit-sleep","turn","jump","jump-f","jump-b"]}}
saved shots/cats-jumps/orange-side-right-night-f06.png
result: {"errors":[],"report":{"x":706.1098398169337,"y":790,"z":29.269672041011866,"state":"jump","frame":"jump-4","view":{"view":"side","face":1},"jump":{"view":"side","key":"jump","vx":140,"vy":0},"shift":[0,0],"scale":1.184,"loaded":["stand-sit","sit-sleep","turn","jump","jump-f","jump-b"]}}
saved shots/cats-jumps/orange-side-right-night-f07.png
result: {"errors":[],"report":{"x":727.4675819984745,"y":790,"z":18.36574988028881,"state":"jump","frame":"jump-4","view":{"view":"side","face":1},"jump":{"view":"side","key":"jump","vx":140,"vy":0},"shift":[0,0],"scale":1.184,"loaded":["stand-sit","sit-sleep","turn","jump","jump-f","jump-b"]}}
saved shots/cats-jumps/orange-side-right-night-f08.png
result: {"errors":[],"report":{"x":748.8253241800154,"y":790,"z":1.131539092150363,"state":"jump","frame":"jump-4","view":{"view":"side","face":1},"jump":{"view":"side","key":"jump","vx":140,"vy":0},"shift":[0,0],"scale":1.184,"loaded":["stand-sit","sit-sleep","turn","jump","jump-f","jump-b"]}}
saved shots/cats-jumps/orange-side-right-night-f09.png
result: {"errors":[],"report":{"x":750,"y":790,"z":0,"state":"land","frame":"jump-5","view":{"view":"side","face":1},"jump":{"view":"side","key":"jump","vx":140,"vy":0},"shift":[0,0],"scale":1.184,"loaded":["stand-sit","sit-sleep","turn","jump","jump-f","jump-b"]}}
saved shots/cats-jumps/orange-side-right-night-f10.png
result: {"errors":[],"report":{"x":750,"y":790,"z":0,"state":"land","frame":"jump-5","view":{"view":"side","face":1},"jump":{"view":"side","key":"jump","vx":140,"vy":0},"shift":[0,0],"scale":1.184,"loaded":["stand-sit","sit-sleep","turn","jump","jump-f","jump-b"]}}
saved shots/cats-jumps/orange-side-right-night-f11.png
result: {"errors":[],"report":{"x":754.1948322121401,"y":790,"z":0,"state":"move","frame":"walk-1","view":{"view":"side","face":1},"jump":null,"shift":[-3.5429326116048263,0],"scale":1.184,"loaded":["stand-sit","sit-sleep","turn","jump","jump-f","jump-b"]}}
saved shots/cats-jumps/orange-side-right-night-f12.png
result: {"errors":[],"report":{"x":763.5335323101843,"y":790,"z":0,"state":"move","frame":"walk-2","view":{"view":"side","face":1},"jump":null,"shift":[-3.4353482349529942,0],"scale":1.184,"loaded":["stand-sit","sit-sleep","turn","jump","jump-f","jump-b"]}}
saved shots/cats-jumps/orange-side-right-night-f13.png
result: {"errors":[],"report":{"x":775.6537650897562,"y":790,"z":0,"state":"move","frame":"walk-3","view":{"view":"side","face":1},"jump":null,"shift":[-5.677031325807638,0],"scale":1.184,"loaded":["stand-sit","sit-sleep","turn","jump","jump-f","jump-b"]}}
saved shots/cats-jumps/orange-side-right-night-f14.png
result: {"errors":[],"report":{"x":787.6959022390085,"y":790,"z":0,"state":"move","frame":"walk-4","view":{"view":"side","face":1},"jump":null,"shift":[-7.852755269432904,0],"scale":1.184,"loaded":["stand-sit","sit-sleep","turn","jump","jump-f","jump-b"]}}
saved shots/cats-jumps/orange-side-right-night-f15.png
result: {"errors":[],"report":{"x":796.9128040548668,"y":790,"z":0,"state":"move","frame":"walk-5","view":{"view":"side","face":1},"jump":null,"shift":[-7.642300722015869,0],"scale":1.184,"loaded":["stand-sit","sit-sleep","turn","jump","jump-f","jump-b"]}}
