saved shots/cats-jumps/siamese-back-right-night-f00.png
result: {"errors":[],"report":{"x":610,"y":840,"z":0,"state":"jumpPrep","frame":"jump-b-1","view":{"view":"b","face":1},"jump":{"view":"b","key":"jump-b","vx":50,"vy":-85},"shift":[0,0],"scale":1.2007107692307692,"loaded":["stand-sit","sit-sleep","turn","jump","jump-f","jump-b"]}}
saved shots/cats-jumps/siamese-back-right-night-f01.png
result: {"errors":[],"report":{"x":610,"y":840,"z":0,"state":"jumpPrep","frame":"jump-b-1","view":{"view":"b","face":1},"jump":{"view":"b","key":"jump-b","vx":50,"vy":-85},"shift":[0,0],"scale":1.2007107692307692,"loaded":["stand-sit","sit-sleep","turn","jump","jump-f","jump-b"]}}
saved shots/cats-jumps/siamese-back-right-night-f02.png
result: {"errors":[],"report":{"x":613.7285607755406,"y":833.6614466815809,"z":16.893733515507304,"state":"jump","frame":"jump-b-2","view":{"view":"b","face":1},"jump":{"view":"b","key":"jump-b","vx":50,"vy":-85},"shift":[0,0],"scale":1.1940894189181437,"loaded":["stand-sit","sit-sleep","turn","jump","jump-f","jump-b"]}}
saved shots/cats-jumps/siamese-back-right-night-f03.png
result: {"errors":[],"report":{"x":621.185682326622,"y":820.9843400447427,"z":42.51340029728393,"state":"jump","frame":"jump-b-2","view":{"view":"b","face":1},"jump":{"view":"b","key":"jump-b","vx":50,"vy":-85},"shift":[0,0],"scale":1.1808467182928928,"loaded":["stand-sit","sit-sleep","turn","jump","jump-f","jump-b"]}}
saved shots/cats-jumps/siamese-back-right-night-f04.png
result: {"errors":[],"report":{"x":628.6428038777033,"y":808.3072334079045,"z":57.24266674674316,"state":"jump","frame":"jump-b-3","view":{"view":"b","face":1},"jump":{"view":"b","key":"jump-b","vx":50,"vy":-85},"shift":[0,0],"scale":1.1676040176676417,"loaded":["stand-sit","sit-sleep","turn","jump","jump-f","jump-b"]}}
saved shots/cats-jumps/siamese-back-right-night-f05.png
result: {"errors":[],"report":{"x":636.0999254287846,"y":795.6301267710663,"z":61.081532863885,"state":"jump","frame":"jump-b-3","view":{"view":"b","face":1},"jump":{"view":"b","key":"jump-b","vx":50,"vy":-85},"shift":[0,0],"scale":1.1543613170423908,"loaded":["stand-sit","sit-sleep","turn","jump","jump-f","jump-b"]}}
saved shots/cats-jumps/siamese-back-right-night-f06.png
result: {"errors":[],"report":{"x":643.5570469798658,"y":782.9530201342282,"z":54.02999864870947,"state":"jump","frame":"jump-b-4","view":{"view":"b","face":1},"jump":{"view":"b","key":"jump-b","vx":50,"vy":-85},"shift":[0,0],"scale":1.1411186164171399,"loaded":["stand-sit","sit-sleep","turn","jump","jump-f","jump-b"]}}
saved shots/cats-jumps/siamese-back-right-night-f07.png
result: {"errors":[],"report":{"x":651.0141685309471,"y":770.27591349739,"z":36.088064101216546,"state":"jump","frame":"jump-b-4","view":{"view":"b","face":1},"jump":{"view":"b","key":"jump-b","vx":50,"vy":-85},"shift":[0,0],"scale":1.1278759157918887,"loaded":["stand-sit","sit-sleep","turn","jump","jump-f","jump-b"]}}
saved shots/cats-jumps/siamese-back-right-night-f08.png
result: {"errors":[],"report":{"x":658.4712900820284,"y":757.5988068605517,"z":7.255729221406201,"state":"jump","frame":"jump-b-4","view":{"view":"b","face":1},"jump":{"view":"b","key":"jump-b","vx":50,"vy":-85},"shift":[0,0],"scale":1.1146332151666378,"loaded":["stand-sit","sit-sleep","turn","jump","jump-f","jump-b"]}}
saved shots/cats-jumps/siamese-back-right-night-f09.png
result: {"errors":[],"report":{"x":660,"y":755,"z":0,"state":"land","frame":"jump-b-5","view":{"view":"b","face":1},"jump":{"view":"b","key":"jump-b","vx":50,"vy":-85},"shift":[0,0],"scale":1.1119184615384614,"loaded":["stand-sit","sit-sleep","turn","jump","jump-f","jump-b"]}}
saved shots/cats-jumps/siamese-back-right-night-f10.png
result: {"errors":[],"report":{"x":660,"y":755,"z":0,"state":"land","frame":"jump-b-5","view":{"view":"b","face":1},"jump":{"view":"b","key":"jump-b","vx":50,"vy":-85},"shift":[0,0],"scale":1.1119184615384614,"loaded":["stand-sit","sit-sleep","turn","jump","jump-f","jump-b"]}}
saved shots/cats-jumps/siamese-back-right-night-f11.png
result: {"errors":[],"report":{"x":663.4471701934957,"y":753.1040563935774,"z":0,"state":"move","frame":"walk-b-1","view":{"view":"b","face":1},"jump":null,"shift":[-3.1038870120314077,1.7071378566173658],"scale":1.1099379296788294,"loaded":["stand-sit","sit-sleep","turn","jump","jump-f","jump-b"]}}
saved shots/cats-jumps/siamese-back-right-night-f12.png
result: {"errors":[],"report":{"x":671.0102385191132,"y":748.9443688144877,"z":0,"state":"move","frame":"walk-b-3","view":{"view":"b","face":1},"jump":null,"shift":[-1.3903493861732248,0.7646921623953546],"scale":1.1055926560385188,"loaded":["stand-sit","sit-sleep","turn","jump","jump-f","jump-b"]}}
saved shots/cats-jumps/siamese-back-right-night-f13.png
result: {"errors":[],"report":{"x":680.4902587961142,"y":743.7303576621372,"z":0,"state":"move","frame":"walk-b-5","view":{"view":"b","face":1},"jump":null,"shift":[-1.4465940176279415,0.7956267096953873],"scale":1.1001460197732171,"loaded":["stand-sit","sit-sleep","turn","jump","jump-f","jump-b"]}}
saved shots/cats-jumps/siamese-back-right-night-f14.png
result: {"errors":[],"report":{"x":689.1337200350939,"y":738.9764539806984,"z":0,"state":"move","frame":"walk-b-7","view":{"view":"b","face":1},"jump":null,"shift":[-0.7809104405745777,0.4295007423159901],"scale":1.0951800188506065,"loaded":["stand-sit","sit-sleep","turn","jump","jump-f","jump-b"]}}
saved shots/cats-jumps/siamese-back-right-night-f15.png
result: {"errors":[],"report":{"x":695.4252036762111,"y":735.1088620219161,"z":0,"state":"move","frame":"walk-b-8","view":{"view":"b","face":1},"jump":null,"shift":[-1.503287471263152,2.422501768770271],"scale":1.0911398727890478,"loaded":["stand-sit","sit-sleep","turn","jump","jump-f","jump-b"]}}
