saved /Users/sameeprehlan/Documents/Projects/visuals/livewall/shots/pets-shared/ramen/day-f00.png
result: {"errors":[],"report":{"time":0.033333333333333354,"phase":0,"bad":[],"screen":[[53.551862510659504,600.1381610430975,208.04209790430934,709.4580000000001]],"pets":[{"id":"calico","x":182.98576969696984,"y":904.5,"k":1.0138333333333334,"state":"move","frame":"walk-1","path":[[181.3636363636365,904.5],[361.3636363636365,904.5]]}],"errors":[]}}
saved /Users/sameeprehlan/Documents/Projects/visuals/livewall/shots/pets-shared/ramen/day-f01.png
result: {"errors":[],"report":{"time":0.43333333333333335,"phase":0,"bad":[],"screen":[[66.72777222366788,600.1381610430975,221.2180076173177,709.4580000000001]],"pets":[{"id":"calico","x":202.4513696969698,"y":904.5,"k":1.0138333333333334,"state":"move","frame":"walk-3","path":[[181.3636363636365,904.5],[361.3636363636365,904.5]]}],"errors":[]}}
saved /Users/sameeprehlan/Documents/Projects/visuals/livewall/shots/pets-shared/ramen/day-f02.png
result: {"errors":[],"report":{"time":1.0333333333333332,"phase":0,"bad":[],"screen":[[86.40504031660687,599.7524866129193,241.28095014043487,709.4580000000001]],"pets":[{"id":"calico","x":231.6497696969698,"y":904.5,"k":1.0138333333333334,"state":"move","frame":"walk-6","path":[[181.3636363636365,904.5],[361.3636363636365,904.5]]}],"errors":[]}}
saved /Users/sameeprehlan/Documents/Projects/visuals/livewall/shots/pets-shared/ramen/day-f03.png
result: {"errors":[],"report":{"time":2.0333333333333323,"phase":0,"bad":[],"screen":[[126.49732971296507,599.7524866129193,282.5302628273276,709.4580000000001]],"pets":[{"id":"calico","x":280.3137696969697,"y":904.5,"k":1.0138333333333334,"state":"move","frame":"walk-4","path":[[181.3636363636365,904.5],[361.3636363636365,904.5]]}],"errors":[]}}
saved /Users/sameeprehlan/Documents/Projects/visuals/livewall/shots/pets-shared/ramen/day-f04.png
result: {"errors":[],"report":{"time":4.333333333333337,"phase":1,"bad":[],"screen":[[312.98470493829944,558.5335478305167,466.371088274659,684.1486086530693]],"pets":[{"id":"calico","x":525.6874260026202,"y":872.3780843014409,"k":0.9388821967033623,"state":"move","frame":"walk-f-4","path":[[511.3636363636365,864.5],[631.3636363636365,930.5]]}],"errors":[]}}
saved /Users/sameeprehlan/Documents/Projects/visuals/livewall/shots/pets-shared/ramen/day-f05.png
result: {"errors":[],"report":{"time":4.833333333333332,"phase":1,"bad":[],"screen":[[327.35934756004053,564.841777908018,483.06455323727704,692.6600481833361]],"pets":[{"id":"calico","x":545.6819573621906,"y":883.3750765492047,"k":0.9645418452814776,"state":"move","frame":"walk-f-1","path":[[511.3636363636365,864.5],[631.3636363636365,930.5]]}],"errors":[]}}
saved /Users/sameeprehlan/Documents/Projects/visuals/livewall/shots/pets-shared/ramen/day-f06.png
result: {"errors":[],"report":{"time":5.533333333333325,"phase":1,"bad":[],"screen":[[347.3567737918288,573.9700357860902,505.7741302217886,704.9743254534327]],"pets":[{"id":"calico","x":574.5956698401707,"y":899.2776184120938,"k":1.0016477762948857,"state":"move","frame":"walk-f-8","path":[[511.3636363636365,864.5],[631.3636363636365,930.5]]}],"errors":[]}}
saved /Users/sameeprehlan/Documents/Projects/visuals/livewall/shots/pets-shared/ramen/day-f07.png
result: {"errors":[],"report":{"time":7.333333333333309,"phase":2,"bad":[],"screen":[[308.02264529164256,584.9965241020433,469.183042972213,718.7908907533555]],"pets":[{"id":"calico","x":526.1114717651421,"y":916.3886905291719,"k":1.0415736112347345,"state":"move","frame":"walk-b-4","path":[[511.3636363636365,924.5],[631.3636363636365,858.5]]}],"errors":[]}}
saved /Users/sameeprehlan/Documents/Projects/visuals/livewall/shots/pets-shared/ramen/day-f08.png
result: {"errors":[],"report":{"time":7.833333333333304,"phase":2,"bad":[],"screen":[[326.1067534800971,578.1302277257391,483.85604724025586,709.5582766556947]],"pets":[{"id":"calico","x":547.7405561899621,"y":904.4926940955208,"k":1.013816286222882,"state":"move","frame":"walk-b-1","path":[[511.3636363636365,924.5],[631.3636363636365,858.5]]}],"errors":[]}}
saved /Users/sameeprehlan/Documents/Projects/visuals/livewall/shots/pets-shared/ramen/day-f09.png
result: {"errors":[],"report":{"time":8.533333333333314,"phase":2,"bad":[],"screen":[[347.7163481147513,570.5509854273251,500.4612661482346,698.772131850336]],"pets":[{"id":"calico","x":577.0529196307898,"y":888.3708942030654,"k":0.9761987531404859,"state":"move","frame":"walk-b-7","path":[[511.3636363636365,924.5],[631.3636363636365,858.5]]}],"errors":[]}}
saved /Users/sameeprehlan/Documents/Projects/visuals/livewall/shots/pets-shared/ramen/day-f10.png
result: {"errors":[],"report":{"time":10.100000000000009,"phase":3,"bad":[],"screen":[[57.98374008364107,608.9634703197969,214.06171446181366,709.4580000000001]],"pets":[{"id":"calico","x":181.3636363636365,"y":904.5,"k":1.0138333333333334,"state":"jumpPrep","frame":"jump-1"}],"errors":[]}}
saved /Users/sameeprehlan/Documents/Projects/visuals/livewall/shots/pets-shared/ramen/day-f11.png
result: {"errors":[],"report":{"time":10.36666666666668,"phase":3,"bad":[],"screen":[[67.70615590751282,571.4032875629141,222.41158779456865,700.0349383110106]],"pets":[{"id":"calico","x":193.411829134721,"y":904.5,"k":1.0138333333333334,"state":"jump","frame":"jump-2"}],"errors":[]}}
saved /Users/sameeprehlan/Documents/Projects/visuals/livewall/shots/pets-shared/ramen/day-f12.png
result: {"errors":[],"report":{"time":10.63333333333335,"phase":3,"bad":[],"screen":[[113.15384200961745,576.2454591180008,273.34944386114034,692.1810918232673]],"pets":[{"id":"calico","x":257.66885724717184,"y":904.5,"k":1.0138333333333334,"state":"jump","frame":"jump-4"}],"errors":[]}}
saved /Users/sameeprehlan/Documents/Projects/visuals/livewall/shots/pets-shared/ramen/day-f13.png
result: {"errors":[],"report":{"time":10.900000000000022,"phase":3,"bad":[],"screen":[[131.61119759252435,606.9046565831218,290.4342569529304,709.4580000000001]],"pets":[{"id":"calico","x":281.3636363636365,"y":904.5,"k":1.0138333333333334,"state":"land","frame":"jump-5"}],"errors":[]}}
saved /Users/sameeprehlan/Documents/Projects/visuals/livewall/shots/pets-shared/ramen/day-f14.png
result: {"errors":[],"report":{"time":11.700000000000037,"phase":4,"bad":[],"screen":[[626.2480301047365,540.1585434215941,761.7666633877657,678.898]],"pets":[{"id":"calico","x":931.3636363636365,"y":864.5,"k":0.9205000000000001,"state":"jumpPrep","frame":"jump-f-1"}],"errors":[]}}
saved /Users/sameeprehlan/Documents/Projects/visuals/livewall/shots/pets-shared/ramen/day-f15.png
result: {"errors":[],"report":{"time":12.033333333333376,"phase":4,"bad":[],"screen":[[652.7494918782126,528.5525794234848,809.6932115264478,673.5358926557955]],"pets":[{"id":"calico","x":979.1401891016013,"y":890.7771040058807,"k":0.9818132426803882,"state":"jump","frame":"jump-f-3"}],"errors":[]}}
saved /Users/sameeprehlan/Documents/Projects/visuals/livewall/shots/pets-shared/ramen/day-f16.png
result: {"errors":[],"report":{"time":12.300000000000049,"phase":4,"bad":[],"screen":[[693.6763748341488,569.1096711483057,842.2618540494045,720.918]],"pets":[{"id":"calico","x":1031.3636363636365,"y":919.5,"k":1.0488333333333333,"state":"land","frame":"jump-f-5"}],"errors":[]}}
saved /Users/sameeprehlan/Documents/Projects/visuals/livewall/shots/pets-shared/ramen/day-f17.png
result: {"errors":[],"report":{"time":13.200000000000065,"phase":5,"bad":[],"screen":[[314.0027864487412,571.8727685279188,440.0914629600471,724.738]],"pets":[{"id":"calico","x":511.3636363636365,"y":924.5,"k":1.0605,"state":"jumpPrep","frame":"jump-b-1"}],"errors":[]}}
saved /Users/sameeprehlan/Documents/Projects/visuals/livewall/shots/pets-shared/ramen/day-f18.png
result: {"errors":[],"report":{"time":13.533333333333404,"phase":5,"bad":[],"screen":[[345.5765517957705,521.0604737626088,479.7062065728576,668.1691458927041]],"pets":[{"id":"calico","x":555.4650696602197,"y":900.2442116868792,"k":1.0039031606027182,"state":"jump","frame":"jump-b-3"}],"errors":[]}}
saved /Users/sameeprehlan/Documents/Projects/visuals/livewall/shots/pets-shared/ramen/day-f19.png
result: {"errors":[],"report":{"time":13.800000000000075,"phase":5,"bad":[],"screen":[[392.6186634554147,542.9057668358714,516.8477428585835,682.718]],"pets":[{"id":"calico","x":611.3636363636365,"y":869.5,"k":0.9321666666666667,"state":"land","frame":"jump-b-5"}],"errors":[]}}
saved /Users/sameeprehlan/Documents/Projects/visuals/livewall/shots/pets-shared/ramen/day-f20.png
result: {"errors":[],"report":{"time":14.700000000000092,"phase":6,"bad":[],"screen":[[344.7641550761422,599.7374166497461,497.6358449238579,698.38]],"pets":[{"id":"calico","x":561.6,"y":890,"k":0.98,"state":"jumpPrep","frame":"jump-1"}],"errors":[]}}
saved /Users/sameeprehlan/Documents/Projects/visuals/livewall/shots/pets-shared/ramen/day-f21.png
result: {"errors":[],"report":{"time":15.033333333333431,"phase":6,"bad":[],"screen":[[321.28799166445276,473.3405918879522,473.32995588838236,570.6663476614314]],"pets":[{"id":"calico","x":529.7452983685567,"y":811.7853308156527,"k":0.9442655590672913,"state":"jump","frame":"jump-3"}],"errors":[]}}
saved /Users/sameeprehlan/Documents/Projects/visuals/livewall/shots/pets-shared/ramen/day-f22.png
result: {"errors":[],"report":{"time":15.300000000000102,"phase":6,"bad":[],"screen":[[293.41775156755006,435.58160854018905,442.3915160503129,543.5724999678074]],"pets":[{"id":"calico","x":490.539511745242,"y":715.5211225887638,"k":0.9002847086885728,"state":"jump","frame":"jump-4"}],"errors":[]}}
saved /Users/sameeprehlan/Documents/Projects/visuals/livewall/shots/pets-shared/ramen/day-f23.png
result: {"errors":[],"report":{"time":16.20000000000012,"phase":7,"bad":[],"screen":[[60.1325990337276,599.7524866129193,216.55120657826825,709.4580000000001],[343.38721640358045,599.5559090909092,495.70592200261717,709.4580000000001]],"pets":[{"id":"calico","x":192.71856969697,"y":904.5,"k":1.0138333333333334,"state":"move","frame":"walk-2","path":[[181.3636363636365,904.5],[441.3636363636365,904.5]]},{"id":"black","x":550.0087030303023,"y":904.5,"k":1.0138333333333334,"state":"move","frame":"walk-2","path":[[561.3636363636365,904.5],[301.3636363636365,904.5]]}],"errors":[]}}
saved /Users/sameeprehlan/Documents/Projects/visuals/livewall/shots/pets-shared/ramen/day-f24.png
result: {"errors":[],"report":{"time":18.10000000000005,"phase":7,"bad":[],"screen":[[126.49732971296493,599.7524866129193,282.5302628273274,709.4580000000001],[274.00104768419214,599.1663786875376,426.31975328322886,709.4580000000001]],"pets":[{"id":"calico","x":285.18016969696646,"y":904.5,"k":1.0138333333333334,"state":"move","frame":"walk-4","path":[[181.3636363636365,904.5],[441.3636363636365,904.5]]},{"id":"black","x":457.5471030303043,"y":904.5,"k":1.0138333333333334,"state":"move","frame":"walk-6","path":[[561.3636363636365,904.5],[301.3636363636365,904.5]]}],"errors":[]}}
saved /Users/sameeprehlan/Documents/Projects/visuals/livewall/shots/pets-shared/ramen/day-f25.png
result: {"errors":[],"report":{"time":21.09999999999994,"phase":7,"bad":[],"screen":[[135.59491518445373,600.5238354732757,292.01352272899436,709.4580000000001],[263.9063453977285,599.3108295454546,423.6537203977285,709.4580000000001]],"pets":[{"id":"calico","x":291.6687030302994,"y":904.5,"k":1.0138333333333334,"state":"move","frame":"walk-5","path":[[291.6687030302994,904.5],[441.3636363636365,904.5]]},{"id":"black","x":451.05856969697135,"y":904.5,"k":1.0138333333333334,"state":"move","frame":"walk1","path":[[451.05856969697135,904.5],[301.3636363636365,904.5]]}],"errors":[]}}
saved /Users/sameeprehlan/Documents/Projects/visuals/livewall/shots/pets-shared/ramen/day-f26.png
result: {"errors":[],"report":{"time":25.099999999999795,"phase":7,"bad":[],"screen":[[135.59491518445373,600.5238354732757,292.01352272899436,709.4580000000001],[263.9063453977285,599.3108295454546,423.6537203977285,709.4580000000001]],"pets":[{"id":"calico","x":291.6687030302994,"y":904.5,"k":1.0138333333333334,"state":"move","frame":"walk-5","path":[[291.6687030302994,904.5],[441.3636363636365,904.5]]},{"id":"black","x":451.05856969697135,"y":904.5,"k":1.0138333333333334,"state":"move","frame":"walk1","path":[[451.05856969697135,904.5],[301.3636363636365,904.5]]}],"errors":[]}}
saved /Users/sameeprehlan/Documents/Projects/visuals/livewall/shots/pets-shared/ramen/day-f27.png
result: {"errors":[],"report":{"time":28.599999999999667,"phase":8,"bad":[],"screen":[[210.34198781725888,616.2261168291645,321.25801218274114,698.38],[704.0438842975208,199.4472033929014,792.1561157024794,292.15]],"pets":[{"id":"calico","x":354.4,"y":890,"k":0.98,"state":"sleep","frame":"sleep"},{"id":"black","x":997.4666666666668,"y":349.66666666666663,"k":0.8166666666666669,"state":"sit","frame":"sit"}],"errors":[]}}
saved /Users/sameeprehlan/Documents/Projects/visuals/livewall/shots/pets-shared/ramen/day-f28.png
result: {"errors":[],"report":{"time":30.099999999999614,"phase":8,"bad":[],"screen":[[210.34198781725888,615.4998956887075,321.25801218274114,698.38],[704.0438842975208,199.16574717810886,792.1561157024794,292.15]],"pets":[{"id":"calico","x":354.4,"y":890,"k":0.98,"state":"sleep","frame":"sleep"},{"id":"black","x":997.4666666666668,"y":349.66666666666663,"k":0.8166666666666669,"state":"sit","frame":"sit"}],"errors":[]}}
