saved /Users/sameeprehlan/Documents/Projects/visuals/livewall/shots/pets-shared/ramen/night-f00.png
result: {"errors":[],"report":{"time":0.033333333333333354,"phase":0,"bad":[],"screen":[[53.551862510659504,600.1381610430975,208.04209790430934,709.4580000000001]],"pets":[{"id":"calico","x":182.98576969696984,"y":904.5,"k":1.0138333333333334,"state":"move","frame":"walk-1","path":[[181.3636363636365,904.5],[361.3636363636365,904.5]]}],"errors":[]}}
saved /Users/sameeprehlan/Documents/Projects/visuals/livewall/shots/pets-shared/ramen/night-f01.png
result: {"errors":[],"report":{"time":0.43333333333333335,"phase":0,"bad":[],"screen":[[66.72777222366788,600.1381610430975,221.2180076173177,709.4580000000001]],"pets":[{"id":"calico","x":202.4513696969698,"y":904.5,"k":1.0138333333333334,"state":"move","frame":"walk-3","path":[[181.3636363636365,904.5],[361.3636363636365,904.5]]}],"errors":[]}}
saved /Users/sameeprehlan/Documents/Projects/visuals/livewall/shots/pets-shared/ramen/night-f02.png
result: {"errors":[],"report":{"time":1.0333333333333334,"phase":0,"bad":[],"screen":[[86.40504031660689,599.7524866129193,241.28095014043487,709.4580000000001]],"pets":[{"id":"calico","x":231.64976969696983,"y":904.5,"k":1.0138333333333334,"state":"move","frame":"walk-6","path":[[181.3636363636365,904.5],[361.3636363636365,904.5]]}],"errors":[]}}
saved /Users/sameeprehlan/Documents/Projects/visuals/livewall/shots/pets-shared/ramen/night-f03.png
result: {"errors":[],"report":{"time":2.0333333333333323,"phase":0,"bad":[],"screen":[[126.49732971296515,599.7524866129193,282.53026282732765,709.4580000000001]],"pets":[{"id":"calico","x":280.3137696969698,"y":904.5,"k":1.0138333333333334,"state":"move","frame":"walk-4","path":[[181.3636363636365,904.5],[361.3636363636365,904.5]]}],"errors":[]}}
saved /Users/sameeprehlan/Documents/Projects/visuals/livewall/shots/pets-shared/ramen/night-f04.png
result: {"errors":[],"report":{"time":4.333333333333337,"phase":1,"bad":[],"screen":[[312.98470493829933,558.5335478305167,466.3710882746589,684.1486086530692]],"pets":[{"id":"calico","x":525.6874260026201,"y":872.3780843014408,"k":0.938882196703362,"state":"move","frame":"walk-f-4","path":[[511.3636363636365,864.5],[631.3636363636365,930.5]]}],"errors":[]}}
saved /Users/sameeprehlan/Documents/Projects/visuals/livewall/shots/pets-shared/ramen/night-f05.png
result: {"errors":[],"report":{"time":4.833333333333332,"phase":1,"bad":[],"screen":[[327.35934756004065,564.8417779080179,483.06455323727704,692.6600481833359]],"pets":[{"id":"calico","x":545.6819573621906,"y":883.3750765492044,"k":0.964541845281477,"state":"move","frame":"walk-f-1","path":[[511.3636363636365,864.5],[631.3636363636365,930.5]]}],"errors":[]}}
saved /Users/sameeprehlan/Documents/Projects/visuals/livewall/shots/pets-shared/ramen/night-f06.png
result: {"errors":[],"report":{"time":5.533333333333326,"phase":1,"bad":[],"screen":[[347.3567737918287,573.9700357860901,505.7741302217883,704.9743254534326]],"pets":[{"id":"calico","x":574.5956698401706,"y":899.2776184120937,"k":1.0016477762948854,"state":"move","frame":"walk-f-8","path":[[511.3636363636365,864.5],[631.3636363636365,930.5]]}],"errors":[]}}
saved /Users/sameeprehlan/Documents/Projects/visuals/livewall/shots/pets-shared/ramen/night-f07.png
result: {"errors":[],"report":{"time":7.33333333333331,"phase":2,"bad":[],"screen":[[308.0226452916426,584.9965241020432,469.183042972213,718.7908907533554]],"pets":[{"id":"calico","x":526.1114717651421,"y":916.3886905291718,"k":1.041573611234734,"state":"move","frame":"walk-b-4","path":[[511.3636363636365,924.5],[631.3636363636365,858.5]]}],"errors":[]}}
saved /Users/sameeprehlan/Documents/Projects/visuals/livewall/shots/pets-shared/ramen/night-f08.png
result: {"errors":[],"report":{"time":7.8333333333333055,"phase":2,"bad":[],"screen":[[326.1072781592835,578.1300285920585,483.8564926735904,709.5580074543532]],"pets":[{"id":"calico","x":547.7411966362292,"y":904.4923418500738,"k":1.0138154643168389,"state":"move","frame":"walk-b-1","path":[[511.3636363636365,924.5],[631.3636363636365,858.5]]}],"errors":[]}}
saved /Users/sameeprehlan/Documents/Projects/visuals/livewall/shots/pets-shared/ramen/night-f09.png
result: {"errors":[],"report":{"time":8.533333333333314,"phase":2,"bad":[],"screen":[[347.71685527492934,570.550792438175,500.46169811963364,698.7718713933774]],"pets":[{"id":"calico","x":577.0535363133745,"y":888.3705550276441,"k":0.9761979617311695,"state":"move","frame":"walk-b-7","path":[[511.3636363636365,924.5],[631.3636363636365,858.5]]}],"errors":[]}}
saved /Users/sameeprehlan/Documents/Projects/visuals/livewall/shots/pets-shared/ramen/night-f10.png
result: {"errors":[],"report":{"time":10.100000000000009,"phase":3,"bad":[],"screen":[[57.98374008364107,608.9634703197969,214.06171446181366,709.4580000000001]],"pets":[{"id":"calico","x":181.3636363636365,"y":904.5,"k":1.0138333333333334,"state":"jumpPrep","frame":"jump-1"}],"errors":[]}}
saved /Users/sameeprehlan/Documents/Projects/visuals/livewall/shots/pets-shared/ramen/night-f11.png
result: {"errors":[],"report":{"time":10.36666666666668,"phase":3,"bad":[],"screen":[[67.70615590751282,571.4032875629141,222.41158779456865,700.0349383110106]],"pets":[{"id":"calico","x":193.411829134721,"y":904.5,"k":1.0138333333333334,"state":"jump","frame":"jump-2"}],"errors":[]}}
saved /Users/sameeprehlan/Documents/Projects/visuals/livewall/shots/pets-shared/ramen/night-f12.png
result: {"errors":[],"report":{"time":10.633333333333352,"phase":3,"bad":[],"screen":[[113.15384200961779,576.245459118001,273.3494438611407,692.1810918232676]],"pets":[{"id":"calico","x":257.6688572471723,"y":904.5,"k":1.0138333333333334,"state":"jump","frame":"jump-4"}],"errors":[]}}
saved /Users/sameeprehlan/Documents/Projects/visuals/livewall/shots/pets-shared/ramen/night-f13.png
result: {"errors":[],"report":{"time":10.900000000000023,"phase":3,"bad":[],"screen":[[131.61119759252435,606.9046565831218,290.4342569529304,709.4580000000001]],"pets":[{"id":"calico","x":281.3636363636365,"y":904.5,"k":1.0138333333333334,"state":"land","frame":"jump-5"}],"errors":[]}}
saved /Users/sameeprehlan/Documents/Projects/visuals/livewall/shots/pets-shared/ramen/night-f14.png
result: {"errors":[],"report":{"time":11.700000000000038,"phase":4,"bad":[],"screen":[[626.2480301047365,540.1585434215941,761.7666633877657,678.898]],"pets":[{"id":"calico","x":931.3636363636365,"y":864.5,"k":0.9205000000000001,"state":"jumpPrep","frame":"jump-f-1"}],"errors":[]}}
saved /Users/sameeprehlan/Documents/Projects/visuals/livewall/shots/pets-shared/ramen/night-f15.png
result: {"errors":[],"report":{"time":12.033333333333378,"phase":4,"bad":[],"screen":[[650.2410538799427,527.8629816265668,806.7190783656467,672.3659981931926]],"pets":[{"id":"calico","x":975.4650696602197,"y":888.7557883131208,"k":0.9770968393972818,"state":"jump","frame":"jump-f-3"}],"errors":[]}}
saved /Users/sameeprehlan/Documents/Projects/visuals/livewall/shots/pets-shared/ramen/night-f16.png
result: {"errors":[],"report":{"time":12.300000000000049,"phase":4,"bad":[],"screen":[[693.6763748341488,569.1096711483057,842.2618540494045,720.918]],"pets":[{"id":"calico","x":1031.3636363636365,"y":919.5,"k":1.0488333333333333,"state":"land","frame":"jump-f-5"}],"errors":[]}}
saved /Users/sameeprehlan/Documents/Projects/visuals/livewall/shots/pets-shared/ramen/night-f17.png
result: {"errors":[],"report":{"time":13.200000000000065,"phase":5,"bad":[],"screen":[[314.0027864487412,571.8727685279188,440.0914629600471,724.738]],"pets":[{"id":"calico","x":511.3636363636365,"y":924.5,"k":1.0605,"state":"jumpPrep","frame":"jump-b-1"}],"errors":[]}}
saved /Users/sameeprehlan/Documents/Projects/visuals/livewall/shots/pets-shared/ramen/night-f18.png
result: {"errors":[],"report":{"time":13.533333333333404,"phase":5,"bad":[],"screen":[[348.52561661594615,519.427708866664,482.3070053840326,666.0566677182605]],"pets":[{"id":"calico","x":559.1401891016013,"y":898.2228959941193,"k":0.9991867573196118,"state":"jump","frame":"jump-b-3"}],"errors":[]}}
saved /Users/sameeprehlan/Documents/Projects/visuals/livewall/shots/pets-shared/ramen/night-f19.png
result: {"errors":[],"report":{"time":13.800000000000075,"phase":5,"bad":[],"screen":[[392.6186634554147,542.9057668358714,516.8477428585835,682.718]],"pets":[{"id":"calico","x":611.3636363636365,"y":869.5,"k":0.9321666666666667,"state":"land","frame":"jump-b-5"}],"errors":[]}}
saved /Users/sameeprehlan/Documents/Projects/visuals/livewall/shots/pets-shared/ramen/night-f20.png
result: {"errors":[],"report":{"time":14.700000000000092,"phase":6,"bad":[],"screen":[[344.7641550761422,599.7374166497461,497.6358449238579,698.38]],"pets":[{"id":"calico","x":561.6,"y":890,"k":0.98,"state":"jumpPrep","frame":"jump-1"}],"errors":[]}}
saved /Users/sameeprehlan/Documents/Projects/visuals/livewall/shots/pets-shared/ramen/night-f21.png
result: {"errors":[],"report":{"time":15.033333333333431,"phase":6,"bad":[],"screen":[[322.99179358639856,480.17947392298555,475.3016964623726,577.6575525264626]],"pets":[{"id":"calico","x":532.1956600325141,"y":817.8018438298335,"k":0.9470143622159612,"state":"jump","frame":"jump-3"}],"errors":[]}}
saved /Users/sameeprehlan/Documents/Projects/visuals/livewall/shots/pets-shared/ramen/night-f22.png
result: {"errors":[],"report":{"time":15.300000000000104,"phase":6,"bad":[],"screen":[[295.11969280441195,433.41016004381004,444.3651173093865,541.5933790307246]],"pets":[{"id":"calico","x":492.989873409199,"y":721.537635602944,"k":0.9030335118372425,"state":"jump","frame":"jump-4"}],"errors":[]}}
saved /Users/sameeprehlan/Documents/Projects/visuals/livewall/shots/pets-shared/ramen/night-f23.png
result: {"errors":[],"report":{"time":16.200000000000117,"phase":7,"bad":[],"screen":[[60.1325990337276,599.7524866129193,216.55120657826825,709.4580000000001],[343.38721640358045,599.5559090909092,495.70592200261717,709.4580000000001]],"pets":[{"id":"calico","x":192.71856969697,"y":904.5,"k":1.0138333333333334,"state":"move","frame":"walk-2","path":[[181.3636363636365,904.5],[441.3636363636365,904.5]]},{"id":"black","x":550.0087030303023,"y":904.5,"k":1.0138333333333334,"state":"move","frame":"walk-2","path":[[561.3636363636365,904.5],[301.3636363636365,904.5]]}],"errors":[]}}
saved /Users/sameeprehlan/Documents/Projects/visuals/livewall/shots/pets-shared/ramen/night-f24.png
result: {"errors":[],"report":{"time":18.100000000000048,"phase":7,"bad":[],"screen":[[126.49732971296493,599.7524866129193,282.5302628273274,709.4580000000001],[274.00104768419203,599.1663786875376,426.31975328322875,709.4580000000001]],"pets":[{"id":"calico","x":285.18016969696646,"y":904.5,"k":1.0138333333333334,"state":"move","frame":"walk-4","path":[[181.3636363636365,904.5],[441.3636363636365,904.5]]},{"id":"black","x":457.54710303030424,"y":904.5,"k":1.0138333333333334,"state":"move","frame":"walk-6","path":[[561.3636363636365,904.5],[301.3636363636365,904.5]]}],"errors":[]}}
saved /Users/sameeprehlan/Documents/Projects/visuals/livewall/shots/pets-shared/ramen/night-f25.png
result: {"errors":[],"report":{"time":21.09999999999994,"phase":7,"bad":[],"screen":[[135.59491518445384,600.5238354732757,292.01352272899453,709.4580000000001],[263.90634539772833,599.3108295454546,423.6537203977283,709.4580000000001]],"pets":[{"id":"calico","x":291.6687030302996,"y":904.5,"k":1.0138333333333334,"state":"move","frame":"walk-5","path":[[291.6687030302996,904.5],[441.3636363636365,904.5]]},{"id":"black","x":451.0585696969711,"y":904.5,"k":1.0138333333333334,"state":"move","frame":"walk1","path":[[451.0585696969711,904.5],[301.3636363636365,904.5]]}],"errors":[]}}
saved /Users/sameeprehlan/Documents/Projects/visuals/livewall/shots/pets-shared/ramen/night-f26.png
result: {"errors":[],"report":{"time":25.099999999999795,"phase":7,"bad":[],"screen":[[135.59491518445384,600.5238354732757,292.01352272899453,709.4580000000001],[263.90634539772833,599.3108295454546,423.6537203977283,709.4580000000001]],"pets":[{"id":"calico","x":291.6687030302996,"y":904.5,"k":1.0138333333333334,"state":"move","frame":"walk-5","path":[[291.6687030302996,904.5],[441.3636363636365,904.5]]},{"id":"black","x":451.0585696969711,"y":904.5,"k":1.0138333333333334,"state":"move","frame":"walk1","path":[[451.0585696969711,904.5],[301.3636363636365,904.5]]}],"errors":[]}}
saved /Users/sameeprehlan/Documents/Projects/visuals/livewall/shots/pets-shared/ramen/night-f27.png
result: {"errors":[],"report":{"time":28.599999999999667,"phase":8,"bad":[],"screen":[[210.34198781725888,616.2259403632562,321.25801218274114,698.38],[704.0438842975208,199.44633028774768,792.1561157024794,292.15]],"pets":[{"id":"calico","x":354.4,"y":890,"k":0.98,"state":"sleep","frame":"sleep"},{"id":"black","x":997.4666666666668,"y":349.66666666666663,"k":0.8166666666666669,"state":"sit","frame":"sit"}],"errors":[]}}
saved /Users/sameeprehlan/Documents/Projects/visuals/livewall/shots/pets-shared/ramen/night-f28.png
result: {"errors":[],"report":{"time":30.09999999999961,"phase":8,"bad":[],"screen":[[210.34198781725888,615.499695928405,321.25801218274114,698.38],[704.0438842975208,199.16647488901373,792.1561157024794,292.15]],"pets":[{"id":"calico","x":354.4,"y":890,"k":0.98,"state":"sleep","frame":"sleep"},{"id":"black","x":997.4666666666668,"y":349.66666666666663,"k":0.8166666666666669,"state":"sit","frame":"sit"}],"errors":[]}}
