saved /Users/sameeprehlan/Documents/Projects/visuals/livewall/shots/gaze-fix/speakeasy/day-f00.png
result: {"errors":[],"report":{"time":0.033333333333333326,"phase":0,"bad":[],"screen":[[277.3577784902984,562.3348115289267,536.8403679584386,749.7423076923077]],"pets":[{"id":"golden","x":931.8646153846154,"y":957,"k":1.1653846153846152,"state":"move","frame":"walk-1","path":[[930,957],[1110,957]]}],"errors":[]}}
saved /Users/sameeprehlan/Documents/Projects/visuals/livewall/shots/gaze-fix/speakeasy/day-f01.png
result: {"errors":[],"report":{"time":0.43333333333333335,"phase":0,"bad":[],"screen":[[296.04755651516086,562.3348115289267,555.530145983301,749.7423076923077]],"pets":[{"id":"golden","x":954.2400000000001,"y":957,"k":1.1653846153846152,"state":"move","frame":"walk-3","path":[[930,957],[1110,957]]}],"errors":[]}}
saved /Users/sameeprehlan/Documents/Projects/visuals/livewall/shots/gaze-fix/speakeasy/day-f02.png
result: {"errors":[],"report":{"time":0.7000000000000003,"phase":0,"bad":[],"screen":[[304.27368098425063,562.3348115289267,564.2416295508534,749.7423076923077]],"pets":[{"id":"golden","x":969.1569230769235,"y":957,"k":1.1653846153846152,"state":"move","frame":"walk-4","path":[[930,957],[1110,957]]}],"errors":[]}}
saved /Users/sameeprehlan/Documents/Projects/visuals/livewall/shots/gaze-fix/speakeasy/day-f03.png
result: {"errors":[],"report":{"time":1.3666666666666658,"phase":0,"bad":[],"screen":[[327.23681069078384,562.3348115289267,589.146195651237,749.7423076923077]],"pets":[{"id":"golden","x":1006.4492307692315,"y":957,"k":1.1653846153846152,"state":"move","frame":"walk-7","path":[[930,957],[1110,957]]}],"errors":[]}}
saved /Users/sameeprehlan/Documents/Projects/visuals/livewall/shots/gaze-fix/speakeasy/day-f04.png
result: {"errors":[],"report":{"time":3.0666666666666704,"phase":1,"bad":[],"screen":[[292.81668842445686,500.59838670360625,518.2361025661958,674.2433011489517]],"pets":[{"id":"golden","x":934.4644560539332,"y":859.455450829663,"k":1.0630651582129333,"state":"move","frame":"walk-f-1","path":[[930,857],[1030,912]]}],"errors":[]}}
saved /Users/sameeprehlan/Documents/Projects/visuals/livewall/shots/gaze-fix/speakeasy/day-f05.png
result: {"errors":[],"report":{"time":3.466666666666672,"phase":1,"bad":[],"screen":[[303.50683082412684,506.3349127962913,533.5294691920542,681.2341439532252]],"pets":[{"id":"golden","x":952.4306696837926,"y":869.3368683260858,"k":1.0734302814609291,"state":"move","frame":"walk-f-4","path":[[930,857],[1030,912]]}],"errors":[]}}
saved /Users/sameeprehlan/Documents/Projects/visuals/livewall/shots/gaze-fix/speakeasy/day-f06.png
result: {"errors":[],"report":{"time":3.73333333333334,"phase":1,"bad":[],"screen":[[315.17375785006334,512.5308072202854,547.1597196617065,688.2730436745217]],"pets":[{"id":"golden","x":964.5054615784622,"y":875.9780038681541,"k":1.0803965075540078,"state":"move","frame":"walk-f-7","path":[[930,857],[1030,912]]}],"errors":[]}}
saved /Users/sameeprehlan/Documents/Projects/visuals/livewall/shots/gaze-fix/speakeasy/day-f07.png
result: {"errors":[],"report":{"time":4.366666666666671,"phase":1,"bad":[],"screen":[[335.65134791944985,522.4039379268966,569.4264718521795,700.1701107715633]],"pets":[{"id":"golden","x":993.495327716554,"y":891.9224302441047,"k":1.097121430325984,"state":"move","frame":"walk-f-4","path":[[930,857],[1030,912]]}],"errors":[]}}
saved /Users/sameeprehlan/Documents/Projects/visuals/livewall/shots/gaze-fix/speakeasy/day-f08.png
result: {"errors":[],"report":{"time":6.066666666666655,"phase":2,"bad":[],"screen":[[178.48964969113297,537.2690409649308,409.77671156921804,719.229843495424]],"pets":[{"id":"golden","x":783.1486916855737,"y":915.2682195729344,"k":1.12161002053105,"state":"move","frame":"walk-b-1","path":[[780,917],[880,862]]}],"errors":[]}}
saved /Users/sameeprehlan/Documents/Projects/visuals/livewall/shots/gaze-fix/speakeasy/day-f09.png
result: {"errors":[],"report":{"time":6.466666666666652,"phase":2,"bad":[],"screen":[[191.4215614510771,531.2500362475338,422.8023081476756,711.8874253779609]],"pets":[{"id":"golden","x":801.9342109914626,"y":904.9361839546955,"k":1.1107722209314987,"state":"move","frame":"walk-b-4","path":[[780,917],[880,862]]}],"errors":[]}}
saved /Users/sameeprehlan/Documents/Projects/visuals/livewall/shots/gaze-fix/speakeasy/day-f10.png
result: {"errors":[],"report":{"time":6.733333333333316,"phase":2,"bad":[],"screen":[[201.12695469928155,527.2671204981241,429.230038926323,707.0293459964265]],"pets":[{"id":"golden","x":814.3569379385153,"y":898.1036841338164,"k":1.1036052630774298,"state":"move","frame":"walk-b-6","path":[[780,917],[880,862]]}],"errors":[]}}
saved /Users/sameeprehlan/Documents/Projects/visuals/livewall/shots/gaze-fix/speakeasy/day-f11.png
result: {"errors":[],"report":{"time":7.366666666666643,"phase":2,"bad":[],"screen":[[224.43303983871624,517.3129826448835,450.827018419683,695.0192587744369]],"pets":[{"id":"golden","x":843.5406204950284,"y":882.0526587277344,"k":1.08676852314098,"state":"move","frame":"walk-b-3","path":[[780,917],[880,862]]}],"errors":[]}}
saved /Users/sameeprehlan/Documents/Projects/visuals/livewall/shots/gaze-fix/speakeasy/day-f12.png
result: {"errors":[],"report":{"time":9.066666666666656,"phase":3,"bad":[],"screen":[[469.8830104275903,563.5508187326019,751.1545701761767,749.7423076923077]],"pets":[{"id":"golden","x":1213.596153846154,"y":957,"k":1.1653846153846152,"state":"move","frame":"run-1","path":[[1200,957],[1450,957]]}],"errors":[]}}
saved /Users/sameeprehlan/Documents/Projects/visuals/livewall/shots/gaze-fix/speakeasy/day-f13.png
result: {"errors":[],"report":{"time":9.466666666666663,"phase":3,"bad":[],"screen":[[538.1139723145852,563.5508187326019,813.9996117447472,749.7423076923077]],"pets":[{"id":"golden","x":1295.173076923078,"y":957,"k":1.1653846153846152,"state":"move","frame":"run-4","path":[[1200,957],[1450,957]]}],"errors":[]}}
saved /Users/sameeprehlan/Documents/Projects/visuals/livewall/shots/gaze-fix/speakeasy/day-f14.png
result: {"errors":[],"report":{"time":9.733333333333334,"phase":3,"bad":[],"screen":[[581.1378515366648,563.5508187326019,859.267624432837,749.7423076923077]],"pets":[{"id":"golden","x":1349.557692307694,"y":957,"k":1.1653846153846152,"state":"move","frame":"run-6","path":[[1200,957],[1450,957]]}],"errors":[]}}
saved /Users/sameeprehlan/Documents/Projects/visuals/livewall/shots/gaze-fix/speakeasy/day-f15.png
result: {"errors":[],"report":{"time":10.400000000000013,"phase":3,"bad":[],"screen":[[711.9842389691526,614.2682350644279,881.0216462319406,749.7423076923077]],"pets":[{"id":"golden","x":1450,"y":957,"k":1.1653846153846152,"state":"stand","frame":"walk1"}],"errors":[]}}
saved /Users/sameeprehlan/Documents/Projects/visuals/livewall/shots/gaze-fix/speakeasy/day-f16.png
result: {"errors":[],"report":{"time":12.100000000000044,"phase":4,"bad":[],"screen":[[160.5610981722676,558.9372978396883,333.64976811405995,749.7423076923077]],"pets":[{"id":"golden","x":720,"y":957,"k":1.1653846153846152,"state":"jumpPrep","frame":"jump-1"}],"errors":[]}}
saved /Users/sameeprehlan/Documents/Projects/visuals/livewall/shots/gaze-fix/speakeasy/day-f17.png
result: {"errors":[],"report":{"time":12.500000000000052,"phase":4,"bad":[],"screen":[[171.7066774878732,534.645897748225,371.9754569435728,725.4509076008442]],"pets":[{"id":"golden","x":760.1606425702819,"y":957,"k":1.1653846153846152,"state":"jump","frame":"jump-3"}],"errors":[]}}
saved /Users/sameeprehlan/Documents/Projects/visuals/livewall/shots/gaze-fix/speakeasy/day-f18.png
result: {"errors":[],"report":{"time":12.766666666666723,"phase":4,"bad":[],"screen":[[234.0130306301919,558.9372978396883,405.16026417813373,749.7423076923077]],"pets":[{"id":"golden","x":820,"y":957,"k":1.1653846153846152,"state":"land","frame":"jump-5"}],"errors":[]}}
saved /Users/sameeprehlan/Documents/Projects/visuals/livewall/shots/gaze-fix/speakeasy/day-f19.png
result: {"errors":[],"report":{"time":13.433333333333403,"phase":4,"bad":[],"screen":[[239.48423896915267,614.2682350644279,408.5216462319406,749.7423076923077]],"pets":[{"id":"golden","x":820,"y":957,"k":1.1653846153846152,"state":"stand","frame":"walk1"}],"errors":[]}}
saved /Users/sameeprehlan/Documents/Projects/visuals/livewall/shots/gaze-fix/speakeasy/day-f20.png
result: {"errors":[],"report":{"time":15.133333333333432,"phase":5,"bad":[],"screen":[[331.58516734381624,496.5592847254269,477.6818426482073,674.112937062937]],"pets":[{"id":"golden","x":930,"y":857,"k":1.0604895104895105,"state":"jumpPrep","frame":"jump-f-1"}],"errors":[]}}
saved /Users/sameeprehlan/Documents/Projects/visuals/livewall/shots/gaze-fix/speakeasy/day-f21.png
result: {"errors":[],"report":{"time":15.53333333333344,"phase":5,"bad":[],"screen":[[342.58731902826435,487.54944970570745,529.8928229320693,668.5483306375124]],"pets":[{"id":"golden","x":977.7765527379648,"y":883.2771040058807,"k":1.0880529062998747,"state":"jump","frame":"jump-f-3"}],"errors":[]}}
saved /Users/sameeprehlan/Documents/Projects/visuals/livewall/shots/gaze-fix/speakeasy/day-f22.png
result: {"errors":[],"report":{"time":15.80000000000011,"phase":5,"bad":[],"screen":[[398.1618958706347,530.9443101061374,558.2874150215346,715.709090909091]],"pets":[{"id":"golden","x":1030,"y":912,"k":1.1181818181818182,"state":"land","frame":"jump-f-5"}],"errors":[]}}
saved /Users/sameeprehlan/Documents/Projects/visuals/livewall/shots/gaze-fix/speakeasy/day-f23.png
result: {"errors":[],"report":{"time":16.466666666666775,"phase":5,"bad":[],"screen":[[362.94712456693213,535.3943331795108,596.9430267358291,715.709090909091]],"pets":[{"id":"golden","x":1030,"y":912,"k":1.1181818181818182,"state":"stand","frame":"walk-f-1"}],"errors":[]}}
saved /Users/sameeprehlan/Documents/Projects/visuals/livewall/shots/gaze-fix/speakeasy/day-f24.png
result: {"errors":[],"report":{"time":18.166666666666714,"phase":6,"bad":[],"screen":[[215.94171191017043,534.2127005949927,369.2409508984372,719.4905594405594]],"pets":[{"id":"golden","x":780,"y":917,"k":1.1234265734265734,"state":"jumpPrep","frame":"jump-b-1"}],"errors":[]}}
saved /Users/sameeprehlan/Documents/Projects/visuals/livewall/shots/gaze-fix/speakeasy/day-f25.png
result: {"errors":[],"report":{"time":18.5666666666667,"phase":6,"bad":[],"screen":[[239.52410204396824,477.8575039847991,418.7706940570688,659.428881295316]],"pets":[{"id":"golden","x":831.4516721793444,"y":888.7015803013605,"k":1.0937429164000285,"state":"jump","frame":"jump-b-3"}],"errors":[]}}
saved /Users/sameeprehlan/Documents/Projects/visuals/livewall/shots/gaze-fix/speakeasy/day-f26.png
result: {"errors":[],"report":{"time":18.833333333333353,"phase":6,"bad":[],"screen":[[290.59265133595386,499.8203583608894,442.03689596286154,677.8944055944056]],"pets":[{"id":"golden","x":880,"y":862,"k":1.0657342657342657,"state":"land","frame":"jump-b-5"}],"errors":[]}}
saved /Users/sameeprehlan/Documents/Projects/visuals/livewall/shots/gaze-fix/speakeasy/day-f27.png
result: {"errors":[],"report":{"time":19.499999999999996,"phase":6,"bad":[],"screen":[[257.61687792945736,502.75664144523967,480.37085460487094,677.8944055944056]],"pets":[{"id":"golden","x":880,"y":862,"k":1.0657342657342657,"state":"stand","frame":"walk-b-1"}],"errors":[]}}
