saved /Users/sameeprehlan/Documents/Projects/visuals/livewall/shots/pets-shared/grass/day-f00.png
result: {"errors":[],"report":{"time":0.033333333333333326,"phase":0,"bad":[],"screen":[[94.58316943252538,451.3472505081081,328.7101073784713,610.29472]],"pets":[{"id":"bao","x":222.658944,"y":578,"k":0.91184,"state":"move","frame":"walk-1","path":[[221.2,578],[401.2,578]]}],"errors":[]}}
saved /Users/sameeprehlan/Documents/Projects/visuals/livewall/shots/pets-shared/grass/day-f01.png
result: {"errors":[],"report":{"time":0.4333333333333334,"phase":0,"bad":[],"screen":[[105.53489905738041,450.6217216,336.0341924627858,610.29472]],"pets":[{"id":"bao","x":240.16627200000008,"y":578,"k":0.91184,"state":"move","frame":"walk-2","path":[[221.2,578],[401.2,578]]}],"errors":[]}}
saved /Users/sameeprehlan/Documents/Projects/visuals/livewall/shots/pets-shared/grass/day-f02.png
result: {"errors":[],"report":{"time":1.0333333333333332,"phase":0,"bad":[],"screen":[[139.3325257450917,450.6217216,370.55734805860516,610.29472]],"pets":[{"id":"bao","x":266.42726400000004,"y":578,"k":0.91184,"state":"move","frame":"walk-5","path":[[221.2,578],[401.2,578]]}],"errors":[]}}
saved /Users/sameeprehlan/Documents/Projects/visuals/livewall/shots/pets-shared/grass/day-f03.png
result: {"errors":[],"report":{"time":2.0333333333333328,"phase":0,"bad":[],"screen":[[183.2140174325247,451.3472505081081,417.34095537847065,610.29472]],"pets":[{"id":"bao","x":310.19558399999926,"y":578,"k":0.91184,"state":"move","frame":"walk-1","path":[[221.2,578],[401.2,578]]}],"errors":[]}}
saved /Users/sameeprehlan/Documents/Projects/visuals/livewall/shots/pets-shared/grass/day-f04.png
result: {"errors":[],"report":{"time":4.333333333333336,"phase":1,"bad":[],"screen":[[327.86081286207406,426.0718336,533.827833835047,569.24512]],"pets":[{"id":"bao","x":444.9392640000001,"y":538,"k":0.78064,"state":"move","frame":"walk-2","path":[[431.2,538],[551.2,538]]}],"errors":[]}}
saved /Users/sameeprehlan/Documents/Projects/visuals/livewall/shots/pets-shared/grass/day-f05.png
result: {"errors":[],"report":{"time":4.833333333333331,"phase":1,"bad":[],"screen":[[347.6286730053109,425.4506973405405,554.2168302377434,569.24512]],"pets":[{"id":"bao","x":463.6746240000002,"y":538,"k":0.78064,"state":"move","frame":"walk-4","path":[[431.2,538],[551.2,538]]}],"errors":[]}}
saved /Users/sameeprehlan/Documents/Projects/visuals/livewall/shots/pets-shared/grass/day-f06.png
result: {"errors":[],"report":{"time":5.533333333333325,"phase":1,"bad":[],"screen":[[372.56128682136193,425.4506973405405,587.8453516862268,569.24512]],"pets":[{"id":"bao","x":489.9041280000004,"y":538,"k":0.78064,"state":"move","frame":"walk-7","path":[[431.2,538],[551.2,538]]}],"errors":[]}}
saved /Users/sameeprehlan/Documents/Projects/visuals/livewall/shots/pets-shared/grass/day-f07.png
result: {"errors":[],"report":{"time":7.333333333333308,"phase":2,"bad":[],"screen":[[309.37194215503354,462.8966656,552.1373717766552,630.81952]],"pets":[{"id":"bao","x":446.8390399999998,"y":598,"k":0.9774400000000002,"state":"move","frame":"walk-2","path":[[431.2,598],[551.2,598]]}],"errors":[]}}
saved /Users/sameeprehlan/Documents/Projects/visuals/livewall/shots/pets-shared/grass/day-f08.png
result: {"errors":[],"report":{"time":7.833333333333304,"phase":2,"bad":[],"screen":[[334.1232964520271,462.1189403675676,577.6664513060812,630.81952]],"pets":[{"id":"bao","x":470.2975999999995,"y":598,"k":0.9774400000000002,"state":"move","frame":"walk-4","path":[[431.2,598],[551.2,598]]}],"errors":[]}}
saved /Users/sameeprehlan/Documents/Projects/visuals/livewall/shots/pets-shared/grass/day-f09.png
result: {"errors":[],"report":{"time":8.533333333333314,"phase":2,"bad":[],"screen":[[365.3414431628803,462.1189403675676,619.7727512709885,630.81952]],"pets":[{"id":"bao","x":503.13958399999984,"y":598,"k":0.9774400000000002,"state":"move","frame":"walk-7","path":[[431.2,598],[551.2,598]]}],"errors":[]}}
saved /Users/sameeprehlan/Documents/Projects/visuals/livewall/shots/pets-shared/grass/day-f10.png
result: {"errors":[],"report":{"time":10.100000000000009,"phase":3,"bad":[],"screen":[[110.01863835675675,461.23367781206537,332.3813616432433,610.29472]],"pets":[{"id":"bao","x":221.2,"y":578,"k":0.91184,"state":"jumpPrep","frame":"jump-1"}],"errors":[]}}
saved /Users/sameeprehlan/Documents/Projects/visuals/livewall/shots/pets-shared/grass/day-f11.png
result: {"errors":[],"report":{"time":10.366666666666681,"phase":3,"bad":[],"screen":[[122.00515984483957,414.1315019841278,336.4590971832737,601.8060285066709]],"pets":[{"id":"bao","x":229.23212851405663,"y":578,"k":0.91184,"state":"jump","frame":"jump-2"}],"errors":[]}}
saved /Users/sameeprehlan/Documents/Projects/visuals/livewall/shots/pets-shared/grass/day-f12.png
result: {"errors":[],"report":{"time":10.633333333333352,"phase":3,"bad":[],"screen":[[181.37734957761097,416.625272550018,405.60096367540393,584.295222851017]],"pets":[{"id":"bao","x":293.48915662650745,"y":578,"k":0.91184,"state":"jump","frame":"jump-4"}],"errors":[]}}
saved /Users/sameeprehlan/Documents/Projects/visuals/livewall/shots/pets-shared/grass/day-f13.png
result: {"errors":[],"report":{"time":10.900000000000023,"phase":3,"bad":[],"screen":[[210.94908376240994,461.23367781206537,431.45091623759004,610.29472]],"pets":[{"id":"bao","x":321.2,"y":578,"k":0.91184,"state":"land","frame":"jump-5"}],"errors":[]}}
saved /Users/sameeprehlan/Documents/Projects/visuals/livewall/shots/pets-shared/grass/day-f14.png
result: {"errors":[],"report":{"time":11.700000000000038,"phase":4,"bad":[],"screen":[[331.6994098162162,435.15688963766746,530.7005901837838,569.24512]],"pets":[{"id":"bao","x":431.2,"y":538,"k":0.78064,"state":"jumpPrep","frame":"jump-1"}],"errors":[]}}
saved /Users/sameeprehlan/Documents/Projects/visuals/livewall/shots/pets-shared/grass/day-f15.png
result: {"errors":[],"report":{"time":12.033333333333378,"phase":4,"bad":[],"screen":[[383.90824515758254,394.06960215493154,582.9094255251501,535.3269478370813]],"pets":[{"id":"bao","x":483.40883534136634,"y":538,"k":0.78064,"state":"jump","frame":"jump-3"}],"errors":[]}}
saved /Users/sameeprehlan/Documents/Projects/visuals/livewall/shots/pets-shared/grass/day-f16.png
result: {"errors":[],"report":{"time":12.300000000000049,"phase":4,"bad":[],"screen":[[432.4959781850848,435.15688963766746,629.9040218149153,569.24512]],"pets":[{"id":"bao","x":531.2,"y":538,"k":0.78064,"state":"land","frame":"jump-5"}],"errors":[]}}
saved /Users/sameeprehlan/Documents/Projects/visuals/livewall/shots/pets-shared/grass/day-f17.png
result: {"errors":[],"report":{"time":13.200000000000065,"phase":5,"bad":[],"screen":[[314.178252627027,474.2720718992643,548.2217473729729,630.81952]],"pets":[{"id":"bao","x":431.2,"y":598,"k":0.9774400000000002,"state":"jumpPrep","frame":"jump-1"}],"errors":[]}}
saved /Users/sameeprehlan/Documents/Projects/visuals/livewall/shots/pets-shared/grass/day-f18.png
result: {"errors":[],"report":{"time":13.533333333333404,"phase":5,"bad":[],"screen":[[362.37102371136507,431.3504011626701,596.414518457311,596.8743045798157]],"pets":[{"id":"bao","x":479.39277108433805,"y":598,"k":0.9774400000000002,"state":"jump","frame":"jump-3"}],"errors":[]}}
saved /Users/sameeprehlan/Documents/Projects/visuals/livewall/shots/pets-shared/grass/day-f19.png
result: {"errors":[],"report":{"time":13.800000000000077,"phase":5,"bad":[],"screen":[[415.1756365510726,474.2720718992643,647.2243634489275,630.81952]],"pets":[{"id":"bao","x":531.2,"y":598,"k":0.9774400000000002,"state":"land","frame":"jump-5"}],"errors":[]}}
saved /Users/sameeprehlan/Documents/Projects/visuals/livewall/shots/pets-shared/grass/day-f20.png
result: {"errors":[],"report":{"time":14.700000000000093,"phase":6,"bad":[],"screen":[[94.58316943252547,451.3472505081081,328.71010737847143,610.29472]],"pets":[{"id":"bao","x":231.41260800000026,"y":578,"k":0.91184,"state":"move","frame":"walk-1","path":[[221.2,578],[401.2,578]]}],"errors":[]}}
saved /Users/sameeprehlan/Documents/Projects/visuals/livewall/shots/pets-shared/grass/day-f21.png
result: {"errors":[],"report":{"time":15.033333333333433,"phase":6,"bad":[],"screen":[[116.55399765317031,449.8961926918919,355.759637955873,610.29472]],"pets":[{"id":"bao","x":246.00204800000063,"y":578,"k":0.91184,"state":"move","frame":"walk-3","path":[[221.2,578],[401.2,578]]}],"errors":[]}}
saved /Users/sameeprehlan/Documents/Projects/visuals/livewall/shots/pets-shared/grass/day-f22.png
result: {"errors":[],"report":{"time":15.300000000000104,"phase":6,"bad":[],"screen":[[128.6250886364552,449.8961926918919,359.8499109499687,610.29472]],"pets":[{"id":"bao","x":257.6736000000009,"y":578,"k":0.91184,"state":"move","frame":"walk-4","path":[[221.2,578],[401.2,578]]}],"errors":[]}}
saved /Users/sameeprehlan/Documents/Projects/visuals/livewall/shots/pets-shared/grass/day-f23.png
result: {"errors":[],"report":{"time":16.200000000000113,"phase":7,"bad":[],"screen":[[143.23912727226087,365.05726823783783,289.67624035334194,466.62112],[370.1244657628102,516.1745057447033,587.9218879194456,663.6592]],"pets":[{"id":"bao","x":226.269568,"y":438,"k":0.45263999999999993,"state":"move","frame":"walk-1","path":[[221.2,438],[481.2,438]]},{"id":"cub","x":469.0771200000002,"y":630,"k":1.0823999999999998,"state":"move","frame":"walk-2","path":[[481.2,630],[221.2,630]]}],"errors":[]}}
saved /Users/sameeprehlan/Documents/Projects/visuals/livewall/shots/pets-shared/grass/day-f24.png
result: {"errors":[],"report":{"time":18.100000000000044,"phase":7,"bad":[],"screen":[[187.2357352722609,365.05726823783783,333.672848353342,466.62112],[267.3309848295828,515.5652492885,485.1284069862182,663.6592]],"pets":[{"id":"bao","x":267.5503359999985,"y":438,"k":0.45263999999999993,"state":"move","frame":"walk-1","path":[[221.2,438],[481.2,438]]},{"id":"cub","x":370.3622400000035,"y":630,"k":1.0823999999999998,"state":"move","frame":"walk-6","path":[[481.2,630],[221.2,630]]}],"errors":[]}}
saved /Users/sameeprehlan/Documents/Projects/visuals/livewall/shots/pets-shared/grass/day-f25.png
result: {"errors":[],"report":{"time":21.099999999999937,"phase":7,"bad":[],"screen":[[253.4460525209435,364.6971136,398.4425470506732,466.62112],[128.47552469273742,513.1282234636872,329.4294017877095,663.6592]],"pets":[{"id":"bao","x":332.73049599999473,"y":438,"k":0.45263999999999993,"state":"move","frame":"walk-5","path":[[221.2,438],[481.2,438]]},{"id":"cub","x":221.2,"y":630,"k":1.0823999999999998,"state":"stand","frame":"walk1"}],"errors":[]}}
saved /Users/sameeprehlan/Documents/Projects/visuals/livewall/shots/pets-shared/grass/day-f26.png
result: {"errors":[],"report":{"time":25.099999999999792,"phase":7,"bad":[],"screen":[[341.4392685209411,364.6971136,486.4357630506708,466.62112],[128.47552469273742,513.1282234636872,329.4294017877095,663.6592]],"pets":[{"id":"bao","x":419.6373759999896,"y":438,"k":0.45263999999999993,"state":"move","frame":"walk-5","path":[[221.2,438],[481.2,438]]},{"id":"cub","x":221.2,"y":630,"k":1.0823999999999998,"state":"stand","frame":"walk1"}],"errors":[]}}
saved /Users/sameeprehlan/Documents/Projects/visuals/livewall/shots/pets-shared/grass/day-f27.png
result: {"errors":[],"report":{"time":28.599999999999664,"phase":8,"bad":[],"screen":[[216.85813621621622,437.6392405390656,407.14186378378383,583.61248],[484.82668156424586,557.6795482228596,691.1733184357543,717.5368],[599.1077443298971,388.12646941947287,744.8922556701033,491.25088]],"pets":[{"id":"bao","x":312,"y":552,"k":0.8265600000000001,"state":"sleep","frame":"roll"},{"id":"cub","x":588,"y":682.5,"k":1.2546,"state":"sit","frame":"tumble"},{"id":"mei","x":672.0000000000001,"y":462,"k":0.5313599999999999,"state":"sleep","frame":"back-sleep"}],"errors":[]}}
saved /Users/sameeprehlan/Documents/Projects/visuals/livewall/shots/pets-shared/grass/day-f28.png
result: {"errors":[],"report":{"time":30.09999999999961,"phase":8,"bad":[],"screen":[[216.85813621621622,435.4522594243048,407.14186378378383,583.61248],[484.82668156424586,557.1769755336126,691.1733184357543,717.5368],[599.1077443298971,389.20993138233257,744.8922556701033,491.25088]],"pets":[{"id":"bao","x":312,"y":552,"k":0.8265600000000001,"state":"sleep","frame":"roll"},{"id":"cub","x":588,"y":682.5,"k":1.2546,"state":"sit","frame":"tumble"},{"id":"mei","x":672.0000000000001,"y":462,"k":0.5313599999999999,"state":"sleep","frame":"back-sleep"}],"errors":[]}}
