saved /Users/sameeprehlan/Documents/Projects/visuals/livewall/shots/pets-shared/grass/night-f00.png
result: {"errors":[],"report":{"time":0.033333333333333326,"phase":0,"bad":[],"screen":[[94.58316943252538,451.3472505081081,328.7101073784713,610.29472]],"pets":[{"id":"bao","x":222.658944,"y":578,"k":0.91184,"state":"move","frame":"walk-1","path":[[221.2,578],[401.2,578]]}],"errors":[]}}
saved /Users/sameeprehlan/Documents/Projects/visuals/livewall/shots/pets-shared/grass/night-f01.png
result: {"errors":[],"report":{"time":0.4333333333333333,"phase":0,"bad":[],"screen":[[105.53489905738036,450.6217216,336.03419246278577,610.29472]],"pets":[{"id":"bao","x":240.16627200000002,"y":578,"k":0.91184,"state":"move","frame":"walk-2","path":[[221.2,578],[401.2,578]]}],"errors":[]}}
saved /Users/sameeprehlan/Documents/Projects/visuals/livewall/shots/pets-shared/grass/night-f02.png
result: {"errors":[],"report":{"time":1.0333333333333334,"phase":0,"bad":[],"screen":[[139.33252574509157,450.6217216,370.55734805860504,610.29472]],"pets":[{"id":"bao","x":266.427264,"y":578,"k":0.91184,"state":"move","frame":"walk-5","path":[[221.2,578],[401.2,578]]}],"errors":[]}}
saved /Users/sameeprehlan/Documents/Projects/visuals/livewall/shots/pets-shared/grass/night-f03.png
result: {"errors":[],"report":{"time":2.0333333333333323,"phase":0,"bad":[],"screen":[[183.21401743252466,451.3472505081081,417.3409553784706,610.29472]],"pets":[{"id":"bao","x":310.1955839999992,"y":578,"k":0.91184,"state":"move","frame":"walk-1","path":[[221.2,578],[401.2,578]]}],"errors":[]}}
saved /Users/sameeprehlan/Documents/Projects/visuals/livewall/shots/pets-shared/grass/night-f04.png
result: {"errors":[],"report":{"time":4.3333333333333375,"phase":1,"bad":[],"screen":[[327.86081286207406,426.0718336,533.827833835047,569.24512]],"pets":[{"id":"bao","x":444.9392640000001,"y":538,"k":0.78064,"state":"move","frame":"walk-2","path":[[431.2,538],[551.2,538]]}],"errors":[]}}
saved /Users/sameeprehlan/Documents/Projects/visuals/livewall/shots/pets-shared/grass/night-f05.png
result: {"errors":[],"report":{"time":4.833333333333332,"phase":1,"bad":[],"screen":[[347.6286730053108,425.4506973405405,554.2168302377432,569.24512]],"pets":[{"id":"bao","x":463.67462400000016,"y":538,"k":0.78064,"state":"move","frame":"walk-4","path":[[431.2,538],[551.2,538]]}],"errors":[]}}
saved /Users/sameeprehlan/Documents/Projects/visuals/livewall/shots/pets-shared/grass/night-f06.png
result: {"errors":[],"report":{"time":5.533333333333326,"phase":1,"bad":[],"screen":[[372.5612868213619,425.4506973405405,587.8453516862268,569.24512]],"pets":[{"id":"bao","x":489.90412800000036,"y":538,"k":0.78064,"state":"move","frame":"walk-7","path":[[431.2,538],[551.2,538]]}],"errors":[]}}
saved /Users/sameeprehlan/Documents/Projects/visuals/livewall/shots/pets-shared/grass/night-f07.png
result: {"errors":[],"report":{"time":7.33333333333331,"phase":2,"bad":[],"screen":[[309.37194215503354,462.8966656,552.1373717766552,630.81952]],"pets":[{"id":"bao","x":446.8390399999998,"y":598,"k":0.9774400000000002,"state":"move","frame":"walk-2","path":[[431.2,598],[551.2,598]]}],"errors":[]}}
saved /Users/sameeprehlan/Documents/Projects/visuals/livewall/shots/pets-shared/grass/night-f08.png
result: {"errors":[],"report":{"time":7.8333333333333055,"phase":2,"bad":[],"screen":[[334.1232964520271,462.1189403675676,577.6664513060812,630.81952]],"pets":[{"id":"bao","x":470.2975999999995,"y":598,"k":0.9774400000000002,"state":"move","frame":"walk-4","path":[[431.2,598],[551.2,598]]}],"errors":[]}}
saved /Users/sameeprehlan/Documents/Projects/visuals/livewall/shots/pets-shared/grass/night-f09.png
result: {"errors":[],"report":{"time":8.533333333333312,"phase":2,"bad":[],"screen":[[365.3414431628803,462.1189403675676,619.7727512709885,630.81952]],"pets":[{"id":"bao","x":503.13958399999973,"y":598,"k":0.9774400000000002,"state":"move","frame":"walk-7","path":[[431.2,598],[551.2,598]]}],"errors":[]}}
saved /Users/sameeprehlan/Documents/Projects/visuals/livewall/shots/pets-shared/grass/night-f10.png
result: {"errors":[],"report":{"time":10.100000000000007,"phase":3,"bad":[],"screen":[[110.01863835675675,461.23367781206537,332.3813616432433,610.29472]],"pets":[{"id":"bao","x":221.2,"y":578,"k":0.91184,"state":"jumpPrep","frame":"jump-1"}],"errors":[]}}
saved /Users/sameeprehlan/Documents/Projects/visuals/livewall/shots/pets-shared/grass/night-f11.png
result: {"errors":[],"report":{"time":10.366666666666678,"phase":3,"bad":[],"screen":[[126.0212241018674,410.0561112254709,340.4751614403016,597.730637748014]],"pets":[{"id":"bao","x":233.2481927710845,"y":578,"k":0.91184,"state":"jump","frame":"jump-2"}],"errors":[]}}
saved /Users/sameeprehlan/Documents/Projects/visuals/livewall/shots/pets-shared/grass/night-f12.png
result: {"errors":[],"report":{"time":10.63333333333335,"phase":3,"bad":[],"screen":[[185.39341383463932,419.58889213002436,409.6170279324323,587.2588424310234]],"pets":[{"id":"bao","x":297.5052208835358,"y":578,"k":0.91184,"state":"jump","frame":"jump-4"}],"errors":[]}}
saved /Users/sameeprehlan/Documents/Projects/visuals/livewall/shots/pets-shared/grass/night-f13.png
result: {"errors":[],"report":{"time":10.900000000000022,"phase":3,"bad":[],"screen":[[210.94908376240994,461.23367781206537,431.45091623759004,610.29472]],"pets":[{"id":"bao","x":321.2,"y":578,"k":0.91184,"state":"land","frame":"jump-5"}],"errors":[]}}
saved /Users/sameeprehlan/Documents/Projects/visuals/livewall/shots/pets-shared/grass/night-f14.png
result: {"errors":[],"report":{"time":11.700000000000037,"phase":4,"bad":[],"screen":[[331.6994098162162,435.15688963766746,530.7005901837838,569.24512]],"pets":[{"id":"bao","x":431.2,"y":538,"k":0.78064,"state":"jumpPrep","frame":"jump-1"}],"errors":[]}}
saved /Users/sameeprehlan/Documents/Projects/visuals/livewall/shots/pets-shared/grass/night-f15.png
result: {"errors":[],"report":{"time":12.033333333333376,"phase":4,"bad":[],"screen":[[379.8921809005547,394.0425588976658,578.8933612681222,535.2999045798156]],"pets":[{"id":"bao","x":479.3927710843385,"y":538,"k":0.78064,"state":"jump","frame":"jump-3"}],"errors":[]}}
saved /Users/sameeprehlan/Documents/Projects/visuals/livewall/shots/pets-shared/grass/night-f16.png
result: {"errors":[],"report":{"time":12.300000000000047,"phase":4,"bad":[],"screen":[[432.4959781850848,435.15688963766746,629.9040218149153,569.24512]],"pets":[{"id":"bao","x":531.2,"y":538,"k":0.78064,"state":"land","frame":"jump-5"}],"errors":[]}}
saved /Users/sameeprehlan/Documents/Projects/visuals/livewall/shots/pets-shared/grass/night-f17.png
result: {"errors":[],"report":{"time":13.200000000000063,"phase":5,"bad":[],"screen":[[314.178252627027,474.2720718992643,548.2217473729729,630.81952]],"pets":[{"id":"bao","x":431.2,"y":598,"k":0.9774400000000002,"state":"jumpPrep","frame":"jump-1"}],"errors":[]}}
saved /Users/sameeprehlan/Documents/Projects/visuals/livewall/shots/pets-shared/grass/night-f18.png
result: {"errors":[],"report":{"time":13.533333333333402,"phase":5,"bad":[],"screen":[[366.38708796839336,431.3774444199357,600.4305827143394,596.9013478370813]],"pets":[{"id":"bao","x":483.40883534136634,"y":598,"k":0.9774400000000002,"state":"jump","frame":"jump-3"}],"errors":[]}}
saved /Users/sameeprehlan/Documents/Projects/visuals/livewall/shots/pets-shared/grass/night-f19.png
result: {"errors":[],"report":{"time":13.800000000000074,"phase":5,"bad":[],"screen":[[415.1756365510726,474.2720718992643,647.2243634489275,630.81952]],"pets":[{"id":"bao","x":531.2,"y":598,"k":0.9774400000000002,"state":"land","frame":"jump-5"}],"errors":[]}}
saved /Users/sameeprehlan/Documents/Projects/visuals/livewall/shots/pets-shared/grass/night-f20.png
result: {"errors":[],"report":{"time":14.70000000000009,"phase":6,"bad":[],"screen":[[94.58316943252547,451.3472505081081,328.71010737847143,610.29472]],"pets":[{"id":"bao","x":231.41260800000026,"y":578,"k":0.91184,"state":"move","frame":"walk-1","path":[[221.2,578],[401.2,578]]}],"errors":[]}}
saved /Users/sameeprehlan/Documents/Projects/visuals/livewall/shots/pets-shared/grass/night-f21.png
result: {"errors":[],"report":{"time":15.03333333333343,"phase":6,"bad":[],"screen":[[116.55399765317031,449.8961926918919,355.759637955873,610.29472]],"pets":[{"id":"bao","x":246.00204800000063,"y":578,"k":0.91184,"state":"move","frame":"walk-3","path":[[221.2,578],[401.2,578]]}],"errors":[]}}
saved /Users/sameeprehlan/Documents/Projects/visuals/livewall/shots/pets-shared/grass/night-f22.png
result: {"errors":[],"report":{"time":15.300000000000102,"phase":6,"bad":[],"screen":[[128.62508863645525,449.8961926918919,359.8499109499687,610.29472]],"pets":[{"id":"bao","x":257.673600000001,"y":578,"k":0.91184,"state":"move","frame":"walk-4","path":[[221.2,578],[401.2,578]]}],"errors":[]}}
saved /Users/sameeprehlan/Documents/Projects/visuals/livewall/shots/pets-shared/grass/night-f23.png
result: {"errors":[],"report":{"time":16.200000000000117,"phase":7,"bad":[],"screen":[[143.23912727226087,365.05726823783783,289.67624035334194,466.62112],[370.1244657628103,516.1745057447033,587.9218879194457,663.6592]],"pets":[{"id":"bao","x":226.26956800000016,"y":438,"k":0.45263999999999993,"state":"move","frame":"walk-1","path":[[221.2,438],[481.2,438]]},{"id":"cub","x":469.07712,"y":630,"k":1.0823999999999998,"state":"move","frame":"walk-2","path":[[481.2,630],[221.2,630]]}],"errors":[]}}
saved /Users/sameeprehlan/Documents/Projects/visuals/livewall/shots/pets-shared/grass/night-f24.png
result: {"errors":[],"report":{"time":18.100000000000048,"phase":7,"bad":[],"screen":[[187.23573527226097,365.05726823783783,333.67284835334203,466.62112],[267.3309848295829,515.5652492885,485.1284069862183,663.6592]],"pets":[{"id":"bao","x":267.5503359999987,"y":438,"k":0.45263999999999993,"state":"move","frame":"walk-1","path":[[221.2,438],[481.2,438]]},{"id":"cub","x":370.3622400000033,"y":630,"k":1.0823999999999998,"state":"move","frame":"walk-6","path":[[481.2,630],[221.2,630]]}],"errors":[]}}
saved /Users/sameeprehlan/Documents/Projects/visuals/livewall/shots/pets-shared/grass/night-f25.png
result: {"errors":[],"report":{"time":21.099999999999937,"phase":7,"bad":[],"screen":[[253.4460525209435,364.6971136,398.4425470506732,466.62112],[128.47552469273742,513.1282234636872,329.4294017877095,663.6592]],"pets":[{"id":"bao","x":332.73049599999484,"y":438,"k":0.45263999999999993,"state":"move","frame":"walk-5","path":[[221.2,438],[481.2,438]]},{"id":"cub","x":221.2,"y":630,"k":1.0823999999999998,"state":"stand","frame":"walk1"}],"errors":[]}}
saved /Users/sameeprehlan/Documents/Projects/visuals/livewall/shots/pets-shared/grass/night-f26.png
result: {"errors":[],"report":{"time":25.099999999999792,"phase":7,"bad":[],"screen":[[341.4392685209411,364.6971136,486.4357630506708,466.62112],[128.47552469273742,513.1282234636872,329.4294017877095,663.6592]],"pets":[{"id":"bao","x":419.63737599998973,"y":438,"k":0.45263999999999993,"state":"move","frame":"walk-5","path":[[221.2,438],[481.2,438]]},{"id":"cub","x":221.2,"y":630,"k":1.0823999999999998,"state":"stand","frame":"walk1"}],"errors":[]}}
saved /Users/sameeprehlan/Documents/Projects/visuals/livewall/shots/pets-shared/grass/night-f27.png
result: {"errors":[],"report":{"time":28.599999999999664,"phase":8,"bad":[],"screen":[[216.85813621621622,437.6890720918491,407.14186378378383,583.61248],[484.82668156424586,557.8801305284051,691.1733184357543,717.5368],[599.1077443298971,388.15323328277003,744.8922556701033,491.25088]],"pets":[{"id":"bao","x":312,"y":552,"k":0.8265600000000001,"state":"sleep","frame":"roll"},{"id":"cub","x":588,"y":682.5,"k":1.2546,"state":"sit","frame":"tumble"},{"id":"mei","x":672.0000000000001,"y":462,"k":0.5313599999999999,"state":"sleep","frame":"back-sleep"}],"errors":[]}}
saved /Users/sameeprehlan/Documents/Projects/visuals/livewall/shots/pets-shared/grass/night-f28.png
result: {"errors":[],"report":{"time":30.09999999999961,"phase":8,"bad":[],"screen":[[216.85813621621622,435.50898595209844,407.14186378378383,583.61248],[484.82668156424586,557.0098903767915,691.1733184357543,717.5368],[599.1077443298971,389.13282815764296,744.8922556701033,491.25088]],"pets":[{"id":"bao","x":312,"y":552,"k":0.8265600000000001,"state":"sleep","frame":"roll"},{"id":"cub","x":588,"y":682.5,"k":1.2546,"state":"sit","frame":"tumble"},{"id":"mei","x":672.0000000000001,"y":462,"k":0.5313599999999999,"state":"sleep","frame":"back-sleep"}],"errors":[]}}
