saved /Users/sameeprehlan/Documents/Projects/visuals/livewall/shots/follow-angles/cats/day-f00.png
result: {"errors":[],"report":{"time":0.1,"phase":0,"bad":[],"screen":[[665.886114648219,480.61129703445795,914.2836976041855,656.8986565149344]],"pets":[{"id":"orange","x":1068.7781170853982,"y":834.327964396969,"k":1.2317378078121206,"state":"move","frame":"run-f-2","path":[[1050,824],[1210,912]]}],"errors":[]}}
saved /Users/sameeprehlan/Documents/Projects/visuals/livewall/shots/follow-angles/cats/day-f01.png
result: {"errors":[],"report":{"time":0.4666666666666667,"phase":0,"bad":[],"screen":[[714.9577715008755,504.2731392490814,959.6514212272583,684.9997031452432]],"pets":[{"id":"orange","x":1139.0939506389889,"y":873.001672851444,"k":1.2733864169169398,"state":"move","frame":"run-f-1","path":[[1050,824],[1210,912]]}],"errors":[]}}
saved /Users/sameeprehlan/Documents/Projects/visuals/livewall/shots/follow-angles/cats/day-f02.png
result: {"errors":[],"report":{"time":0.9000000000000004,"phase":0,"bad":[],"screen":[[769.0226488351902,531.6892776644843,1019.8077728021325,716.8923076923077]],"pets":[{"id":"orange","x":1210,"y":912,"k":1.3153846153846154,"state":"stand","frame":"run-f-1"}],"errors":[]}}
saved /Users/sameeprehlan/Documents/Projects/visuals/livewall/shots/follow-angles/cats/day-f03.png
result: {"errors":[],"report":{"time":1.2999999999999994,"phase":0,"bad":[],"screen":[[769.0226488351902,531.6892776644843,1019.8077728021325,716.8923076923077]],"pets":[{"id":"orange","x":1210,"y":912,"k":1.3153846153846154,"state":"stand","frame":"run-f-1"}],"errors":[]}}
saved /Users/sameeprehlan/Documents/Projects/visuals/livewall/shots/follow-angles/cats/day-f04.png
result: {"errors":[],"report":{"time":1.5666666666666655,"phase":0,"bad":[],"screen":[[769.0226488351902,531.6892776644843,1019.8077728021325,716.8923076923077]],"pets":[{"id":"orange","x":1210,"y":912,"k":1.3153846153846154,"state":"stand","frame":"run-f-1"}],"errors":[]}}
saved /Users/sameeprehlan/Documents/Projects/visuals/livewall/shots/follow-angles/cats/day-f05.png
result: {"errors":[],"report":{"time":2.0666666666666655,"phase":0,"bad":[],"screen":[[769.0226488351902,531.6892776644843,1019.8077728021325,716.8923076923077]],"pets":[{"id":"orange","x":1210,"y":912,"k":1.3153846153846154,"state":"stand","frame":"run-f-1"}],"errors":[]}}
saved /Users/sameeprehlan/Documents/Projects/visuals/livewall/shots/follow-angles/cats/day-f06.png
result: {"errors":[],"report":{"time":3.1000000000000036,"phase":1,"bad":[],"screen":[[741.6512421993034,527.4113382152862,983.8880990588948,704.3516761500466]],"pets":[{"id":"orange","x":1166.5858462838173,"y":889.3777845439002,"k":1.2910222295088156,"state":"move","frame":"run-b-2","path":[[1140,904],[1300,816]]}],"errors":[]}}
saved /Users/sameeprehlan/Documents/Projects/visuals/livewall/shots/follow-angles/cats/day-f07.png
result: {"errors":[],"report":{"time":3.466666666666672,"phase":1,"bad":[],"screen":[[798.309212199693,502.94536477787847,1029.2048334556098,675.5598123896336]],"pets":[{"id":"orange","x":1238.0493425280997,"y":850.072861609545,"k":1.2486938509641254,"state":"move","frame":"run-b-1","path":[[1140,904],[1300,816]]}],"errors":[]}}
saved /Users/sameeprehlan/Documents/Projects/visuals/livewall/shots/follow-angles/cats/day-f08.png
result: {"errors":[],"report":{"time":3.9333333333333407,"phase":1,"bad":[],"screen":[[857.4465672390645,475.4076033057852,1083.320286247329,644.272]],"pets":[{"id":"orange","x":1300,"y":816,"k":1.212,"state":"stand","frame":"run-b-1"}],"errors":[]}}
saved /Users/sameeprehlan/Documents/Projects/visuals/livewall/shots/follow-angles/cats/day-f09.png
result: {"errors":[],"report":{"time":4.3333333333333375,"phase":1,"bad":[],"screen":[[857.4465672390645,475.4076033057852,1083.320286247329,644.272]],"pets":[{"id":"orange","x":1300,"y":816,"k":1.212,"state":"stand","frame":"run-b-1"}],"errors":[]}}
saved /Users/sameeprehlan/Documents/Projects/visuals/livewall/shots/follow-angles/cats/day-f10.png
result: {"errors":[],"report":{"time":4.600000000000001,"phase":1,"bad":[],"screen":[[857.4465672390645,475.4076033057852,1083.320286247329,644.272]],"pets":[{"id":"orange","x":1300,"y":816,"k":1.212,"state":"stand","frame":"run-b-1"}],"errors":[]}}
saved /Users/sameeprehlan/Documents/Projects/visuals/livewall/shots/follow-angles/cats/day-f11.png
result: {"errors":[],"report":{"time":5.099999999999997,"phase":1,"bad":[],"screen":[[857.4465672390645,475.4076033057852,1083.320286247329,644.272]],"pets":[{"id":"orange","x":1300,"y":816,"k":1.212,"state":"stand","frame":"run-b-1"}],"errors":[]}}
saved /Users/sameeprehlan/Documents/Projects/visuals/livewall/shots/follow-angles/cats/day-f12.png
result: {"errors":[],"report":{"time":6.133333333333321,"phase":2,"bad":[],"screen":[[890.3896145456388,567.5646280991735,1082.6539120662997,680.5821538461539]],"pets":[{"id":"orange","x":1320,"y":864,"k":1.2636923076923077,"state":"wiggle","frame":"hunt-2"}],"errors":[]}}
saved /Users/sameeprehlan/Documents/Projects/visuals/livewall/shots/follow-angles/cats/day-f13.png
result: {"errors":[],"report":{"time":6.499999999999984,"phase":2,"bad":[],"screen":[[889.4323597497856,567.5646280991735,1082.6874010720996,680.5821538461539]],"pets":[{"id":"orange","x":1320,"y":864,"k":1.2636923076923077,"state":"wiggle","frame":"hunt-5"}],"errors":[]}}
saved /Users/sameeprehlan/Documents/Projects/visuals/livewall/shots/follow-angles/cats/day-f14.png
result: {"errors":[],"report":{"time":6.933333333333314,"phase":2,"bad":[],"screen":[[883.5875672267341,556.6664462809917,1086.750046565577,680.5821538461539]],"pets":[{"id":"orange","x":1320,"y":864,"k":1.2636923076923077,"state":"jumpPrep","frame":"pounce-1"}],"errors":[]}}
saved /Users/sameeprehlan/Documents/Projects/visuals/livewall/shots/follow-angles/cats/day-f15.png
result: {"errors":[],"report":{"time":7.33333333333331,"phase":2,"bad":[],"screen":[[917.6546753483143,532.3750461895286,1122.7986422904632,656.2907537546907]],"pets":[{"id":"orange","x":1360.1606425702807,"y":864,"k":1.2636923076923077,"state":"jump","frame":"pounce-3"}],"errors":[]}}
saved /Users/sameeprehlan/Documents/Projects/visuals/livewall/shots/follow-angles/cats/day-f16.png
result: {"errors":[],"report":{"time":7.599999999999974,"phase":2,"bad":[],"screen":[[955.8905915058651,556.6664462809917,1151.1271204314849,680.5821538461539]],"pets":[{"id":"orange","x":1420,"y":864,"k":1.2636923076923077,"state":"land","frame":"pounce-5"}],"errors":[]}}
saved /Users/sameeprehlan/Documents/Projects/visuals/livewall/shots/follow-angles/cats/day-f17.png
result: {"errors":[],"report":{"time":8.099999999999971,"phase":2,"bad":[],"screen":[[965.9967995454546,554.379479338843,1150.3268904545455,680.5821538461539]],"pets":[{"id":"orange","x":1420,"y":864,"k":1.2636923076923077,"state":"stand","frame":"walk1"}],"errors":[]}}
saved /Users/sameeprehlan/Documents/Projects/visuals/livewall/shots/follow-angles/cats/day-f18.png
result: {"errors":[],"report":{"time":9.166666666666657,"phase":3,"bad":[],"screen":[[322.32108696266886,551.7159914101646,473.39593306145196,665.4529230769231]],"pets":[{"id":"orange","x":540,"y":844,"k":1.2421538461538462,"state":"wiggle","frame":"hunt-f-2"}],"errors":[]}}
saved /Users/sameeprehlan/Documents/Projects/visuals/livewall/shots/follow-angles/cats/day-f19.png
result: {"errors":[],"report":{"time":9.499999999999996,"phase":3,"bad":[],"screen":[[323.5123957699697,551.7159914101646,470.7569913318881,665.4529230769231]],"pets":[{"id":"orange","x":540,"y":844,"k":1.2421538461538462,"state":"wiggle","frame":"hunt-f-5"}],"errors":[]}}
saved /Users/sameeprehlan/Documents/Projects/visuals/livewall/shots/follow-angles/cats/day-f20.png
result: {"errors":[],"report":{"time":9.933333333333339,"phase":3,"bad":[],"screen":[[313.3679151012325,547.8857408732999,481.0405135264293,665.4529230769231]],"pets":[{"id":"orange","x":540,"y":844,"k":1.2421538461538462,"state":"jumpPrep","frame":"pounce-f-1"}],"errors":[]}}
saved /Users/sameeprehlan/Documents/Projects/visuals/livewall/shots/follow-angles/cats/day-f21.png
result: {"errors":[],"report":{"time":10.333333333333345,"phase":3,"bad":[],"screen":[[336.3905654192806,539.6448511439555,524.1433001106457,658.738069942832]],"pets":[{"id":"orange","x":584.1014332965827,"y":868.2557883131205,"k":1.2682754643372067,"state":"jump","frame":"pounce-f-3"}],"errors":[]}}
saved /Users/sameeprehlan/Documents/Projects/visuals/livewall/shots/follow-angles/cats/day-f22.png
result: {"errors":[],"report":{"time":10.600000000000017,"phase":3,"bad":[],"screen":[[386.806898504268,586.0308375089478,556.0467338657569,707.0583076923077]],"pets":[{"id":"orange","x":640,"y":899,"k":1.3013846153846154,"state":"land","frame":"pounce-f-5"}],"errors":[]}}
saved /Users/sameeprehlan/Documents/Projects/visuals/livewall/shots/follow-angles/cats/day-f23.png
result: {"errors":[],"report":{"time":11.100000000000026,"phase":3,"bad":[],"screen":[[354.3595912907676,533.4470909090909,589.7186528743453,707.0583076923077]],"pets":[{"id":"orange","x":640,"y":899,"k":1.3013846153846154,"state":"stand","frame":"walk-f-1"}],"errors":[]}}
saved /Users/sameeprehlan/Documents/Projects/visuals/livewall/shots/follow-angles/cats/day-f24.png
result: {"errors":[],"report":{"time":12.166666666666712,"phase":4,"bad":[],"screen":[[369.40910038493496,595.7240377804014,517.987953479892,710.8406153846154]],"pets":[{"id":"orange","x":600,"y":904,"k":1.3067692307692307,"state":"wiggle","frame":"hunt-b-2"}],"errors":[]}}
saved /Users/sameeprehlan/Documents/Projects/visuals/livewall/shots/follow-angles/cats/day-f25.png
result: {"errors":[],"report":{"time":12.500000000000052,"phase":4,"bad":[],"screen":[[371.20899406191006,595.7240377804014,518.240618281846,710.8406153846154]],"pets":[{"id":"orange","x":600,"y":904,"k":1.3067692307692307,"state":"wiggle","frame":"hunt-b-5"}],"errors":[]}}
saved /Users/sameeprehlan/Documents/Projects/visuals/livewall/shots/follow-angles/cats/day-f26.png
result: {"errors":[],"report":{"time":12.933333333333392,"phase":4,"bad":[],"screen":[[371.4451192338521,589.5351222803171,518.0899362350327,710.8406153846154]],"pets":[{"id":"orange","x":600,"y":904,"k":1.3067692307692307,"state":"jumpPrep","frame":"pounce-b-1"}],"errors":[]}}
saved /Users/sameeprehlan/Documents/Projects/visuals/livewall/shots/follow-angles/cats/day-f27.png
result: {"errors":[],"report":{"time":13.3333333333334,"phase":4,"bad":[],"screen":[[402.29500295186415,532.7042937763141,562.2007368336698,652.3573720407664]],"pets":[{"id":"orange","x":647.7765527379648,"y":877.7228959941193,"k":1.27847081107059,"state":"jump","frame":"pounce-b-3"}],"errors":[]}}
saved /Users/sameeprehlan/Documents/Projects/visuals/livewall/shots/follow-angles/cats/day-f28.png
result: {"errors":[],"report":{"time":13.60000000000007,"phase":4,"bad":[],"screen":[[446.78512246619636,551.3883690335638,595.0417880084462,669.2352307692308]],"pets":[{"id":"orange","x":700,"y":849,"k":1.2475384615384615,"state":"land","frame":"pounce-b-5"}],"errors":[]}}
saved /Users/sameeprehlan/Documents/Projects/visuals/livewall/shots/follow-angles/cats/day-f29.png
result: {"errors":[],"report":{"time":14.100000000000081,"phase":4,"bad":[],"screen":[[409.6803323323295,500.23931263858094,629.8825274542808,669.2352307692308]],"pets":[{"id":"orange","x":700,"y":849,"k":1.2475384615384615,"state":"stand","frame":"walk-b-1"}],"errors":[]}}
