saved /Users/sameeprehlan/Documents/Projects/visuals/livewall/shots/follow-angles/cats/night-f00.png
result: {"errors":[],"report":{"time":0.1,"phase":0,"bad":[],"screen":[[664.9269992977343,480.08378359169143,913.3245822537007,656.3711430721678]],"pets":[{"id":"orange","x":1068.7781170853984,"y":834.3279643969692,"k":1.2317378078121206,"state":"move","frame":"run-f-2","path":[[1050,824],[1210,912]]}],"errors":[]}}
saved /Users/sameeprehlan/Documents/Projects/visuals/livewall/shots/follow-angles/cats/night-f01.png
result: {"errors":[],"report":{"time":0.4666666666666667,"phase":0,"bad":[],"screen":[[713.966225693142,503.72778905482755,958.6598754195244,684.4543529509893]],"pets":[{"id":"orange","x":1139.0939506389893,"y":873.001672851444,"k":1.2733864169169398,"state":"move","frame":"run-f-1","path":[[1050,824],[1210,912]]}],"errors":[]}}
saved /Users/sameeprehlan/Documents/Projects/visuals/livewall/shots/follow-angles/cats/night-f02.png
result: {"errors":[],"report":{"time":0.9000000000000005,"phase":0,"bad":[],"screen":[[769.0226488351902,531.6892776644843,1019.8077728021325,716.8923076923077]],"pets":[{"id":"orange","x":1210,"y":912,"k":1.3153846153846154,"state":"stand","frame":"run-f-1"}],"errors":[]}}
saved /Users/sameeprehlan/Documents/Projects/visuals/livewall/shots/follow-angles/cats/night-f03.png
result: {"errors":[],"report":{"time":1.2999999999999994,"phase":0,"bad":[],"screen":[[769.0226488351902,531.6892776644843,1019.8077728021325,716.8923076923077]],"pets":[{"id":"orange","x":1210,"y":912,"k":1.3153846153846154,"state":"stand","frame":"run-f-1"}],"errors":[]}}
saved /Users/sameeprehlan/Documents/Projects/visuals/livewall/shots/follow-angles/cats/night-f04.png
result: {"errors":[],"report":{"time":1.5666666666666653,"phase":0,"bad":[],"screen":[[769.0226488351902,531.6892776644843,1019.8077728021325,716.8923076923077]],"pets":[{"id":"orange","x":1210,"y":912,"k":1.3153846153846154,"state":"stand","frame":"run-f-1"}],"errors":[]}}
saved /Users/sameeprehlan/Documents/Projects/visuals/livewall/shots/follow-angles/cats/night-f05.png
result: {"errors":[],"report":{"time":2.066666666666666,"phase":0,"bad":[],"screen":[[769.0226488351902,531.6892776644843,1019.8077728021325,716.8923076923077]],"pets":[{"id":"orange","x":1210,"y":912,"k":1.3153846153846154,"state":"stand","frame":"run-f-1"}],"errors":[]}}
saved /Users/sameeprehlan/Documents/Projects/visuals/livewall/shots/follow-angles/cats/night-f06.png
result: {"errors":[],"report":{"time":3.100000000000004,"phase":1,"bad":[],"screen":[[741.6472476922329,527.4131297033643,983.8845233874551,704.3537708770834]],"pets":[{"id":"orange","x":1166.580836791075,"y":889.3805397649086,"k":1.2910251966699016,"state":"move","frame":"run-b-2","path":[[1140,904],[1300,816]]}],"errors":[]}}
saved /Users/sameeprehlan/Documents/Projects/visuals/livewall/shots/follow-angles/cats/night-f07.png
result: {"errors":[],"report":{"time":3.466666666666672,"phase":1,"bad":[],"screen":[[798.3092121996929,502.9453647778787,1029.2048334556098,675.5598123896339]],"pets":[{"id":"orange","x":1238.0493425280995,"y":850.0728616095452,"k":1.2486938509641257,"state":"move","frame":"run-b-1","path":[[1140,904],[1300,816]]}],"errors":[]}}
saved /Users/sameeprehlan/Documents/Projects/visuals/livewall/shots/follow-angles/cats/night-f08.png
result: {"errors":[],"report":{"time":3.933333333333341,"phase":1,"bad":[],"screen":[[857.4465672390645,475.4076033057852,1083.320286247329,644.272]],"pets":[{"id":"orange","x":1300,"y":816,"k":1.212,"state":"stand","frame":"run-b-1"}],"errors":[]}}
saved /Users/sameeprehlan/Documents/Projects/visuals/livewall/shots/follow-angles/cats/night-f09.png
result: {"errors":[],"report":{"time":4.3333333333333375,"phase":1,"bad":[],"screen":[[857.4465672390645,475.4076033057852,1083.320286247329,644.272]],"pets":[{"id":"orange","x":1300,"y":816,"k":1.212,"state":"stand","frame":"run-b-1"}],"errors":[]}}
saved /Users/sameeprehlan/Documents/Projects/visuals/livewall/shots/follow-angles/cats/night-f10.png
result: {"errors":[],"report":{"time":4.600000000000002,"phase":1,"bad":[],"screen":[[857.4465672390645,475.4076033057852,1083.320286247329,644.272]],"pets":[{"id":"orange","x":1300,"y":816,"k":1.212,"state":"stand","frame":"run-b-1"}],"errors":[]}}
saved /Users/sameeprehlan/Documents/Projects/visuals/livewall/shots/follow-angles/cats/night-f11.png
result: {"errors":[],"report":{"time":5.099999999999998,"phase":1,"bad":[],"screen":[[857.4465672390645,475.4076033057852,1083.320286247329,644.272]],"pets":[{"id":"orange","x":1300,"y":816,"k":1.212,"state":"stand","frame":"run-b-1"}],"errors":[]}}
saved /Users/sameeprehlan/Documents/Projects/visuals/livewall/shots/follow-angles/cats/night-f12.png
result: {"errors":[],"report":{"time":6.133333333333321,"phase":2,"bad":[],"screen":[[890.3896145456388,567.5646280991735,1082.6539120662997,680.5821538461539]],"pets":[{"id":"orange","x":1320,"y":864,"k":1.2636923076923077,"state":"wiggle","frame":"hunt-2"}],"errors":[]}}
saved /Users/sameeprehlan/Documents/Projects/visuals/livewall/shots/follow-angles/cats/night-f13.png
result: {"errors":[],"report":{"time":6.499999999999985,"phase":2,"bad":[],"screen":[[889.4323597497856,567.5646280991735,1082.6874010720996,680.5821538461539]],"pets":[{"id":"orange","x":1320,"y":864,"k":1.2636923076923077,"state":"wiggle","frame":"hunt-5"}],"errors":[]}}
saved /Users/sameeprehlan/Documents/Projects/visuals/livewall/shots/follow-angles/cats/night-f14.png
result: {"errors":[],"report":{"time":6.933333333333314,"phase":2,"bad":[],"screen":[[883.5875672267341,556.6664462809917,1086.750046565577,680.5821538461539]],"pets":[{"id":"orange","x":1320,"y":864,"k":1.2636923076923077,"state":"jumpPrep","frame":"pounce-1"}],"errors":[]}}
saved /Users/sameeprehlan/Documents/Projects/visuals/livewall/shots/follow-angles/cats/night-f15.png
result: {"errors":[],"report":{"time":7.333333333333311,"phase":2,"bad":[],"screen":[[917.6546753483143,532.3750461895286,1122.7986422904632,656.2907537546907]],"pets":[{"id":"orange","x":1360.1606425702807,"y":864,"k":1.2636923076923077,"state":"jump","frame":"pounce-3"}],"errors":[]}}
saved /Users/sameeprehlan/Documents/Projects/visuals/livewall/shots/follow-angles/cats/night-f16.png
result: {"errors":[],"report":{"time":7.599999999999975,"phase":2,"bad":[],"screen":[[955.8905915058651,556.6664462809917,1151.1271204314849,680.5821538461539]],"pets":[{"id":"orange","x":1420,"y":864,"k":1.2636923076923077,"state":"land","frame":"pounce-5"}],"errors":[]}}
saved /Users/sameeprehlan/Documents/Projects/visuals/livewall/shots/follow-angles/cats/night-f17.png
result: {"errors":[],"report":{"time":8.099999999999971,"phase":2,"bad":[],"screen":[[965.9967995454546,554.379479338843,1150.3268904545455,680.5821538461539]],"pets":[{"id":"orange","x":1420,"y":864,"k":1.2636923076923077,"state":"stand","frame":"walk1"}],"errors":[]}}
saved /Users/sameeprehlan/Documents/Projects/visuals/livewall/shots/follow-angles/cats/night-f18.png
result: {"errors":[],"report":{"time":9.166666666666657,"phase":3,"bad":[],"screen":[[322.32108696266886,551.7159914101646,473.39593306145196,665.4529230769231]],"pets":[{"id":"orange","x":540,"y":844,"k":1.2421538461538462,"state":"wiggle","frame":"hunt-f-2"}],"errors":[]}}
saved /Users/sameeprehlan/Documents/Projects/visuals/livewall/shots/follow-angles/cats/night-f19.png
result: {"errors":[],"report":{"time":9.499999999999996,"phase":3,"bad":[],"screen":[[323.5123957699697,551.7159914101646,470.7569913318881,665.4529230769231]],"pets":[{"id":"orange","x":540,"y":844,"k":1.2421538461538462,"state":"wiggle","frame":"hunt-f-5"}],"errors":[]}}
saved /Users/sameeprehlan/Documents/Projects/visuals/livewall/shots/follow-angles/cats/night-f20.png
result: {"errors":[],"report":{"time":9.933333333333337,"phase":3,"bad":[],"screen":[[313.3679151012325,547.8857408732999,481.0405135264293,665.4529230769231]],"pets":[{"id":"orange","x":540,"y":844,"k":1.2421538461538462,"state":"jumpPrep","frame":"pounce-f-1"}],"errors":[]}}
saved /Users/sameeprehlan/Documents/Projects/visuals/livewall/shots/follow-angles/cats/night-f21.png
result: {"errors":[],"report":{"time":10.333333333333345,"phase":3,"bad":[],"screen":[[339.0238677499668,540.6723382796806,526.9958705374805,659.892726794828]],"pets":[{"id":"orange","x":587.7765527379648,"y":870.2771040058807,"k":1.2704522658524868,"state":"jump","frame":"pounce-f-3"}],"errors":[]}}
saved /Users/sameeprehlan/Documents/Projects/visuals/livewall/shots/follow-angles/cats/night-f22.png
result: {"errors":[],"report":{"time":10.600000000000017,"phase":3,"bad":[],"screen":[[386.806898504268,586.0308375089478,556.0467338657569,707.0583076923077]],"pets":[{"id":"orange","x":640,"y":899,"k":1.3013846153846154,"state":"land","frame":"pounce-f-5"}],"errors":[]}}
saved /Users/sameeprehlan/Documents/Projects/visuals/livewall/shots/follow-angles/cats/night-f23.png
result: {"errors":[],"report":{"time":11.100000000000026,"phase":3,"bad":[],"screen":[[354.3595912907676,533.4470909090909,589.7186528743453,707.0583076923077]],"pets":[{"id":"orange","x":640,"y":899,"k":1.3013846153846154,"state":"stand","frame":"walk-f-1"}],"errors":[]}}
saved /Users/sameeprehlan/Documents/Projects/visuals/livewall/shots/follow-angles/cats/night-f24.png
result: {"errors":[],"report":{"time":12.166666666666712,"phase":4,"bad":[],"screen":[[369.40910038493496,595.7240377804014,517.987953479892,710.8406153846154]],"pets":[{"id":"orange","x":600,"y":904,"k":1.3067692307692307,"state":"wiggle","frame":"hunt-b-2"}],"errors":[]}}
saved /Users/sameeprehlan/Documents/Projects/visuals/livewall/shots/follow-angles/cats/night-f25.png
result: {"errors":[],"report":{"time":12.500000000000052,"phase":4,"bad":[],"screen":[[371.20899406191006,595.7240377804014,518.240618281846,710.8406153846154]],"pets":[{"id":"orange","x":600,"y":904,"k":1.3067692307692307,"state":"wiggle","frame":"hunt-b-5"}],"errors":[]}}
saved /Users/sameeprehlan/Documents/Projects/visuals/livewall/shots/follow-angles/cats/night-f26.png
result: {"errors":[],"report":{"time":12.933333333333392,"phase":4,"bad":[],"screen":[[371.4451192338521,589.5351222803171,518.0899362350327,710.8406153846154]],"pets":[{"id":"orange","x":600,"y":904,"k":1.3067692307692307,"state":"jumpPrep","frame":"pounce-b-1"}],"errors":[]}}
saved /Users/sameeprehlan/Documents/Projects/visuals/livewall/shots/follow-angles/cats/night-f27.png
result: {"errors":[],"report":{"time":13.3333333333334,"phase":4,"bad":[],"screen":[[402.29500295186415,532.7042937763141,562.2007368336698,652.3573720407664]],"pets":[{"id":"orange","x":647.7765527379648,"y":877.7228959941193,"k":1.27847081107059,"state":"jump","frame":"pounce-b-3"}],"errors":[]}}
saved /Users/sameeprehlan/Documents/Projects/visuals/livewall/shots/follow-angles/cats/night-f28.png
result: {"errors":[],"report":{"time":13.60000000000007,"phase":4,"bad":[],"screen":[[446.78512246619636,551.3883690335638,595.0417880084462,669.2352307692308]],"pets":[{"id":"orange","x":700,"y":849,"k":1.2475384615384615,"state":"land","frame":"pounce-b-5"}],"errors":[]}}
saved /Users/sameeprehlan/Documents/Projects/visuals/livewall/shots/follow-angles/cats/night-f29.png
result: {"errors":[],"report":{"time":14.10000000000008,"phase":4,"bad":[],"screen":[[409.6803323323295,500.23931263858094,629.8825274542808,669.2352307692308]],"pets":[{"id":"orange","x":700,"y":849,"k":1.2475384615384615,"state":"stand","frame":"walk-b-1"}],"errors":[]}}
