saved /Users/sameeprehlan/Documents/Projects/visuals/livewall/shots/pets-shared/speakeasy/night-f00.png
result: {"errors":[],"report":{"time":0.033333333333333326,"phase":0,"bad":[],"screen":[[320.0181172879294,614.7294602850666,493.9407467856437,749.7423076923077]],"pets":[{"id":"golden","x":931.8646153846154,"y":957,"k":1.1653846153846152,"state":"move","frame":"walk-1","path":[[930,957],[1110,957]]}],"errors":[]}}
saved /Users/sameeprehlan/Documents/Projects/visuals/livewall/shots/pets-shared/speakeasy/night-f01.png
result: {"errors":[],"report":{"time":0.43333333333333335,"phase":0,"bad":[],"screen":[[338.2606106087351,613.8070098437894,508.4934383413413,749.7423076923077]],"pets":[{"id":"golden","x":954.2400000000001,"y":957,"k":1.1653846153846152,"state":"move","frame":"walk-3","path":[[930,957],[1110,957]]}],"errors":[]}}
saved /Users/sameeprehlan/Documents/Projects/visuals/livewall/shots/pets-shared/speakeasy/night-f02.png
result: {"errors":[],"report":{"time":1.0333333333333332,"phase":0,"bad":[],"screen":[[363.4351531582265,615.6519107263435,535.5128817733869,749.7423076923077]],"pets":[{"id":"golden","x":987.8030769230776,"y":957,"k":1.1653846153846152,"state":"move","frame":"walk-6","path":[[930,957],[1110,957]]}],"errors":[]}}
saved /Users/sameeprehlan/Documents/Projects/visuals/livewall/shots/pets-shared/speakeasy/night-f03.png
result: {"errors":[],"report":{"time":2.0333333333333323,"phase":0,"bad":[],"screen":[[406.2258413779667,613.8070098437894,576.4586691105728,749.7423076923077]],"pets":[{"id":"golden","x":1043.7415384615397,"y":957,"k":1.1653846153846152,"state":"move","frame":"walk-3","path":[[930,957],[1110,957]]}],"errors":[]}}
saved /Users/sameeprehlan/Documents/Projects/visuals/livewall/shots/pets-shared/speakeasy/night-f04.png
result: {"errors":[],"report":{"time":4.3333333333333375,"phase":1,"bad":[],"screen":[[299.0437167730379,521.278809563311,487.2584548636525,679.0143890354003]],"pets":[{"id":"golden","x":916.4205313874659,"y":866.0312922631063,"k":1.0699628939822792,"state":"move","frame":"walk-f-3","path":[[900,857],[1020,923]]}],"errors":[]}}
saved /Users/sameeprehlan/Documents/Projects/visuals/livewall/shots/pets-shared/speakeasy/night-f05.png
result: {"errors":[],"report":{"time":4.833333333333333,"phase":1,"bad":[],"screen":[[314.2467298630297,529.2922667495673,503.31079889259394,688.4033500081871]],"pets":[{"id":"golden","x":939.048814013827,"y":878.4768477076047,"k":1.0830176724205645,"state":"move","frame":"walk-f-7","path":[[900,857],[1020,923]]}],"errors":[]}}
saved /Users/sameeprehlan/Documents/Projects/visuals/livewall/shots/pets-shared/speakeasy/night-f06.png
result: {"errors":[],"report":{"time":5.533333333333327,"phase":1,"bad":[],"screen":[[338.28934277054344,541.6311872804772,533.5634412746072,702.6962166093249]],"pets":[{"id":"golden","x":971.1929959104863,"y":896.1561477507673,"k":1.10156239274556,"state":"move","frame":"walk-f-5","path":[[900,857],[1020,923]]}],"errors":[]}}
saved /Users/sameeprehlan/Documents/Projects/visuals/livewall/shots/pets-shared/speakeasy/night-f07.png
result: {"errors":[],"report":{"time":7.333333333333311,"phase":2,"bad":[],"screen":[[321.11140959654597,553.9253276347376,513.7585267747438,714.3275026869317]],"pets":[{"id":"golden","x":945.6926271239762,"y":908.3690550818133,"k":1.1143731347012027,"state":"move","frame":"walk-b-3","path":[[930,917],[1050,851]]}],"errors":[]}}
saved /Users/sameeprehlan/Documents/Projects/visuals/livewall/shots/pets-shared/speakeasy/night-f08.png
result: {"errors":[],"report":{"time":7.833333333333306,"phase":2,"bad":[],"screen":[[339.44858283801466,545.608258077126,530.1577257928351,704.6182476691461]],"pets":[{"id":"golden","x":968.9947679144095,"y":895.5528776470749,"k":1.100929591937491,"state":"move","frame":"walk-b-7","path":[[930,917],[1050,851]]}],"errors":[]}}
saved /Users/sameeprehlan/Documents/Projects/visuals/livewall/shots/pets-shared/speakeasy/night-f09.png
result: {"errors":[],"report":{"time":8.533333333333312,"phase":2,"bad":[],"screen":[[366.2803815129913,533.1943937931246,553.791228139813,690.2836039645313]],"pets":[{"id":"golden","x":1001.1444159080814,"y":877.8705712505554,"k":1.0823817180949882,"state":"move","frame":"walk-b-5","path":[[930,917],[1050,851]]}],"errors":[]}}
saved /Users/sameeprehlan/Documents/Projects/visuals/livewall/shots/pets-shared/speakeasy/night-f10.png
result: {"errors":[],"report":{"time":10.100000000000007,"phase":3,"bad":[],"screen":[[172.1168574775478,623.2099514921626,337.8831425224522,749.7423076923077]],"pets":[{"id":"golden","x":720,"y":957,"k":1.1653846153846152,"state":"jumpPrep","frame":"jump-1"}],"errors":[]}}
saved /Users/sameeprehlan/Documents/Projects/visuals/livewall/shots/pets-shared/speakeasy/night-f11.png
result: {"errors":[],"report":{"time":10.36666666666668,"phase":3,"bad":[],"screen":[[177.30153890241638,593.3398139732983,344.74665386866843,743.3757890723109]],"pets":[{"id":"golden","x":728.0321285140566,"y":957,"k":1.1653846153846152,"state":"jump","frame":"jump-2"}],"errors":[]}}
saved /Users/sameeprehlan/Documents/Projects/visuals/livewall/shots/pets-shared/speakeasy/night-f12.png
result: {"errors":[],"report":{"time":10.63333333333335,"phase":3,"bad":[],"screen":[[224.1512460496765,590.951221228183,394.28248889008484,730.2426848305704]],"pets":[{"id":"golden","x":792.2891566265075,"y":957,"k":1.1653846153846152,"state":"jump","frame":"jump-4"}],"errors":[]}}
saved /Users/sameeprehlan/Documents/Projects/visuals/livewall/shots/pets-shared/speakeasy/night-f13.png
result: {"errors":[],"report":{"time":10.900000000000022,"phase":3,"bad":[],"screen":[[243.59131464271763,623.2099514921626,416.40868535728237,749.7423076923077]],"pets":[{"id":"golden","x":820,"y":957,"k":1.1653846153846152,"state":"land","frame":"jump-5"}],"errors":[]}}
saved /Users/sameeprehlan/Documents/Projects/visuals/livewall/shots/pets-shared/speakeasy/night-f14.png
result: {"errors":[],"report":{"time":11.700000000000037,"phase":4,"bad":[],"screen":[[330.4244793328505,497.4208738453294,484.94644598581453,674.112937062937]],"pets":[{"id":"golden","x":930,"y":857,"k":1.0604895104895105,"state":"jumpPrep","frame":"jump-f-1"}],"errors":[]}}
saved /Users/sameeprehlan/Documents/Projects/visuals/livewall/shots/pets-shared/speakeasy/night-f15.png
result: {"errors":[],"report":{"time":12.033333333333376,"phase":4,"bad":[],"screen":[[365.23211308316513,488.4334325614298,519.6965564012337,668.5483306375124]],"pets":[{"id":"golden","x":977.7765527379648,"y":883.2771040058807,"k":1.0880529062998747,"state":"jump","frame":"jump-f-3"}],"errors":[]}}
saved /Users/sameeprehlan/Documents/Projects/visuals/livewall/shots/pets-shared/speakeasy/night-f16.png
result: {"errors":[],"report":{"time":12.300000000000047,"phase":4,"bad":[],"screen":[[399.1533219604136,531.8527710377064,564.3543282572116,715.709090909091]],"pets":[{"id":"golden","x":1030,"y":912,"k":1.1181818181818182,"state":"land","frame":"jump-f-5"}],"errors":[]}}
saved /Users/sameeprehlan/Documents/Projects/visuals/livewall/shots/pets-shared/speakeasy/night-f17.png
result: {"errors":[],"report":{"time":13.200000000000063,"phase":5,"bad":[],"screen":[[216.9214628073887,535.0591797820545,372.38992306809246,719.4905594405594]],"pets":[{"id":"golden","x":780,"y":917,"k":1.1234265734265734,"state":"jumpPrep","frame":"jump-b-1"}],"errors":[]}}
saved /Users/sameeprehlan/Documents/Projects/visuals/livewall/shots/pets-shared/speakeasy/night-f18.png
result: {"errors":[],"report":{"time":13.533333333333402,"phase":5,"bad":[],"screen":[[252.90040807087325,481.83506118948134,401.1540299508134,663.1086275620823]],"pets":[{"id":"golden","x":824.1014332965827,"y":892.7442116868795,"k":1.097983438832391,"state":"jump","frame":"jump-b-3"}],"errors":[]}}
saved /Users/sameeprehlan/Documents/Projects/visuals/livewall/shots/pets-shared/speakeasy/night-f19.png
result: {"errors":[],"report":{"time":13.800000000000075,"phase":5,"bad":[],"screen":[[294.3055522939296,500.6233675616875,445.5252417752002,677.8944055944056]],"pets":[{"id":"golden","x":880,"y":862,"k":1.0657342657342657,"state":"land","frame":"jump-b-5"}],"errors":[]}}
saved /Users/sameeprehlan/Documents/Projects/visuals/livewall/shots/pets-shared/speakeasy/night-f20.png
result: {"errors":[],"report":{"time":14.700000000000092,"phase":6,"bad":[],"screen":[[353.6001396994794,479.192322704363,485.94714531659884,624.9538461538461]],"pets":[{"id":"black","x":950,"y":792,"k":0.9923076923076923,"state":"jumpPrep","frame":"jump-b-1"}],"errors":[]}}
saved /Users/sameeprehlan/Documents/Projects/visuals/livewall/shots/pets-shared/speakeasy/night-f21.png
result: {"errors":[],"report":{"time":15.033333333333431,"phase":6,"bad":[],"screen":[[360.1160802709253,402.5650017563017,494.7106130098193,545.383102848897]],"pets":[{"id":"black","x":954.6522447080717,"y":749.1993486857399,"k":0.9633206291266299,"state":"jump","frame":"jump-b-3"}],"errors":[]}}
saved /Users/sameeprehlan/Documents/Projects/visuals/livewall/shots/pets-shared/speakeasy/night-f22.png
result: {"errors":[],"report":{"time":15.300000000000102,"phase":6,"bad":[],"screen":[[362.2658564941605,416.1453629066472,493.3938826960714,555.58]],"pets":[{"id":"black","x":960,"y":700,"k":0.93,"state":"land","frame":"jump-b-5"}],"errors":[]}}
saved /Users/sameeprehlan/Documents/Projects/visuals/livewall/shots/pets-shared/speakeasy/night-f23.png
result: {"errors":[],"report":{"time":16.20000000000012,"phase":7,"bad":[],"screen":[[388.059197102721,625.7279113448535,553.5667137336463,744.902027972028],[201.68480631787588,507.4752179124687,356.0425193455162,628.7353146853147]],"pets":[{"id":"black","x":997.0228811188811,"y":950.6,"k":1.1586713286713286,"state":"move","frame":"walk-2","path":[[1010,950.6],[750,950.6]]},{"id":"golden","x":761.1725874125871,"y":797,"k":0.9975524475524475,"state":"move","frame":"walk-2","path":[[750,797],[1010,797]]}],"errors":[]}}
saved /Users/sameeprehlan/Documents/Projects/visuals/livewall/shots/pets-shared/speakeasy/night-f24.png
result: {"errors":[],"report":{"time":18.10000000000005,"phase":7,"bad":[],"screen":[[308.76039950136953,625.2827319497864,474.2679161322948,744.902027972028],[267.80897853325155,505.89600932623205,422.1666915608919,628.7353146853147]],"pets":[{"id":"black","x":891.3520559440622,"y":950.6,"k":1.1586713286713286,"state":"move","frame":"walk-6","path":[[1010,950.6],[750,950.6]]},{"id":"golden","x":852.1493706293641,"y":797,"k":0.9975524475524475,"state":"move","frame":"walk-3","path":[[750,797],[1010,797]]}],"errors":[]}}
saved /Users/sameeprehlan/Documents/Projects/visuals/livewall/shots/pets-shared/speakeasy/night-f25.png
result: {"errors":[],"report":{"time":21.09999999999994,"phase":7,"bad":[],"screen":[[196.77113088842975,625.4478193087904,370.7685895661157,744.902027972028],[376.2165825416465,507.4752179124687,530.574295569287,628.7353146853147]],"pets":[{"id":"black","x":750,"y":950.6,"k":1.1586713286713286,"state":"stand","frame":"walk1"},{"id":"golden","x":995.7969230769066,"y":797,"k":0.9975524475524475,"state":"move","frame":"walk-2","path":[[750,797],[1010,797]]}],"errors":[]}}
saved /Users/sameeprehlan/Documents/Projects/visuals/livewall/shots/pets-shared/speakeasy/night-f26.png
result: {"errors":[],"report":{"time":25.099999999999795,"phase":7,"bad":[],"screen":[[196.77113088842975,625.4478193087904,370.7685895661157,744.902027972028],[390.69938007170504,506.2908114727911,544.0338303929573,628.7353146853147]],"pets":[{"id":"black","x":750,"y":950.6,"k":1.1586713286713286,"state":"stand","frame":"walk1"},{"id":"golden","x":1010,"y":797,"k":0.9975524475524475,"state":"stand","frame":"walk1"}],"errors":[]}}
saved /Users/sameeprehlan/Documents/Projects/visuals/livewall/shots/pets-shared/speakeasy/night-f27.png
result: {"errors":[],"report":{"time":28.599999999999667,"phase":8,"bad":[],"screen":[[473.9550495867768,300.3463351295679,582.044950413223,380.62233009708734],[112.32578680203045,624.6252037756609,232.67421319796958,755.0363636363636]],"pets":[{"id":"black","x":1084,"y":466.9631067961165,"k":0.9,"state":"sleep","frame":"sleep"},{"id":"golden","x":610,"y":964,"k":1.1727272727272726,"state":"sit","frame":"sit"}],"errors":[]}}
saved /Users/sameeprehlan/Documents/Projects/visuals/livewall/shots/pets-shared/speakeasy/night-f28.png
result: {"errors":[],"report":{"time":30.099999999999614,"phase":8,"bad":[],"screen":[[473.9550495867768,299.65632136163487,582.044950413223,380.62233009708734],[112.32578680203045,623.9589595116731,232.67421319796958,755.0363636363636]],"pets":[{"id":"black","x":1084,"y":466.9631067961165,"k":0.9,"state":"sleep","frame":"sleep"},{"id":"golden","x":610,"y":964,"k":1.1727272727272726,"state":"sit","frame":"sit"}],"errors":[]}}
