saved /Users/sameeprehlan/Documents/Projects/visuals/livewall/shots/pets-shared/cats/day-f00.png
result: {"errors":[],"report":{"time":0.033333333333333326,"phase":0,"bad":[],"screen":[[396.4079296240559,569.9888016528926,583.7891692934775,695.7113846153845]],"pets":[{"id":"orange","x":662.0563692307692,"y":884,"k":1.2852307692307692,"state":"move","frame":"walk-1","path":[[660,884],[840,884]]}],"errors":[]}}
saved /Users/sameeprehlan/Documents/Projects/visuals/livewall/shots/pets-shared/cats/day-f01.png
result: {"errors":[],"report":{"time":0.43333333333333335,"phase":0,"bad":[],"screen":[[411.1616531269252,569.4709917355372,601.1319423831235,695.7113846153845]],"pets":[{"id":"orange","x":686.7327999999993,"y":884,"k":1.2852307692307692,"state":"move","frame":"walk-3","path":[[660,884],[840,884]]}],"errors":[]}}
saved /Users/sameeprehlan/Documents/Projects/visuals/livewall/shots/pets-shared/cats/day-f02.png
result: {"errors":[],"report":{"time":1.0333333333333334,"phase":0,"bad":[],"screen":[[442.46941868561953,568.4353719008265,632.4397079418179,695.7113846153845]],"pets":[{"id":"orange","x":723.7474461538445,"y":884,"k":1.2852307692307692,"state":"move","frame":"walk-7","path":[[660,884],[840,884]]}],"errors":[]}}
saved /Users/sameeprehlan/Documents/Projects/visuals/livewall/shots/pets-shared/cats/day-f03.png
result: {"errors":[],"report":{"time":2.0333333333333323,"phase":0,"bad":[],"screen":[[488.21936104647443,569.9888016528926,677.154030467962,695.7113846153845]],"pets":[{"id":"orange","x":785.4385230769199,"y":884,"k":1.2852307692307692,"state":"move","frame":"walk-5","path":[[660,884],[840,884]]}],"errors":[]}}
saved /Users/sameeprehlan/Documents/Projects/visuals/livewall/shots/pets-shared/cats/day-f04.png
result: {"errors":[],"report":{"time":4.3333333333333375,"phase":1,"bad":[],"screen":[[336.72095069999796,520.1611134428299,528.2361138019339,672.3909032746894]],"pets":[{"id":"orange","x":589.235482830713,"y":854.5795155568921,"k":1.25354717059973,"state":"move","frame":"walk-f-4","path":[[570,844],[690,910]]}],"errors":[]}}
saved /Users/sameeprehlan/Documents/Projects/visuals/livewall/shots/pets-shared/cats/day-f05.png
result: {"errors":[],"report":{"time":4.833333333333333,"phase":1,"bad":[],"screen":[[355.7330566957037,530.0079922552975,550.7051732001648,683.5812007090425]],"pets":[{"id":"orange","x":615.7503354414814,"y":869.1626844928147,"k":1.2692521217614927,"state":"move","frame":"walk-f-1","path":[[570,844],[690,910]]}],"errors":[]}}
saved /Users/sameeprehlan/Documents/Projects/visuals/livewall/shots/pets-shared/cats/day-f06.png
result: {"errors":[],"report":{"time":5.533333333333327,"phase":1,"bad":[],"screen":[[383.62835018262297,544.0048555530657,581.3419822229246,699.4871731303315]],"pets":[{"id":"orange","x":653.4301369593343,"y":889.8865753276338,"k":1.291570158045144,"state":"move","frame":"walk-f-8","path":[[570,844],[690,910]]}],"errors":[]}}
saved /Users/sameeprehlan/Documents/Projects/visuals/livewall/shots/pets-shared/cats/day-f07.png
result: {"errors":[],"report":{"time":7.333333333333311,"phase":2,"bad":[],"screen":[[430.78691723201683,547.25182400562,617.3064302672447,703.5984412758924]],"pets":[{"id":"orange","x":708.251885695013,"y":893.9614628677426,"k":1.2959584984729535,"state":"move","frame":"walk-b-4","path":[[690,904],[810,838]]}],"errors":[]}}
saved /Users/sameeprehlan/Documents/Projects/visuals/livewall/shots/pets-shared/cats/day-f08.png
result: {"errors":[],"report":{"time":7.8333333333333055,"phase":2,"bad":[],"screen":[[452.1414879975779,537.1798422553744,638.287099696216,692.1475870284619]],"pets":[{"id":"orange","x":735.3469884774391,"y":879.0591563374082,"k":1.279909860671055,"state":"move","frame":"walk-b-1","path":[[690,904],[810,838]]}],"errors":[]}}
saved /Users/sameeprehlan/Documents/Projects/visuals/livewall/shots/pets-shared/cats/day-f09.png
result: {"errors":[],"report":{"time":8.533333333333312,"phase":2,"bad":[],"screen":[[477.37031172221856,525.509018656361,663.0928682647548,678.5751116815942]],"pets":[{"id":"orange","x":772.7148014330929,"y":858.5068592117989,"k":1.2577766176127065,"state":"move","frame":"walk-b-7","path":[[690,904],[810,838]]}],"errors":[]}}
saved /Users/sameeprehlan/Documents/Projects/visuals/livewall/shots/pets-shared/cats/day-f10.png
result: {"errors":[],"report":{"time":10.100000000000007,"phase":3,"bad":[],"screen":[[899.6999059090908,570.9815436827458,1080.300094090909,680.5821538461539]],"pets":[{"id":"orange","x":1320,"y":864,"k":1.2636923076923077,"state":"jumpPrep","frame":"jump-1"}],"errors":[]}}
saved /Users/sameeprehlan/Documents/Projects/visuals/livewall/shots/pets-shared/cats/day-f11.png
result: {"errors":[],"report":{"time":10.36666666666668,"phase":3,"bad":[],"screen":[[902.237262160125,517.4414820664596,1089.81093061096,674.215635226157]],"pets":[{"id":"orange","x":1328.0321285140567,"y":864,"k":1.2636923076923077,"state":"jump","frame":"jump-2"}],"errors":[]}}
saved /Users/sameeprehlan/Documents/Projects/visuals/livewall/shots/pets-shared/cats/day-f12.png
result: {"errors":[],"report":{"time":10.63333333333335,"phase":3,"bad":[],"screen":[[948.7892143576357,517.0247241976319,1139.6445205821256,661.0825309844166]],"pets":[{"id":"orange","x":1392.2891566265075,"y":864,"k":1.2636923076923077,"state":"jump","frame":"jump-4"}],"errors":[]}}
saved /Users/sameeprehlan/Documents/Projects/visuals/livewall/shots/pets-shared/cats/day-f13.png
result: {"errors":[],"report":{"time":10.900000000000022,"phase":3,"bad":[],"screen":[[969.3672445269017,570.5713389610389,1160.6327554730983,680.5821538461539]],"pets":[{"id":"orange","x":1420,"y":864,"k":1.2636923076923077,"state":"land","frame":"jump-5"}],"errors":[]}}
saved /Users/sameeprehlan/Documents/Projects/visuals/livewall/shots/pets-shared/cats/day-f14.png
result: {"errors":[],"report":{"time":11.700000000000037,"phase":4,"bad":[],"screen":[[322.2131064288227,493.65819075273623,481.3695058034039,665.4529230769231]],"pets":[{"id":"orange","x":540,"y":844,"k":1.2421538461538462,"state":"jumpPrep","frame":"jump-f-1"}],"errors":[]}}
saved /Users/sameeprehlan/Documents/Projects/visuals/livewall/shots/pets-shared/cats/day-f15.png
result: {"errors":[],"report":{"time":12.033333333333376,"phase":4,"bad":[],"screen":[[351.8261437108789,485.2093904849138,524.1074287007536,659.892726794828]],"pets":[{"id":"orange","x":587.7765527379648,"y":870.2771040058807,"k":1.2704522658524868,"state":"jump","frame":"jump-f-3"}],"errors":[]}}
saved /Users/sameeprehlan/Documents/Projects/visuals/livewall/shots/pets-shared/cats/day-f16.png
result: {"errors":[],"report":{"time":12.300000000000047,"phase":4,"bad":[],"screen":[[388.94318979559415,529.2175050256868,552.8277553528869,707.0583076923077]],"pets":[{"id":"orange","x":640,"y":899,"k":1.3013846153846154,"state":"land","frame":"jump-f-5"}],"errors":[]}}
saved /Users/sameeprehlan/Documents/Projects/visuals/livewall/shots/pets-shared/cats/day-f17.png
result: {"errors":[],"report":{"time":13.200000000000063,"phase":5,"bad":[],"screen":[[360.90796163014585,533.4698237578413,514.9906620184761,710.8406153846154]],"pets":[{"id":"orange","x":600,"y":904,"k":1.3067692307692307,"state":"jumpPrep","frame":"jump-b-1"}],"errors":[]}}
saved /Users/sameeprehlan/Documents/Projects/visuals/livewall/shots/pets-shared/cats/day-f18.png
result: {"errors":[],"report":{"time":13.533333333333402,"phase":5,"bad":[],"screen":[[393.5555982462431,479.729842322752,552.9189590626487,654.4546126046033]],"pets":[{"id":"orange","x":644.1014332965827,"y":879.7442116868795,"k":1.2806476125858701,"state":"jump","frame":"jump-b-3"}],"errors":[]}}
saved /Users/sameeprehlan/Documents/Projects/visuals/livewall/shots/pets-shared/cats/day-f19.png
result: {"errors":[],"report":{"time":13.800000000000075,"phase":5,"bad":[],"screen":[[439.45819284433037,497.86429254206917,593.3459275849457,669.2352307692308]],"pets":[{"id":"orange","x":700,"y":849,"k":1.2475384615384615,"state":"land","frame":"jump-b-5"}],"errors":[]}}
saved /Users/sameeprehlan/Documents/Projects/visuals/livewall/shots/pets-shared/cats/day-f20.png
result: {"errors":[],"report":{"time":14.700000000000092,"phase":6,"bad":[],"screen":[[305.56817197877297,420.17949716220255,446.0823171545172,578.4598461538462]],"pets":[{"id":"orange","x":487.35,"y":729,"k":1.1183076923076924,"state":"jumpPrep","frame":"jump-b-1"}],"errors":[]}}
saved /Users/sameeprehlan/Documents/Projects/visuals/livewall/shots/pets-shared/cats/day-f21.png
result: {"errors":[],"report":{"time":15.033333333333431,"phase":6,"bad":[],"screen":[[289.5435299441303,321.8806661645613,433.1469057480242,476.0298397818525]],"pets":[{"id":"orange","x":470.75593237917406,"y":669.6762082555473,"k":1.0775245799626625,"state":"jump","frame":"jump-b-3"}],"errors":[]}}
saved /Users/sameeprehlan/Documents/Projects/visuals/livewall/shots/pets-shared/cats/day-f22.png
result: {"errors":[],"report":{"time":15.300000000000102,"phase":6,"bad":[],"screen":[[270.5687649997656,319.425290668603,409.23790650894864,468.0662304534244]],"pets":[{"id":"orange","x":448.63050888473964,"y":590.5778192629441,"k":1.0231470968359562,"state":"jump","frame":"jump-b-4"}],"errors":[]}}
saved /Users/sameeprehlan/Documents/Projects/visuals/livewall/shots/pets-shared/cats/day-f23.png
result: {"errors":[],"report":{"time":16.20000000000012,"phase":7,"bad":[],"screen":[[209.54817106331313,458.43206611570247,381.6452785013297,574.6775384615385],[401.23809261030806,547.1292588429752,570.2749512474927,668.7845809230769]],"pets":[{"id":"orange","x":402.464738461539,"y":724,"k":1.112923076923077,"state":"move","frame":"walk-2","path":[[390,724],[650,724]]},{"id":"black","x":636.5887822769223,"y":848.8,"k":1.1974301538461538,"state":"move","frame":"walk-2","path":[[650,848.8],[390,848.8]]}],"errors":[]}}
saved /Users/sameeprehlan/Documents/Projects/visuals/livewall/shots/pets-shared/cats/day-f24.png
result: {"errors":[],"report":{"time":18.100000000000048,"phase":7,"bad":[],"screen":[[282.6063990675393,459.7772314049587,454.2551180758038,574.6775384615385],[319.2866633637675,546.669187709485,488.32352200095204,668.7845809230769]],"pets":[{"id":"orange","x":503.96332307692114,"y":724,"k":1.112923076923077,"state":"move","frame":"walk-5","path":[[390,724],[650,724]]},{"id":"black","x":527.3831522461572,"y":848.8,"k":1.1974301538461538,"state":"move","frame":"walk-6","path":[[650,848.8],[390,848.8]]}],"errors":[]}}
saved /Users/sameeprehlan/Documents/Projects/visuals/livewall/shots/pets-shared/cats/day-f25.png
result: {"errors":[],"report":{"time":21.09999999999994,"phase":7,"bad":[],"screen":[[396.7294677272728,458.1630330578513,566.2259222727273,574.6775384615385],[210.07419464727272,546.8397974214876,387.8849931927273,668.7845809230769]],"pets":[{"id":"orange","x":650,"y":724,"k":1.112923076923077,"state":"stand","frame":"walk1"},{"id":"black","x":390,"y":848.8,"k":1.1974301538461538,"state":"stand","frame":"walk1"}],"errors":[]}}
saved /Users/sameeprehlan/Documents/Projects/visuals/livewall/shots/pets-shared/cats/day-f26.png
result: {"errors":[],"report":{"time":25.099999999999795,"phase":7,"bad":[],"screen":[[396.7294677272728,458.1630330578513,566.2259222727273,574.6775384615385],[210.07419464727272,546.8397974214876,387.8849931927273,668.7845809230769]],"pets":[{"id":"orange","x":650,"y":724,"k":1.112923076923077,"state":"stand","frame":"walk1"},{"id":"black","x":390,"y":848.8,"k":1.1974301538461538,"state":"stand","frame":"walk1"}],"errors":[]}}
saved /Users/sameeprehlan/Documents/Projects/visuals/livewall/shots/pets-shared/cats/day-f27.png
result: {"errors":[],"report":{"time":28.599999999999667,"phase":8,"bad":[],"screen":[[249.19563024793388,636.762335093568,380.8043697520661,734.290923076923],[272.55643041322315,368.22982225073577,366.2635695867769,470.37520000000006],[686.7737621116751,434.30806476869327,810.2262378883249,527.2384],[418.40662781725894,479.51397060019553,511.5933721827412,582.4587261538461],[666.4673255879397,651.3480906423362,788.5326744120604,744.9868184615384]],"pets":[{"id":"orange","x":420,"y":935,"k":1.340153846153846,"state":"sleep","frame":"sleep"},{"id":"black","x":425.88,"y":586,"k":0.9792,"state":"sit","frame":"sit"},{"id":"grey","x":998,"y":660,"k":1.2064,"state":"sleep","frame":"sleep"},{"id":"calico","x":620,"y":735,"k":1.0347876923076924,"state":"sit","frame":"sit"},{"id":"siamese","x":970,"y":950,"k":1.2478030769230768,"state":"sleep","frame":"sleep"}],"errors":[]}}
saved /Users/sameeprehlan/Documents/Projects/visuals/livewall/shots/pets-shared/cats/day-f28.png
result: {"errors":[],"report":{"time":30.099999999999614,"phase":8,"bad":[],"screen":[[249.19563024793388,635.7343079189374,380.8043697520661,734.290923076923],[272.55643041322315,367.799602075428,366.2635695867769,470.37520000000006],[686.7737621116751,435.0464705576032,810.2262378883249,527.2384],[418.40662781725894,480.4491050808902,511.5933721827412,582.4587261538461],[666.4673255879397,650.9909383842356,788.5326744120604,744.9868184615384]],"pets":[{"id":"orange","x":420,"y":935,"k":1.340153846153846,"state":"sleep","frame":"sleep"},{"id":"black","x":425.88,"y":586,"k":0.9792,"state":"sit","frame":"sit"},{"id":"grey","x":998,"y":660,"k":1.2064,"state":"sleep","frame":"sleep"},{"id":"calico","x":620,"y":735,"k":1.0347876923076924,"state":"sit","frame":"sit"},{"id":"siamese","x":970,"y":950,"k":1.2478030769230768,"state":"sleep","frame":"sleep"}],"errors":[]}}
